Component: ARM Compiler 5.06 update 7 (build 960) Tool: armlink [4d3601]

==============================================================================

Section Cross References

    main.o(i.main) refers to _printf_pad.o(.text) for _printf_pre_padding
    main.o(i.main) refers to _printf_percent.o(.ARM.Collect$$_printf_percent$$00000000) for _printf_percent
    main.o(i.main) refers to _printf_x.o(.ARM.Collect$$_printf_percent$$0000000C) for _printf_x
    main.o(i.main) refers to _printf_hex_int.o(.text) for _printf_longlong_hex
    main.o(i.main) refers to _printf_d.o(.ARM.Collect$$_printf_percent$$00000009) for _printf_d
    main.o(i.main) refers to _printf_dec.o(.text) for _printf_int_dec
    main.o(i.main) refers to air001xx_hal.o(i.HAL_Init) for HAL_Init
    main.o(i.main) refers to pwm.o(i.PWM_Init) for PWM_Init
    main.o(i.main) refers to air001_core_board.o(i.BSP_USART_Config) for BSP_USART_Config
    main.o(i.main) refers to i2c.o(i.IIC_Init) for IIC_Init
    main.o(i.main) refers to mpu6050.o(i.MPU_Init) for MPU_Init
    main.o(i.main) refers to mpu6050_timer.o(i.Timer_init) for Timer_init
    main.o(i.main) refers to mpu6050.o(i.calcGyroOffsets) for calcGyroOffsets
    main.o(i.main) refers to bmp280.o(i.Bmp_Init) for Bmp_Init
    main.o(i.main) refers to bmp280_i2c.o(i.B_IIC_Init) for B_IIC_Init
    main.o(i.main) refers to bmp280.o(i.BMP280_ReadID) for BMP280_ReadID
    main.o(i.main) refers to noretval__2printf.o(.text) for __2printf
    main.o(i.main) refers to bmp280.o(i.BMP280_Get_Pressure) for BMP280_Get_Pressure
    air001xx_it.o(i.SysTick_Handler) refers to air001xx_hal.o(i.HAL_IncTick) for HAL_IncTick
    air001xx_it.o(i.TIM3_IRQHandler) refers to air001xx_hal_tim.o(i.HAL_TIM_IRQHandler) for HAL_TIM_IRQHandler
    air001xx_it.o(i.TIM3_IRQHandler) refers to mpu6050_timer.o(.bss) for TimHandle
    air001xx_it.o(i.USART2_IRQHandler) refers to air001xx_hal_uart.o(i.HAL_UART_IRQHandler) for HAL_UART_IRQHandler
    air001xx_it.o(i.USART2_IRQHandler) refers to usart.o(.bss) for UartHandle
    nrf24l01.o(i.NRF24L01_Check) refers to nrf24l01.o(i.W_SCK) for W_SCK
    nrf24l01.o(i.NRF24L01_Check) refers to nrf24l01.o(i.W_SS) for W_SS
    nrf24l01.o(i.NRF24L01_Check) refers to nrf24l01.o(i.W_CE) for W_CE
    nrf24l01.o(i.NRF24L01_Check) refers to nrf24l01.o(i.NRF24L01_Write_Buf) for NRF24L01_Write_Buf
    nrf24l01.o(i.NRF24L01_Check) refers to nrf24l01.o(i.NRF24L01_Read_Buf) for NRF24L01_Read_Buf
    nrf24l01.o(i.NRF24L01_GetRxBuf) refers to nrf24l01.o(i.NRF24L01_Read_Reg) for NRF24L01_Read_Reg
    nrf24l01.o(i.NRF24L01_GetRxBuf) refers to nrf24l01.o(i.NRF24L01_Write_Reg) for NRF24L01_Write_Reg
    nrf24l01.o(i.NRF24L01_GetRxBuf) refers to nrf24l01.o(i.W_CE) for W_CE
    nrf24l01.o(i.NRF24L01_GetRxBuf) refers to nrf24l01.o(i.NRF24L01_Read_Buf) for NRF24L01_Read_Buf
    nrf24l01.o(i.NRF24L01_GetRxBuf) refers to delay.o(i.Delay_us) for Delay_us
    nrf24l01.o(i.NRF24L01_Get_Value_Flag) refers to nrf24l01.o(i.R_IRQ) for R_IRQ
    nrf24l01.o(i.NRF24L01_Init) refers to nrf24l01.o(i.NRF24L01_Pin_Init) for NRF24L01_Pin_Init
    nrf24l01.o(i.NRF24L01_Init) refers to nrf24l01.o(i.NRF24L01_Check) for NRF24L01_Check
    nrf24l01.o(i.NRF24L01_Init) refers to nrf24l01.o(i.NRF24L01_RT_Init) for NRF24L01_RT_Init
    nrf24l01.o(i.NRF24L01_Pin_Init) refers to air001xx_hal_gpio.o(i.HAL_GPIO_Init) for HAL_GPIO_Init
    nrf24l01.o(i.NRF24L01_RT_Init) refers to nrf24l01.o(i.W_CE) for W_CE
    nrf24l01.o(i.NRF24L01_RT_Init) refers to nrf24l01.o(i.NRF24L01_Write_Reg) for NRF24L01_Write_Reg
    nrf24l01.o(i.NRF24L01_RT_Init) refers to nrf24l01.o(i.NRF24L01_Write_Buf) for NRF24L01_Write_Buf
    nrf24l01.o(i.NRF24L01_RT_Init) refers to nrf24l01.o(.constdata) for .constdata
    nrf24l01.o(i.NRF24L01_Read_Buf) refers to nrf24l01.o(i.W_SS) for W_SS
    nrf24l01.o(i.NRF24L01_Read_Buf) refers to nrf24l01.o(i.SPI_SwapByte) for SPI_SwapByte
    nrf24l01.o(i.NRF24L01_Read_Reg) refers to nrf24l01.o(i.W_SS) for W_SS
    nrf24l01.o(i.NRF24L01_Read_Reg) refers to nrf24l01.o(i.SPI_SwapByte) for SPI_SwapByte
    nrf24l01.o(i.NRF24L01_SendBuf) refers to nrf24l01.o(i.W_CE) for W_CE
    nrf24l01.o(i.NRF24L01_SendBuf) refers to nrf24l01.o(i.NRF24L01_Write_Reg) for NRF24L01_Write_Reg
    nrf24l01.o(i.NRF24L01_SendBuf) refers to delay.o(i.Delay_us) for Delay_us
    nrf24l01.o(i.NRF24L01_SendBuf) refers to nrf24l01.o(i.NRF24L01_SendTxBuf) for NRF24L01_SendTxBuf
    nrf24l01.o(i.NRF24L01_SendTxBuf) refers to nrf24l01.o(i.W_CE) for W_CE
    nrf24l01.o(i.NRF24L01_SendTxBuf) refers to nrf24l01.o(i.NRF24L01_Write_Buf) for NRF24L01_Write_Buf
    nrf24l01.o(i.NRF24L01_SendTxBuf) refers to nrf24l01.o(i.R_IRQ) for R_IRQ
    nrf24l01.o(i.NRF24L01_SendTxBuf) refers to nrf24l01.o(i.NRF24L01_Read_Reg) for NRF24L01_Read_Reg
    nrf24l01.o(i.NRF24L01_SendTxBuf) refers to nrf24l01.o(i.NRF24L01_Write_Reg) for NRF24L01_Write_Reg
    nrf24l01.o(i.NRF24L01_Write_Buf) refers to nrf24l01.o(i.W_SS) for W_SS
[...]
    .text                                    0x080015e8   Section        0  retnan.o(.text)
    .text                                    0x08001646   Section        0  __dczerorl.o(.text)
    i.$Sub$$main                             0x08001680   Section        0  system_air001xx.o(i.$Sub$$main)
    i.BMP280_GPIO_Config_IN                  0x080016b0   Section        0  bmp280_i2c.o(i.BMP280_GPIO_Config_IN)
    i.BMP280_GPIO_Config_OUT                 0x080016e8   Section        0  bmp280_i2c.o(i.BMP280_GPIO_Config_OUT)
    i.BMP280_Get_Pressure                    0x08001720   Section        0  bmp280.o(i.BMP280_Get_Pressure)
    i.BMP280_ReadID                          0x08001744   Section        0  bmp280.o(i.BMP280_ReadID)
    i.BMP280_Read_Byte                       0x0800174e   Section        0  bmp280.o(i.BMP280_Read_Byte)
    BMP280_Read_Byte                         0x0800174f   Thumb Code    58  bmp280.o(i.BMP280_Read_Byte)
    i.BMP280_Set_Standby_FILTER              0x08001788   Section        0  bmp280.o(i.BMP280_Set_Standby_FILTER)
    i.BMP280_Set_TemOversamp                 0x080017a2   Section        0  bmp280.o(i.BMP280_Set_TemOversamp)
    i.BMP280_Write_Byte                      0x080017bc   Section        0  bmp280.o(i.BMP280_Write_Byte)
    BMP280_Write_Byte                        0x080017bd   Thumb Code    46  bmp280.o(i.BMP280_Write_Byte)
    i.BSP_USART_Config                       0x080017ec   Section        0  air001_core_board.o(i.BSP_USART_Config)
    i.B_IIC_Ack                              0x08001884   Section        0  bmp280_i2c.o(i.B_IIC_Ack)
    i.B_IIC_Init                             0x080018c8   Section        0  bmp280_i2c.o(i.B_IIC_Init)
    i.B_IIC_NAck                             0x08001914   Section        0  bmp280_i2c.o(i.B_IIC_NAck)
    i.B_IIC_Read_Byte                        0x08001958   Section        0  bmp280_i2c.o(i.B_IIC_Read_Byte)
    i.B_IIC_Send_Byte                        0x080019b8   Section        0  bmp280_i2c.o(i.B_IIC_Send_Byte)
    i.B_IIC_Start                            0x08001a34   Section        0  bmp280_i2c.o(i.B_IIC_Start)
    i.B_IIC_Stop                             0x08001a78   Section        0  bmp280_i2c.o(i.B_IIC_Stop)
    i.B_IIC_Wait_Ack                         0x08001abc   Section        0  bmp280_i2c.o(i.B_IIC_Wait_Ack)
    i.Bmp_Init                               0x08001b14   Section        0  bmp280.o(i.Bmp_Init)
    i.Delay_ms                               0x08001c54   Section        0  delay.o(i.Delay_ms)
    i.Delay_us                               0x08001c6c   Section        0  delay.o(i.Delay_us)
    i.Error_Handler                          0x08001c8c   Section        0  mpu6050_timer.o(i.Error_Handler)
    i.HAL_DMA_Abort_IT                       0x08001c90   Section        0  air001xx_hal_dma.o(i.HAL_DMA_Abort_IT)
    i.HAL_GPIO_Init                          0x08001cf4   Section        0  air001xx_hal_gpio.o(i.HAL_GPIO_Init)
    i.HAL_GPIO_ReadPin                       0x08001e08   Section        0  air001xx_hal_gpio.o(i.HAL_GPIO_ReadPin)
    i.HAL_GPIO_WritePin                      0x08001e16   Section        0  air001xx_hal_gpio.o(i.HAL_GPIO_WritePin)
    i.HAL_GetTick                            0x08001e24   Section        0  air001xx_hal.o(i.HAL_GetTick)
    i.HAL_IncTick                            0x08001e30   Section        0  air001xx_hal.o(i.HAL_IncTick)
    i.HAL_Init                               0x08001e40   Section        0  air001xx_hal.o(i.HAL_Init)
    i.HAL_InitTick                           0x08001e5c   Section        0  air001xx_hal.o(i.HAL_InitTick)
    i.HAL_MspInit                            0x08001eac   Section        0  air001xx_hal.o(i.HAL_MspInit)
    i.HAL_NVIC_EnableIRQ                     0x08001eb0   Section        0  air001xx_hal_cortex.o(i.HAL_NVIC_EnableIRQ)
    i.HAL_NVIC_SetPriority                   0x08001ec8   Section        0  air001xx_hal_cortex.o(i.HAL_NVIC_SetPriority)
    i.HAL_RCC_GetHCLKFreq                    0x08001ed0   Section        0  air001xx_hal_rcc.o(i.HAL_RCC_GetHCLKFreq)
    i.HAL_RCC_GetPCLK1Freq                   0x08001edc   Section        0  air001xx_hal_rcc.o(i.HAL_RCC_GetPCLK1Freq)
    i.HAL_SYSTICK_Config                     0x08001f00   Section        0  air001xx_hal_cortex.o(i.HAL_SYSTICK_Config)
    i.HAL_TIMEx_BreakCallback                0x08001f30   Section        0  air001xx_hal_tim_ex.o(i.HAL_TIMEx_BreakCallback)
    i.HAL_TIMEx_CommutCallback               0x08001f32   Section        0  air001xx_hal_tim_ex.o(i.HAL_TIMEx_CommutCallback)
    i.HAL_TIM_Base_Init                      0x08001f34   Section        0  air001xx_hal_tim.o(i.HAL_TIM_Base_Init)
    i.HAL_TIM_Base_MspInit                   0x08001f6a   Section        0  air001xx_hal_tim.o(i.HAL_TIM_Base_MspInit)
    i.HAL_TIM_Base_Start_IT                  0x08001f6c   Section        0  air001xx_hal_tim.o(i.HAL_TIM_Base_Start_IT)
    i.HAL_TIM_IC_CaptureCallback             0x08001f8c   Section        0  air001xx_hal_tim.o(i.HAL_TIM_IC_CaptureCallback)
    i.HAL_TIM_IRQHandler                     0x08001f90   Section        0  air001xx_hal_tim.o(i.HAL_TIM_IRQHandler)
    i.HAL_TIM_OC_DeInit                      0x08002130   Section        0  air001xx_hal_tim.o(i.HAL_TIM_OC_DeInit)
    i.HAL_TIM_OC_DelayElapsedCallback        0x08002164   Section        0  air001xx_hal_tim.o(i.HAL_TIM_OC_DelayElapsedCallback)
    i.HAL_TIM_OC_Init                        0x08002166   Section        0  air001xx_hal_tim.o(i.HAL_TIM_OC_Init)
    i.HAL_TIM_OC_MspDeInit                   0x0800219c   Section        0  air001xx_hal_tim.o(i.HAL_TIM_OC_MspDeInit)
    i.HAL_TIM_OC_MspInit                     0x0800219e   Section        0  air001xx_hal_tim.o(i.HAL_TIM_OC_MspInit)
    i.HAL_TIM_OC_Start                       0x080021a0   Section        0  air001xx_hal_tim.o(i.HAL_TIM_OC_Start)
    i.HAL_TIM_PWM_ConfigChannel              0x080021f0   Section        0  air001xx_hal_tim.o(i.HAL_TIM_PWM_ConfigChannel)
    i.HAL_TIM_PWM_Init                       0x080022d0   Section        0  air001xx_hal_tim.o(i.HAL_TIM_PWM_Init)
    i.HAL_TIM_PWM_MspInit                    0x08002306   Section        0  air001xx_hal_tim.o(i.HAL_TIM_PWM_MspInit)
    i.HAL_TIM_PWM_PulseFinishedCallback      0x08002308   Section        0  air001xx_hal_tim.o(i.HAL_TIM_PWM_PulseFinishedCallback)
    i.HAL_TIM_PWM_Start                      0x0800230c   Section        0  air001xx_hal_tim.o(i.HAL_TIM_PWM_Start)
    i.HAL_TIM_PeriodElapsedCallback          0x0800235c   Section        0  air001xx_hal_tim.o(i.HAL_TIM_PeriodElapsedCallback)
    i.HAL_TIM_TriggerCallback                0x0800235e   Section        0  air001xx_hal_tim.o(i.HAL_TIM_TriggerCallback)
    i.HAL_UART_ErrorCallback                 0x08002360   Section        0  air001xx_hal_uart.o(i.HAL_UART_ErrorCallback)
    i.HAL_UART_IRQHandler                    0x08002364   Section        0  air001xx_hal_uart.o(i.HAL_UART_IRQHandler)
    i.HAL_UART_Init                          0x08002474   Section        0  air001xx_hal_uart.o(i.HAL_UART_Init)
    i.HAL_UART_MspInit                       0x080024e2   Section        0  air001xx_hal_uart.o(i.HAL_UART_MspInit)
    i.HAL_UART_RxCpltCallback                0x080024e4   Section        0  air001xx_hal_uart.o(i.HAL_UART_RxCpltCallback)
    i.HAL_UART_Transmit                      0x080024e6   Section        0  air001xx_hal_uart.o(i.HAL_UART_Transmit)
    i.HAL_UART_TxCpltCallback                0x080025c0   Section        0  air001xx_hal_uart.o(i.HAL_UART_TxCpltCallback)
    i.HardFault_Handler                      0x080025c2   Section        0  air001xx_it.o(i.HardFault_Handler)
    i.IIC_Ack                                0x080025c4   Section        0  i2c.o(i.IIC_Ack)
    i.IIC_Init                               0x08002608   Section        0  i2c.o(i.IIC_Init)
    i.IIC_NAck                               0x08002654   Section        0  i2c.o(i.IIC_NAck)
    i.IIC_Read_Byte                          0x08002698   Section        0  i2c.o(i.IIC_Read_Byte)
    i.IIC_Send_Byte                          0x080026f8   Section        0  i2c.o(i.IIC_Send_Byte)
    i.IIC_Start                              0x08002774   Section        0  i2c.o(i.IIC_Start)
    i.IIC_Stop                               0x080027b8   Section        0  i2c.o(i.IIC_Stop)
    i.IIC_Wait_Ack                           0x080027fc   Section        0  i2c.o(i.IIC_Wait_Ack)
    i.MPU6050_GPIO_Config_IN                 0x08002854   Section        0  i2c.o(i.MPU6050_GPIO_Config_IN)
    i.MPU6050_GPIO_Config_OUT                0x0800288c   Section        0  i2c.o(i.MPU6050_GPIO_Config_OUT)
    i.MPU_Get_Accelerometer                  0x080028c4   Section        0  mpu6050.o(i.MPU_Get_Accelerometer)
    i.MPU_Get_Gyroscope                      0x08002902   Section        0  mpu6050.o(i.MPU_Get_Gyroscope)
    i.MPU_Get_Temperature                    0x08002940   Section        0  mpu6050.o(i.MPU_Get_Temperature)
    i.MPU_Init                               0x08002990   Section        0  mpu6050.o(i.MPU_Init)
    i.MPU_Read_Len                           0x080029f8   Section        0  mpu6050.o(i.MPU_Read_Len)
    i.MPU_Write_Byte                         0x08002a62   Section        0  mpu6050.o(i.MPU_Write_Byte)
    i.NMI_Handler                            0x08002ab0   Section        0  air001xx_it.o(i.NMI_Handler)
    i.PWM_Init                               0x08002ab4   Section        0  pwm.o(i.PWM_Init)
    i.PendSV_Handler                         0x08002c74   Section        0  air001xx_it.o(i.PendSV_Handler)
    i.SVC_Handler                            0x08002c76   Section        0  air001xx_it.o(i.SVC_Handler)
    i.SysTick_Handler                        0x08002c78   Section        0  air001xx_it.o(i.SysTick_Handler)
    i.SystemInit                             0x08002c80   Section        0  system_air001xx.o(i.SystemInit)
    i.TIM3_IRQHandler                        0x08002cac   Section        0  air001xx_it.o(i.TIM3_IRQHandler)
    i.TIM_Base_SetConfig                     0x08002cbc   Section        0  air001xx_hal_tim.o(i.TIM_Base_SetConfig)
    i.TIM_CCxChannelCmd                      0x08002d38   Section        0  air001xx_hal_tim.o(i.TIM_CCxChannelCmd)
    i.TIM_OC1_SetConfig                      0x08002d54   Section        0  air001xx_hal_tim.o(i.TIM_OC1_SetConfig)
    TIM_OC1_SetConfig                        0x08002d55   Thumb Code   112  air001xx_hal_tim.o(i.TIM_OC1_SetConfig)
    i.TIM_OC2_SetConfig                      0x08002dd0   Section        0  air001xx_hal_tim.o(i.TIM_OC2_SetConfig)
    i.TIM_OC3_SetConfig                      0x08002e50   Section        0  air001xx_hal_tim.o(i.TIM_OC3_SetConfig)
    TIM_OC3_SetConfig                        0x08002e51   Thumb Code   114  air001xx_hal_tim.o(i.TIM_OC3_SetConfig)
    i.TIM_OC4_SetConfig                      0x08002ed0   Section        0  air001xx_hal_tim.o(i.TIM_OC4_SetConfig)
    TIM_OC4_SetConfig                        0x08002ed1   Thumb Code    92  air001xx_hal_tim.o(i.TIM_OC4_SetConfig)
    i.Timer_init                             0x08002f38   Section        0  mpu6050_timer.o(i.Timer_init)
    i.UART_AdvFeatureConfig                  0x08002fa0   Section        0  air001xx_hal_uart.o(i.UART_AdvFeatureConfig)
    UART_AdvFeatureConfig                    0x08002fa1   Thumb Code    48  air001xx_hal_uart.o(i.UART_AdvFeatureConfig)
    i.UART_DMAAbortOnError                   0x08002fd0   Section        0  air001xx_hal_uart.o(i.UART_DMAAbortOnError)
    UART_DMAAbortOnError                     0x08002fd1   Thumb Code    16  air001xx_hal_uart.o(i.UART_DMAAbortOnError)
    i.UART_EndRxTransfer                     0x08002fe0   Section        0  air001xx_hal_uart.o(i.UART_EndRxTransfer)
    UART_EndRxTransfer                       0x08002fe1   Thumb Code    30  air001xx_hal_uart.o(i.UART_EndRxTransfer)
    i.UART_EndTransmit_IT                    0x08002ffe   Section        0  air001xx_hal_uart.o(i.UART_EndTransmit_IT)
    UART_EndTransmit_IT                      0x08002fff   Thumb Code    26  air001xx_hal_uart.o(i.UART_EndTransmit_IT)
    i.UART_Receive_IT                        0x08003018   Section        0  air001xx_hal_uart.o(i.UART_Receive_IT)
    UART_Receive_IT                          0x08003019   Thumb Code   122  air001xx_hal_uart.o(i.UART_Receive_IT)
    i.UART_SetConfig                         0x08003094   Section        0  air001xx_hal_uart.o(i.UART_SetConfig)
    UART_SetConfig                           0x08003095   Thumb Code   198  air001xx_hal_uart.o(i.UART_SetConfig)
    i.UART_Transmit_IT                       0x08003160   Section        0  air001xx_hal_uart.o(i.UART_Transmit_IT)
    UART_Transmit_IT                         0x08003161   Thumb Code   100  air001xx_hal_uart.o(i.UART_Transmit_IT)
    i.UART_WaitOnFlagUntilTimeout            0x080031c4   Section        0  air001xx_hal_uart.o(i.UART_WaitOnFlagUntilTimeout)
    UART_WaitOnFlagUntilTimeout              0x080031c5   Thumb Code    98  air001xx_hal_uart.o(i.UART_WaitOnFlagUntilTimeout)
    i.USART2_IRQHandler                      0x08003228   Section        0  air001xx_it.o(i.USART2_IRQHandler)
    i.__ARM_fpclassify                       0x08003238   Section        0  fpclassify.o(i.__ARM_fpclassify)
    i.__NVIC_SetPriority                     0x08003264   Section        0  air001xx_hal_cortex.o(i.__NVIC_SetPriority)
    __NVIC_SetPriority                       0x08003265   Thumb Code    60  air001xx_hal_cortex.o(i.__NVIC_SetPriority)
    i.__kernel_poly                          0x080032a8   Section        0  poly.o(i.__kernel_poly)
    i.__mathlib_dbl_infnan                   0x08003354   Section        0  dunder.o(i.__mathlib_dbl_infnan)
    i.__mathlib_dbl_infnan2                  0x0800335e   Section        0  dunder.o(i.__mathlib_dbl_infnan2)
    i.__mathlib_dbl_underflow                0x08003368   Section        0  dunder.o(i.__mathlib_dbl_underflow)
    i._is_digit                              0x0800337c   Section        0  __printf_wp.o(i._is_digit)
    i._sys_exit                              0x0800338a   Section        0  air001_core_board.o(i._sys_exit)
    i.atan                                   0x0800338c   Section        0  atan.o(i.atan)
    i.atan2                                  0x080035a8   Section        0  atan2.o(i.atan2)
    i.calcGyroOffsets                        0x08003744   Section        0  mpu6050.o(i.calcGyroOffsets)
    i.fputc                                  0x08003824   Section        0  air001_core_board.o(i.fputc)
    i.main                                   0x0800383c   Section        0  main.o(i.main)
    i.mpu_update                             0x080038a0   Section        0  mpu6050.o(i.mpu_update)
    x$fpl$deqf                               0x08003b70   Section      100  deqf.o(x$fpl$deqf)
    x$fpl$fadd                               0x08003bd4   Section      140  faddsub.o(x$fpl$fadd)
    _fadd1                                   0x08003be1   Thumb Code     0  faddsub.o(x$fpl$fadd)
    x$fpl$fmul                               0x08003c60   Section      176  fmul.o(x$fpl$fmul)
    x$fpl$fsub                               0x08003d10   Section      208  faddsub.o(x$fpl$fsub)
    _fsub1                                   0x08003d1d   Thumb Code     0  faddsub.o(x$fpl$fsub)
    .constdata                               0x08003de0   Section       60  i2c.o(.constdata)
    x$fpl$usenofp                            0x08003de0   Section        0  usenofp.o(x$fpl$usenofp)
    .constdata                               0x08003e1c   Section       60  bmp280_i2c.o(.constdata)
    .constdata                               0x08003e58   Section       32  system_air001xx.o(.constdata)
    .constdata                               0x08003e78   Section       40  _printf_hex_int.o(.constdata)
    uc_hextab                                0x08003e78   Data          20  _printf_hex_int.o(.constdata)
    lc_hextab                                0x08003e8c   Data          20  _printf_hex_int.o(.constdata)
    .constdata                               0x08003ea0   Section       17  __printf_flags_ss_wp.o(.constdata)
    maptable                                 0x08003ea0   Data          17  __printf_flags_ss_wp.o(.constdata)
    .constdata                               0x08003eb1   Section      128  ddiv.o(.constdata)
    ddiv_reciptbl                            0x08003eb1   Data         128  ddiv.o(.constdata)
    .constdata                               0x08003f31   Section       64  fdiv.o(.constdata)
    fdiv_tab                                 0x08003f31   Data          64  fdiv.o(.constdata)
    .constdata                               0x08003f78   Section      152  atan.o(.constdata)
    atanhi                                   0x08003f78   Data          32  atan.o(.constdata)
    atanlo                                   0x08003f98   Data          32  atan.o(.constdata)
    aTodd                                    0x08003fb8   Data          40  atan.o(.constdata)
    aTeven                                   0x08003fe0   Data          48  atan.o(.constdata)
    .constdata                               0x08004010   Section        8  qnan.o(.constdata)
    .ARM.__at_0x20000000                     0x20000000   Section      192  system_air001xx.o(.ARM.__at_0x20000000)
    .data                                    0x200000c0   Section        2  main.o(.data)
    .data                                    0x200000c2   Section        2  main.o(.data)
    .data                                    0x200000c4   Section        2  main.o(.data)
    .data                                    0x200000c6   Section        2  main.o(.data)
    .data                                    0x200000c8   Section        2  main.o(.data)
    .data                                    0x200000ca   Section        2  main.o(.data)
    .data                                    0x200000cc   Section        4  main.o(.data)
    .data                                    0x200000d0   Section        4  main.o(.data)
    .data                                    0x200000d4   Section        4  main.o(.data)
    .data                                    0x200000d8   Section        4  main.o(.data)
    .data                                    0x200000dc   Section        4  main.o(.data)
    .data                                    0x200000e0   Section        4  main.o(.data)
    .data                                    0x200000e4   Section        4  main.o(.data)
    .data                                    0x200000e8   Section        4  main.o(.data)
    .data                                    0x200000ec   Section        4  main.o(.data)
    .data                                    0x200000f0   Section        4  main.o(.data)
    .data                                    0x200000f4   Section        4  main.o(.data)
    .data                                    0x200000f8   Section        4  main.o(.data)
    .data                                    0x200000fc   Section        4  main.o(.data)
    .data                                    0x20000100   Section        4  main.o(.data)
    .data                                    0x20000104   Section        4  main.o(.data)
    .data                                    0x20000108   Section        4  main.o(.data)
    .data                                    0x2000010c   Section        4  main.o(.data)
    .data                                    0x20000110   Section        4  main.o(.data)
    .data                                    0x20000114   Section        4  main.o(.data)
    .data                                    0x20000118   Section       16  mpu6050.o(.data)
    .data                                    0x20000128   Section        4  air001_core_board.o(.data)
    .data                                    0x2000012c   Section        4  bmp280.o(.data)
    .data                                    0x20000130   Section       12  air001xx_hal.o(.data)
    .data                                    0x2000013c   Section        4  system_air001xx.o(.data)
    .bss                                     0x20000140   Section       76  usart.o(.bss)
    .bss                                     0x2000018c   Section       76  air001_core_board.o(.bss)
    .bss                                     0x200001d8   Section       64  mpu6050_timer.o(.bss)
    .bss                                     0x20000218   Section       24  bmp280.o(.bss)
    .bss                                     0x20000230   Section       96  libspace.o(.bss)
    HEAP                                     0x20000290   Section      512  startup_air001_dev.o(HEAP)
    Heap_Mem                                 0x20000290   Data         512  startup_air001_dev.o(HEAP)
    STACK                                    0x20000490   Section     1024  startup_air001_dev.o(STACK)
    Stack_Mem                                0x20000490   Data        1024  startup_air001_dev.o(STACK)
    __initial_sp                             0x20000890   Data           0  startup_air001_dev.o(STACK)

    Global Symbols

    Symbol Name                              Value     Ov Type        Size  Object(Section)

    BuildAttributes$$THM_ISAv3M$S$PE$A:L22$X:L11$S22$IEEE1$IW$USESV6$~STKCKD$USESV7$~SHL$OTIME$ROPI$IEEEX$EBA8$UX$STANDARDLIB$REQ8$PRES8$EABIv2 0x00000000   Number         0  anon$$obj.o ABSOLUTE
    __ARM_use_no_argv                        0x00000000   Number         0  main.o ABSOLUTE
    _printf_flags                            0x00000000   Number         0  printf_stubs.o ABSOLUTE
    _printf_return_value                     0x00000000   Number         0  printf_stubs.o ABSOLUTE
    _printf_sizespec                         0x00000000   Number         0  printf_stubs.o ABSOLUTE
    _printf_widthprec                        0x00000000   Number         0  printf_stubs.o ABSOLUTE
    __ARM_exceptions_init                     - Undefined Weak Reference
    __alloca_initialize                       - Undefined Weak Reference
    __arm_fini_                               - Undefined Weak Reference
    __arm_preinit_                            - Undefined Weak Reference
    __cpp_initialize__aeabi_                  - Undefined Weak Reference
    __cxa_finalize                            - Undefined Weak Reference
    __rt_locale                               - Undefined Weak Reference
    __sigvec_lookup                           - Undefined Weak Reference
    _atexit_init                              - Undefined Weak Reference
    _call_atexit_fns                          - Undefined Weak Reference
    _clock_init                               - Undefined Weak Reference
    _fp_trap_init                             - Undefined Weak Reference
    _fp_trap_shutdown                         - Undefined Weak Reference
    _get_lc_collate                           - Undefined Weak Reference
    _get_lc_ctype                             - Undefined Weak Reference
    _get_lc_monetary                          - Undefined Weak Reference
    _get_lc_numeric                           - Undefined Weak Reference
    _get_lc_time                              - Undefined Weak Reference
    _getenv_init                              - Undefined Weak Reference
    _handle_redirection                       - Undefined Weak Reference
    _init_alloc                               - Undefined Weak Reference
    _init_user_alloc                          - Undefined Weak Reference
    _initio                                   - Undefined Weak Reference
    _mutex_acquire                            - Undefined Weak Reference
    _mutex_release                            - Undefined Weak Reference
    _printf_truncate_signed                   - Undefined Weak Reference
    _printf_truncate_unsigned                 - Undefined Weak Reference
    _rand_init                                - Undefined Weak Reference
    _signal_finish                            - Undefined Weak Reference
    _signal_init                              - Undefined Weak Reference
    _terminate_alloc                          - Undefined Weak Reference
    _terminate_user_alloc                     - Undefined Weak Reference
    _terminateio                              - Undefined Weak Reference
    __Vectors_Size                           0x000000c0   Number         0  startup_air001_dev.o ABSOLUTE
    __Vectors                                0x08000000   Data           4  startup_air001_dev.o(RESET)
    __Vectors_End                            0x080000c0   Data           0  startup_air001_dev.o(RESET)
    __main                                   0x080000c1   Thumb Code     8  __main.o(!!!main)
    __scatterload                            0x080000c9   Thumb Code     0  __scatter.o(!!!scatter)
    __scatterload_rt2                        0x080000c9   Thumb Code    52  __scatter.o(!!!scatter)
    __scatterload_rt2_thumb_only             0x080000c9   Thumb Code     0  __scatter.o(!!!scatter)
    __scatterload_null                       0x080000d9   Thumb Code     0  __scatter.o(!!!scatter)
    __scatterload_zeroinit                   0x08000105   Thumb Code    28  __scatter_zi.o(!!handler_zi)
    _printf_percent                          0x08000121   Thumb Code     0  _printf_percent.o(.ARM.Collect$$_printf_percent$$00000000)
    _printf_d                                0x08000123   Thumb Code     0  _printf_d.o(.ARM.Collect$$_printf_percent$$00000009)
    _printf_x                                0x0800012d   Thumb Code     0  _printf_x.o(.ARM.Collect$$_printf_percent$$0000000C)
    _printf_percent_end                      0x08000137   Thumb Code     0  _printf_percent_end.o(.ARM.Collect$$_printf_percent$$00000017)
    __rt_lib_init                            0x0800013b   Thumb Code     0  libinit.o(.ARM.Collect$$libinit$$00000000)
    __rt_lib_init_alloca_1                   0x0800013d   Thumb Code     0  libinit2.o(.ARM.Collect$$libinit$$0000002E)
    __rt_lib_init_argv_1                     0x0800013d   Thumb Code     0  libinit2.o(.ARM.Collect$$libinit$$0000002C)
    __rt_lib_init_atexit_1                   0x0800013d   Thumb Code     0  libinit2.o(.ARM.Collect$$libinit$$0000001B)
    __rt_lib_init_clock_1                    0x0800013d   Thumb Code     0  libinit2.o(.ARM.Collect$$libinit$$00000021)
    __rt_lib_init_cpp_1                      0x0800013d   Thumb Code     0  libinit2.o(.ARM.Collect$$libinit$$00000032)
    __rt_lib_init_exceptions_1               0x0800013d   Thumb Code     0  libinit2.o(.ARM.Collect$$libinit$$00000030)
    __rt_lib_init_fp_1                       0x0800013d   Thumb Code     0  libinit2.o(.ARM.Collect$$libinit$$00000002)
    __rt_lib_init_fp_trap_1                  0x0800013d   Thumb Code     0  libinit2.o(.ARM.Collect$$libinit$$0000001F)
    __rt_lib_init_getenv_1                   0x0800013d   Thumb Code     0  libinit2.o(.ARM.Collect$$libinit$$00000023)
    __rt_lib_init_heap_1                     0x0800013d   Thumb Code     0  libinit2.o(.ARM.Collect$$libinit$$0000000A)
    __rt_lib_init_lc_collate_1               0x0800013d   Thumb Code     0  libinit2.o(.ARM.Collect$$libinit$$00000011)
    __rt_lib_init_lc_ctype_1                 0x0800013d   Thumb Code     0  libinit2.o(.ARM.Collect$$libinit$$00000013)
    __rt_lib_init_lc_monetary_1              0x0800013d   Thumb Code     0  libinit2.o(.ARM.Collect$$libinit$$00000015)
    __rt_lib_init_lc_numeric_1               0x0800013d   Thumb Code     0  libinit2.o(.ARM.Collect$$libinit$$00000017)
    __rt_lib_init_lc_time_1                  0x0800013d   Thumb Code     0  libinit2.o(.ARM.Collect$$libinit$$00000019)
    __rt_lib_init_preinit_1                  0x0800013d   Thumb Code     0  libinit2.o(.ARM.Collect$$libinit$$00000004)
    __rt_lib_init_rand_1                     0x0800013d   Thumb Code     0  libinit2.o(.ARM.Collect$$libinit$$0000000E)
    __rt_lib_init_return                     0x0800013d   Thumb Code     0  libinit2.o(.ARM.Collect$$libinit$$00000033)
    __rt_lib_init_signal_1                   0x0800013d   Thumb Code     0  libinit2.o(.ARM.Collect$$libinit$$0000001D)
    __rt_lib_init_stdio_1                    0x0800013d   Thumb Code     0  libinit2.o(.ARM.Collect$$libinit$$00000025)
    __rt_lib_init_user_alloc_1               0x0800013d   Thumb Code     0  libinit2.o(.ARM.Collect$$libinit$$0000000C)
    __rt_lib_shutdown                        0x0800013f   Thumb Code     0  libshutdown.o(.ARM.Collect$$libshutdown$$00000000)
    __rt_lib_shutdown_cpp_1                  0x08000141   Thumb Code     0  libshutdown2.o(.ARM.Collect$$libshutdown$$00000004)
    __rt_lib_shutdown_fini_1                 0x08000141   Thumb Code     0  libshutdown2.o(.ARM.Collect$$libshutdown$$00000002)
    __rt_lib_shutdown_fp_trap_1              0x08000141   Thumb Code     0  libshutdown2.o(.ARM.Collect$$libshutdown$$00000009)
    __rt_lib_shutdown_heap_1                 0x08000141   Thumb Code     0  libshutdown2.o(.ARM.Collect$$libshutdown$$00000011)
    __rt_lib_shutdown_return                 0x08000141   Thumb Code     0  libshutdown2.o(.ARM.Collect$$libshutdown$$00000012)
    __rt_lib_shutdown_signal_1               0x08000141   Thumb Code     0  libshutdown2.o(.ARM.Collect$$libshutdown$$0000000C)
    __rt_lib_shutdown_stdio_1                0x08000141   Thumb Code     0  libshutdown2.o(.ARM.Collect$$libshutdown$$00000006)
    __rt_lib_shutdown_user_alloc_1           0x08000141   Thumb Code     0  libshutdown2.o(.ARM.Collect$$libshutdown$$0000000E)
    __rt_entry                               0x08000143   Thumb Code     0  __rtentry.o(.ARM.Collect$$rtentry$$00000000)
    __rt_entry_presh_1                       0x08000143   Thumb Code     0  __rtentry2.o(.ARM.Collect$$rtentry$$00000002)
    __rt_entry_sh                            0x08000143   Thumb Code     0  __rtentry4.o(.ARM.Collect$$rtentry$$00000004)
    __rt_entry_li                            0x08000149   Thumb Code     0  __rtentry2.o(.ARM.Collect$$rtentry$$0000000A)
    __rt_entry_postsh_1                      0x08000149   Thumb Code     0  __rtentry2.o(.ARM.Collect$$rtentry$$00000009)
    __rt_entry_main                          0x0800014d   Thumb Code     0  __rtentry2.o(.ARM.Collect$$rtentry$$0000000D)
    __rt_entry_postli_1                      0x0800014d   Thumb Code     0  __rtentry2.o(.ARM.Collect$$rtentry$$0000000C)
    __rt_exit                                0x08000155   Thumb Code     0  rtexit.o(.ARM.Collect$$rtexit$$00000000)
    __rt_exit_ls                             0x08000157   Thumb Code     0  rtexit2.o(.ARM.Collect$$rtexit$$00000003)
    __rt_exit_prels_1                        0x08000157   Thumb Code     0  rtexit2.o(.ARM.Collect$$rtexit$$00000002)
    __rt_exit_exit                           0x0800015b   Thumb Code     0  rtexit2.o(.ARM.Collect$$rtexit$$00000004)
    __aeabi_memcpy4                          0x08000161   Thumb Code    56  rt_memcpy.o(.emb_text)
    __aeabi_memcpy8                          0x08000161   Thumb Code     0  rt_memcpy.o(.emb_text)
    Reset_Handler                            0x08000199   Thumb Code     8  startup_air001_dev.o(.text)
    ADC_COMP_IRQHandler                      0x080001ab   Thumb Code     0  startup_air001_dev.o(.text)
    DMA1_Channel1_IRQHandler                 0x080001ab   Thumb Code     0  startup_air001_dev.o(.text)
    DMA1_Channel2_3_IRQHandler               0x080001ab   Thumb Code     0  startup_air001_dev.o(.text)
    EXTI0_1_IRQHandler                       0x080001ab   Thumb Code     0  startup_air001_dev.o(.text)
    EXTI2_3_IRQHandler                       0x080001ab   Thumb Code     0  startup_air001_dev.o(.text)
    EXTI4_15_IRQHandler                      0x080001ab   Thumb Code     0  startup_air001_dev.o(.text)
    FLASH_IRQHandler                         0x080001ab   Thumb Code     0  startup_air001_dev.o(.text)
    I2C1_IRQHandler                          0x080001ab   Thumb Code     0  startup_air001_dev.o(.text)
    LED_IRQHandler                           0x080001ab   Thumb Code     0  startup_air001_dev.o(.text)
    LPTIM1_IRQHandler                        0x080001ab   Thumb Code     0  startup_air001_dev.o(.text)
    PVD_IRQHandler                           0x080001ab   Thumb Code     0  startup_air001_dev.o(.text)
    RCC_IRQHandler                           0x080001ab   Thumb Code     0  startup_air001_dev.o(.text)
    RTC_IRQHandler                           0x080001ab   Thumb Code     0  startup_air001_dev.o(.text)
    SPI1_IRQHandler                          0x080001ab   Thumb Code     0  startup_air001_dev.o(.text)
    SPI2_IRQHandler                          0x080001ab   Thumb Code     0  startup_air001_dev.o(.text)
    TIM14_IRQHandler                         0x080001ab   Thumb Code     0  startup_air001_dev.o(.text)
    TIM16_IRQHandler                         0x080001ab   Thumb Code     0  startup_air001_dev.o(.text)
    TIM17_IRQHandler                         0x080001ab   Thumb Code     0  startup_air001_dev.o(.text)
    TIM1_BRK_UP_TRG_COM_IRQHandler           0x080001ab   Thumb Code     0  startup_air001_dev.o(.text)
    TIM1_CC_IRQHandler                       0x080001ab   Thumb Code     0  startup_air001_dev.o(.text)
    USART1_IRQHandler                        0x080001ab   Thumb Code     0  startup_air001_dev.o(.text)
    WWDG_IRQHandler                          0x080001ab   Thumb Code     0  startup_air001_dev.o(.text)
    __user_initial_stackheap                 0x080001ad   Thumb Code     0  startup_air001_dev.o(.text)
    __use_no_semihosting                     0x080001d1   Thumb Code     2  use_no_semi_2.o(.text)
    __2printf                                0x080001d5   Thumb Code    22  noretval__2printf.o(.text)
    _printf_pre_padding                      0x080001f1   Thumb Code    44  _printf_pad.o(.text)
    _printf_post_padding                     0x0800021d   Thumb Code    34  _printf_pad.o(.text)
    _printf_int_dec                          0x08000241   Thumb Code    90  _printf_dec.o(.text)
    _printf_int_hex                          0x080002ad   Thumb Code    84  _printf_hex_int.o(.text)
    _printf_longlong_hex                     0x080002ad   Thumb Code     0  _printf_hex_int.o(.text)
    __printf                                 0x08000305   Thumb Code   386  __printf_flags_ss_wp.o(.text)
    __aeabi_uidiv                            0x0800048d   Thumb Code     0  aeabi_sdiv.o(.text)
    __aeabi_uidivmod                         0x0800048d   Thumb Code    20  aeabi_sdiv.o(.text)
    __aeabi_idiv                             0x080004a1   Thumb Code     0  aeabi_sdiv.o(.text)
    __aeabi_idivmod                          0x080004a1   Thumb Code   326  aeabi_sdiv.o(.text)
    __use_two_region_memory                  0x080005e7   Thumb Code     2  heapauxi.o(.text)
    __rt_heap_escrow$2region                 0x080005e9   Thumb Code     2  heapauxi.o(.text)
    __rt_heap_expand$2region                 0x080005eb   Thumb Code     2  heapauxi.o(.text)
    __aeabi_d2f                              0x080005ed   Thumb Code     0  d2f.o(.text)
    _d2f                                     0x080005ed   Thumb Code   120  d2f.o(.text)
    __aeabi_dadd                             0x08000961   Thumb Code     0  daddsub.o(.text)
    _dadd                                    0x08000961   Thumb Code    26  daddsub.o(.text)
    __aeabi_dsub                             0x0800097b   Thumb Code     0  daddsub.o(.text)
    _dsub                                    0x0800097b   Thumb Code    22  daddsub.o(.text)
    __aeabi_drsub                            0x08000991   Thumb Code     0  daddsub.o(.text)
    _drsb                                    0x08000991   Thumb Code    28  daddsub.o(.text)
    __aeabi_ddiv                             0x080009c1   Thumb Code     0  ddiv.o(.text)
    _ddiv                                    0x080009c1   Thumb Code  1072  ddiv.o(.text)
    _drdiv                                   0x08000df1   Thumb Code    20  ddiv.o(.text)
    __aeabi_i2d_normalise                    0x08000e09   Thumb Code    66  dflti.o(.text)
    __aeabi_i2d                              0x08000e4b   Thumb Code    16  dflti.o(.text)
    _dflt                                    0x08000e4b   Thumb Code     0  dflti.o(.text)
    __aeabi_ui2d                             0x08000e5b   Thumb Code     6  dflti.o(.text)
    _dfltu                                   0x08000e5b   Thumb Code     0  dflti.o(.text)
    __aeabi_dmul                             0x08000e61   Thumb Code     0  dmul.o(.text)
    _dmul                                    0x08000e61   Thumb Code   558  dmul.o(.text)
    __ARM_scalbn                             0x080010a9   Thumb Code    84  dscalbn.o(.text)
    __aeabi_f2d                              0x08001109   Thumb Code     0  f2d.o(.text)
    _f2d                                     0x08001109   Thumb Code    80  f2d.o(.text)
    __aeabi_fdiv                             0x0800115d   Thumb Code     0  fdiv.o(.text)
    _fdiv                                    0x0800115d   Thumb Code   334  fdiv.o(.text)
    _frdiv                                   0x080012ab   Thumb Code     8  fdiv.o(.text)
    __aeabi_f2iz                             0x080012bd   Thumb Code     0  ffixi.o(.text)
    _ffix                                    0x080012bd   Thumb Code    76  ffixi.o(.text)
    __aeabi_i2f_normalise                    0x08001309   Thumb Code    72  fflti.o(.text)
    __aeabi_i2f                              0x08001351   Thumb Code    16  fflti.o(.text)
    _fflt                                    0x08001351   Thumb Code     0  fflti.o(.text)
    __aeabi_ui2f                             0x08001361   Thumb Code     6  fflti.o(.text)
    _ffltu                                   0x08001361   Thumb Code     0  fflti.o(.text)
    __I$use$semihosting                      0x08001367   Thumb Code     0  use_no_semi.o(.text)
    __use_no_semihosting_swi                 0x08001367   Thumb Code     2  use_no_semi.o(.text)
    __read_errno                             0x08001369   Thumb Code    10  _rserrno.o(.text)
    __set_errno                              0x08001373   Thumb Code    12  _rserrno.o(.text)
    _printf_int_common                       0x0800137f   Thumb Code   176  _printf_intcommon.o(.text)
    _printf_char_file                        0x08001431   Thumb Code    34  _printf_char_file.o(.text)
    __rt_udiv10                              0x08001459   Thumb Code    40  rtudiv10.o(.text)
    __aeabi_errno_addr                       0x08001481   Thumb Code     8  rt_errno_addr_intlibspace.o(.text)
    __errno$intlibspace                      0x08001481   Thumb Code     0  rt_errno_addr_intlibspace.o(.text)
    __rt_errno_addr$intlibspace              0x08001481   Thumb Code     0  rt_errno_addr_intlibspace.o(.text)
    _printf_char_common                      0x08001493   Thumb Code    32  _printf_char_common.o(.text)
    ferror                                   0x080014b9   Thumb Code     8  ferror.o(.text)
    __fpl_dcmp_InfNaN                        0x080014c1   Thumb Code   140  dcmpin.o(.text)
    __user_libspace                          0x08001551   Thumb Code     8  libspace.o(.text)
    __user_perproc_libspace                  0x08001551   Thumb Code     0  libspace.o(.text)
    __user_perthread_libspace                0x08001551   Thumb Code     0  libspace.o(.text)
    __user_setup_stackheap                   0x08001559   Thumb Code    62  sys_stackheap_outer.o(.text)
    exit                                     0x08001597   Thumb Code    16  exit.o(.text)
    __fpl_cmpreturn                          0x080015a7   Thumb Code    46  cmpret.o(.text)
    __fpl_dcheck_NaN2                        0x080015d5   Thumb Code    14  dnan2.o(.text)
    __fpl_return_NaN                         0x080015e9   Thumb Code    94  retnan.o(.text)
    __decompress                             0x08001647   Thumb Code     0  __dczerorl.o(.text)
    __decompress0                            0x08001647   Thumb Code    58  __dczerorl.o(.text)
    main                                     0x08001681   Thumb Code    40  system_air001xx.o(i.$Sub$$main)
    BMP280_GPIO_Config_IN                    0x080016b1   Thumb Code    42  bmp280_i2c.o(i.BMP280_GPIO_Config_IN)
    BMP280_GPIO_Config_OUT                   0x080016e9   Thumb Code    42  bmp280_i2c.o(i.BMP280_GPIO_Config_OUT)
    BMP280_Get_Pressure                      0x08001721   Thumb Code    36  bmp280.o(i.BMP280_Get_Pressure)
    BMP280_ReadID                            0x08001745   Thumb Code    10  bmp280.o(i.BMP280_ReadID)
    BMP280_Set_Standby_FILTER                0x08001789   Thumb Code    26  bmp280.o(i.BMP280_Set_Standby_FILTER)
    BMP280_Set_TemOversamp                   0x080017a3   Thumb Code    26  bmp280.o(i.BMP280_Set_TemOversamp)
    BSP_USART_Config                         0x080017ed   Thumb Code   140  air001_core_board.o(i.BSP_USART_Config)
    B_IIC_Ack                                0x08001885   Thumb Code    62  bmp280_i2c.o(i.B_IIC_Ack)
    B_IIC_Init                               0x080018c9   Thumb Code    64  bmp280_i2c.o(i.B_IIC_Init)
    B_IIC_NAck                               0x08001915   Thumb Code    62  bmp280_i2c.o(i.B_IIC_NAck)
    B_IIC_Read_Byte                          0x08001959   Thumb Code    92  bmp280_i2c.o(i.B_IIC_Read_Byte)
    B_IIC_Send_Byte                          0x080019b9   Thumb Code   118  bmp280_i2c.o(i.B_IIC_Send_Byte)
    B_IIC_Start                              0x08001a35   Thumb Code    62  bmp280_i2c.o(i.B_IIC_Start)
    B_IIC_Stop                               0x08001a79   Thumb Code    62  bmp280_i2c.o(i.B_IIC_Stop)
    B_IIC_Wait_Ack                           0x08001abd   Thumb Code    84  bmp280_i2c.o(i.B_IIC_Wait_Ack)
    Bmp_Init                                 0x08001b15   Thumb Code   314  bmp280.o(i.Bmp_Init)
    Delay_ms                                 0x08001c55   Thumb Code    24  delay.o(i.Delay_ms)
    Delay_us                                 0x08001c6d   Thumb Code    28  delay.o(i.Delay_us)
    Error_Handler                            0x08001c8d   Thumb Code     2  mpu6050_timer.o(i.Error_Handler)
    HAL_DMA_Abort_IT                         0x08001c91   Thumb Code    96  air001xx_hal_dma.o(i.HAL_DMA_Abort_IT)
    HAL_GPIO_Init                            0x08001cf5   Thumb Code   268  air001xx_hal_gpio.o(i.HAL_GPIO_Init)
    HAL_GPIO_ReadPin                         0x08001e09   Thumb Code    14  air001xx_hal_gpio.o(i.HAL_GPIO_ReadPin)
    HAL_GPIO_WritePin                        0x08001e17   Thumb Code    12  air001xx_hal_gpio.o(i.HAL_GPIO_WritePin)
    HAL_GetTick                              0x08001e25   Thumb Code     6  air001xx_hal.o(i.HAL_GetTick)
    HAL_IncTick                              0x08001e31   Thumb Code    12  air001xx_hal.o(i.HAL_IncTick)
    HAL_Init                                 0x08001e41   Thumb Code    26  air001xx_hal.o(i.HAL_Init)
    HAL_InitTick                             0x08001e5d   Thumb Code    72  air001xx_hal.o(i.HAL_InitTick)
    HAL_MspInit                              0x08001ead   Thumb Code     2  air001xx_hal.o(i.HAL_MspInit)
    HAL_NVIC_EnableIRQ                       0x08001eb1   Thumb Code    18  air001xx_hal_cortex.o(i.HAL_NVIC_EnableIRQ)
    HAL_NVIC_SetPriority                     0x08001ec9   Thumb Code     8  air001xx_hal_cortex.o(i.HAL_NVIC_SetPriority)
    HAL_RCC_GetHCLKFreq                      0x08001ed1   Thumb Code     6  air001xx_hal_rcc.o(i.HAL_RCC_GetHCLKFreq)
    HAL_RCC_GetPCLK1Freq                     0x08001edd   Thumb Code    28  air001xx_hal_rcc.o(i.HAL_RCC_GetPCLK1Freq)
    HAL_SYSTICK_Config                       0x08001f01   Thumb Code    38  air001xx_hal_cortex.o(i.HAL_SYSTICK_Config)
    HAL_TIMEx_BreakCallback                  0x08001f31   Thumb Code     2  air001xx_hal_tim_ex.o(i.HAL_TIMEx_BreakCallback)
    HAL_TIMEx_CommutCallback                 0x08001f33   Thumb Code     2  air001xx_hal_tim_ex.o(i.HAL_TIMEx_CommutCallback)
    HAL_TIM_Base_Init                        0x08001f35   Thumb Code    54  air001xx_hal_tim.o(i.HAL_TIM_Base_Init)
    HAL_TIM_Base_MspInit                     0x08001f6b   Thumb Code     2  air001xx_hal_tim.o(i.HAL_TIM_Base_MspInit)
    HAL_TIM_Base_Start_IT                    0x08001f6d   Thumb Code    32  air001xx_hal_tim.o(i.HAL_TIM_Base_Start_IT)
    HAL_TIM_IC_CaptureCallback               0x08001f8d   Thumb Code     2  air001xx_hal_tim.o(i.HAL_TIM_IC_CaptureCallback)
    HAL_TIM_IRQHandler                       0x08001f91   Thumb Code   412  air001xx_hal_tim.o(i.HAL_TIM_IRQHandler)
    HAL_TIM_OC_DeInit                        0x08002131   Thumb Code    48  air001xx_hal_tim.o(i.HAL_TIM_OC_DeInit)
    HAL_TIM_OC_DelayElapsedCallback          0x08002165   Thumb Code     2  air001xx_hal_tim.o(i.HAL_TIM_OC_DelayElapsedCallback)
    HAL_TIM_OC_Init                          0x08002167   Thumb Code    54  air001xx_hal_tim.o(i.HAL_TIM_OC_Init)
    HAL_TIM_OC_MspDeInit                     0x0800219d   Thumb Code     2  air001xx_hal_tim.o(i.HAL_TIM_OC_MspDeInit)
    HAL_TIM_OC_MspInit                       0x0800219f   Thumb Code     2  air001xx_hal_tim.o(i.HAL_TIM_OC_MspInit)
    HAL_TIM_OC_Start                         0x080021a1   Thumb Code    66  air001xx_hal_tim.o(i.HAL_TIM_OC_Start)
    HAL_TIM_PWM_ConfigChannel                0x080021f1   Thumb Code   224  air001xx_hal_tim.o(i.HAL_TIM_PWM_ConfigChannel)
    HAL_TIM_PWM_Init                         0x080022d1   Thumb Code    54  air001xx_hal_tim.o(i.HAL_TIM_PWM_Init)
    HAL_TIM_PWM_MspInit                      0x08002307   Thumb Code     2  air001xx_hal_tim.o(i.HAL_TIM_PWM_MspInit)
    HAL_TIM_PWM_PulseFinishedCallback        0x08002309   Thumb Code     2  air001xx_hal_tim.o(i.HAL_TIM_PWM_PulseFinishedCallback)
    HAL_TIM_PWM_Start                        0x0800230d   Thumb Code    66  air001xx_hal_tim.o(i.HAL_TIM_PWM_Start)
    HAL_TIM_PeriodElapsedCallback            0x0800235d   Thumb Code     2  air001xx_hal_tim.o(i.HAL_TIM_PeriodElapsedCallback)
    HAL_TIM_TriggerCallback                  0x0800235f   Thumb Code     2  air001xx_hal_tim.o(i.HAL_TIM_TriggerCallback)
    HAL_UART_ErrorCallback                   0x08002361   Thumb Code     2  air001xx_hal_uart.o(i.HAL_UART_ErrorCallback)
    HAL_UART_IRQHandler                      0x08002365   Thumb Code   266  air001xx_hal_uart.o(i.HAL_UART_IRQHandler)
    HAL_UART_Init                            0x08002475   Thumb Code   110  air001xx_hal_uart.o(i.HAL_UART_Init)
    HAL_UART_MspInit                         0x080024e3   Thumb Code     2  air001xx_hal_uart.o(i.HAL_UART_MspInit)
    HAL_UART_RxCpltCallback                  0x080024e5   Thumb Code     2  air001xx_hal_uart.o(i.HAL_UART_RxCpltCallback)
    HAL_UART_Transmit                        0x080024e7   Thumb Code   218  air001xx_hal_uart.o(i.HAL_UART_Transmit)
    HAL_UART_TxCpltCallback                  0x080025c1   Thumb Code     2  air001xx_hal_uart.o(i.HAL_UART_TxCpltCallback)
    HardFault_Handler                        0x080025c3   Thumb Code     2  air001xx_it.o(i.HardFault_Handler)
    IIC_Ack                                  0x080025c5   Thumb Code    62  i2c.o(i.IIC_Ack)
    IIC_Init                                 0x08002609   Thumb Code    64  i2c.o(i.IIC_Init)
    IIC_NAck                                 0x08002655   Thumb Code    62  i2c.o(i.IIC_NAck)
    IIC_Read_Byte                            0x08002699   Thumb Code    92  i2c.o(i.IIC_Read_Byte)
    IIC_Send_Byte                            0x080026f9   Thumb Code   118  i2c.o(i.IIC_Send_Byte)
    IIC_Start                                0x08002775   Thumb Code    62  i2c.o(i.IIC_Start)
    IIC_Stop                                 0x080027b9   Thumb Code    62  i2c.o(i.IIC_Stop)
    IIC_Wait_Ack                             0x080027fd   Thumb Code    84  i2c.o(i.IIC_Wait_Ack)
    MPU6050_GPIO_Config_IN                   0x08002855   Thumb Code    42  i2c.o(i.MPU6050_GPIO_Config_IN)
    MPU6050_GPIO_Config_OUT                  0x0800288d   Thumb Code    42  i2c.o(i.MPU6050_GPIO_Config_OUT)
    MPU_Get_Accelerometer                    0x080028c5   Thumb Code    62  mpu6050.o(i.MPU_Get_Accelerometer)
    MPU_Get_Gyroscope                        0x08002903   Thumb Code    62  mpu6050.o(i.MPU_Get_Gyroscope)
    MPU_Get_Temperature                      0x08002941   Thumb Code    64  mpu6050.o(i.MPU_Get_Temperature)
    MPU_Init                                 0x08002991   Thumb Code    80  mpu6050.o(i.MPU_Init)
    MPU_Read_Len                             0x080029f9   Thumb Code   106  mpu6050.o(i.MPU_Read_Len)
    MPU_Write_Byte                           0x08002a63   Thumb Code    78  mpu6050.o(i.MPU_Write_Byte)
    NMI_Handler                              0x08002ab1   Thumb Code     2  air001xx_it.o(i.NMI_Handler)
    PWM_Init                                 0x08002ab5   Thumb Code   436  pwm.o(i.PWM_Init)
    PendSV_Handler                           0x08002c75   Thumb Code     2  air001xx_it.o(i.PendSV_Handler)
    SVC_Handler                              0x08002c77   Thumb Code     2  air001xx_it.o(i.SVC_Handler)
    SysTick_Handler                          0x08002c79   Thumb Code     8  air001xx_it.o(i.SysTick_Handler)
    SystemInit                               0x08002c81   Thumb Code    30  system_air001xx.o(i.SystemInit)
    TIM3_IRQHandler                          0x08002cad   Thumb Code    10  air001xx_it.o(i.TIM3_IRQHandler)
    TIM_Base_SetConfig                       0x08002cbd   Thumb Code   102  air001xx_hal_tim.o(i.TIM_Base_SetConfig)
    TIM_CCxChannelCmd                        0x08002d39   Thumb Code    26  air001xx_hal_tim.o(i.TIM_CCxChannelCmd)
    TIM_OC2_SetConfig                        0x08002dd1   Thumb Code   116  air001xx_hal_tim.o(i.TIM_OC2_SetConfig)
    Timer_init                               0x08002f39   Thumb Code    88  mpu6050_timer.o(i.Timer_init)
    USART2_IRQHandler                        0x08003229   Thumb Code    10  air001xx_it.o(i.USART2_IRQHandler)
    __ARM_fpclassify                         0x08003239   Thumb Code    40  fpclassify.o(i.__ARM_fpclassify)
    __kernel_poly                            0x080032a9   Thumb Code   172  poly.o(i.__kernel_poly)
    __mathlib_dbl_infnan                     0x08003355   Thumb Code    10  dunder.o(i.__mathlib_dbl_infnan)
    __mathlib_dbl_infnan2                    0x0800335f   Thumb Code     8  dunder.o(i.__mathlib_dbl_infnan2)
    __mathlib_dbl_underflow                  0x08003369   Thumb Code    14  dunder.o(i.__mathlib_dbl_underflow)
    _is_digit                                0x0800337d   Thumb Code    14  __printf_wp.o(i._is_digit)
    _sys_exit                                0x0800338b   Thumb Code     2  air001_core_board.o(i._sys_exit)
    atan                                     0x0800338d   Thumb Code   472  atan.o(i.atan)
    atan2                                    0x080035a9   Thumb Code   372  atan2.o(i.atan2)
    calcGyroOffsets                          0x08003745   Thumb Code   202  mpu6050.o(i.calcGyroOffsets)
    fputc                                    0x08003825   Thumb Code    20  air001_core_board.o(i.fputc)
    $Super$$main                             0x0800383d   Thumb Code    62  main.o(i.main)
    mpu_update                               0x080038a1   Thumb Code   586  mpu6050.o(i.mpu_update)
    __aeabi_cdcmpeq                          0x08003b71   Thumb Code     0  deqf.o(x$fpl$deqf)
    _dcmpeq                                  0x08003b71   Thumb Code    94  deqf.o(x$fpl$deqf)
    __aeabi_fadd                             0x08003bd5   Thumb Code     0  faddsub.o(x$fpl$fadd)
    _fadd                                    0x08003bd5   Thumb Code   134  faddsub.o(x$fpl$fadd)
    __aeabi_fmul                             0x08003c61   Thumb Code     0  fmul.o(x$fpl$fmul)
    _fmul                                    0x08003c61   Thumb Code   172  fmul.o(x$fpl$fmul)
    __aeabi_fsub                             0x08003d11   Thumb Code     0  faddsub.o(x$fpl$fsub)
    _fsub                                    0x08003d11   Thumb Code   204  faddsub.o(x$fpl$fsub)
    __I$use$fp                               0x08003de0   Number         0  usenofp.o(x$fpl$usenofp)
    APBPrescTable                            0x08003e58   Data          32  system_air001xx.o(.constdata)
    __mathlib_zero                           0x08004010   Data           8  qnan.o(.constdata)
    Region$$Table$$Base                      0x08004018   Number         0  anon$$obj.o(Region$$Table)
    Region$$Table$$Limit                     0x08004038   Number         0  anon$$obj.o(Region$$Table)
    VECT_SRAM_TAB                            0x20000000   Data         192  system_air001xx.o(.ARM.__at_0x20000000)
    rawAccX                                  0x200000c0   Data           2  main.o(.data)
    rawAccY                                  0x200000c2   Data           2  main.o(.data)
    rawAccZ                                  0x200000c4   Data           2  main.o(.data)
    rawGyroX                                 0x200000c6   Data           2  main.o(.data)
    rawGyroY                                 0x200000c8   Data           2  main.o(.data)
    rawGyroZ                                 0x200000ca   Data           2  main.o(.data)
    gyroXoffset                              0x200000cc   Data           4  main.o(.data)
    gyroYoffset                              0x200000d0   Data           4  main.o(.data)
    gyroZoffset                              0x200000d4   Data           4  main.o(.data)
    temp                                     0x200000d8   Data           4  main.o(.data)
    accX                                     0x200000dc   Data           4  main.o(.data)
    accY                                     0x200000e0   Data           4  main.o(.data)
    accZ                                     0x200000e4   Data           4  main.o(.data)
    gyroX                                    0x200000e8   Data           4  main.o(.data)
    gyroY                                    0x200000ec   Data           4  main.o(.data)
    gyroZ                                    0x200000f0   Data           4  main.o(.data)
    angleGyroX                               0x200000f4   Data           4  main.o(.data)
    angleGyroY                               0x200000f8   Data           4  main.o(.data)
    angleGyroZ                               0x200000fc   Data           4  main.o(.data)
    angleAccX                                0x20000100   Data           4  main.o(.data)
    angleAccY                                0x20000104   Data           4  main.o(.data)
    angleX                                   0x20000108   Data           4  main.o(.data)
    angleY                                   0x2000010c   Data           4  main.o(.data)
    angleZ                                   0x20000110   Data           4  main.o(.data)
    timer                                    0x20000114   Data           4  main.o(.data)
    gyroCoef                                 0x20000118   Data           4  mpu6050.o(.data)
    accCoef                                  0x2000011c   Data           4  mpu6050.o(.data)
    preInterval                              0x20000120   Data           4  mpu6050.o(.data)
    interval                                 0x20000124   Data           4  mpu6050.o(.data)
    __stdout                                 0x20000128   Data           4  air001_core_board.o(.data)
    bmp280                                   0x2000012c   Data           4  bmp280.o(.data)
    uwTickPrio                               0x20000130   Data           4  air001xx_hal.o(.data)
    uwTickFreq                               0x20000134   Data           4  air001xx_hal.o(.data)
    uwTick                                   0x20000138   Data           4  air001xx_hal.o(.data)
    SystemCoreClock                          0x2000013c   Data           4  system_air001xx.o(.data)
    UartHandle                               0x20000140   Data          76  usart.o(.bss)
    DebugUartHandle                          0x2000018c   Data          76  air001_core_board.o(.bss)
    TimHandle                                0x200001d8   Data          64  mpu6050_timer.o(.bss)
    bmp280_inst                              0x20000218   Data          24  bmp280.o(.bss)
    __libspace_start                         0x20000230   Data          96  libspace.o(.bss)
    __temporary_stack_top$libspace           0x20000290   Data           0  libspace.o(.bss)



==============================================================================

Memory Map of the image

  Image Entry point : 0x080000c1

  Load Region LR_IROM1 (Base: 0x08000000, Size: 0x00004178, Max: 0x00008000, ABSOLUTE, COMPRESSED[0x00004048])

    Execution Region ER_IROM1 (Exec base: 0x08000000, Load base: 0x08000000, Size: 0x00004038, Max: 0x00008000, ABSOLUTE)

    Exec Addr    Load Addr    Size         Type   Attr      Idx    E Section Name        Object

    0x08000000   0x08000000   0x000000c0   Data   RO         3147    RESET               startup_air001_dev.o
    0x080000c0   0x080000c0   0x00000008   Code   RO         3261  * !!!main             c_p.l(__main.o)
    0x080000c8   0x080000c8   0x0000003c   Code   RO         3532    !!!scatter          c_p.l(__scatter.o)
    0x08000104   0x08000104   0x0000001c   Code   RO         3534    !!handler_zi        c_p.l(__scatter_zi.o)
    0x08000120   0x08000120   0x00000002   Code   RO         3250    .ARM.Collect$$_printf_percent$$00000000  c_p.l(_printf_percent.o)
    0x08000122   0x08000122   0x0000000a   Code   RO         3249    .ARM.Collect$$_printf_percent$$00000009  c_p.l(_printf_d.o)
    0x0800012c   0x0800012c   0x0000000a   Code   RO         3248    .ARM.Collect$$_printf_percent$$0000000C  c_p.l(_printf_x.o)
    0x08000136   0x08000136   0x00000004   Code   RO         3314    .ARM.Collect$$_printf_percent$$00000017  c_p.l(_printf_percent_end.o)
    0x0800013a   0x0800013a   0x00000002   Code   RO         3398    .ARM.Collect$$libinit$$00000000  c_p.l(libinit.o)
    0x0800013c   0x0800013c   0x00000000   Code   RO         3413    .ARM.Collect$$libinit$$00000002  c_p.l(libinit2.o)
    0x0800013c   0x0800013c   0x00000000   Code   RO         3415    .ARM.Collect$$libinit$$00000004  c_p.l(libinit2.o)
    0x0800013c   0x0800013c   0x00000000   Code   RO         3418    .ARM.Collect$$libinit$$0000000A  c_p.l(libinit2.o)
    0x0800013c   0x0800013c   0x00000000   Code   RO         3420    .ARM.Collect$$libinit$$0000000C  c_p.l(libinit2.o)
    0x0800013c   0x0800013c   0x00000000   Code   RO         3422    .ARM.Collect$$libinit$$0000000E  c_p.l(libinit2.o)
    0x0800013c   0x0800013c   0x00000000   Code   RO         3425    .ARM.Collect$$libinit$$00000011  c_p.l(libinit2.o)
    0x0800013c   0x0800013c   0x00000000   Code   RO         3427    .ARM.Collect$$libinit$$00000013  c_p.l(libinit2.o)
    0x0800013c   0x0800013c   0x00000000   Code   RO         3429    .ARM.Collect$$libinit$$00000015  c_p.l(libinit2.o)
    0x0800013c   0x0800013c   0x00000000   Code   RO         3431    .ARM.Collect$$libinit$$00000017  c_p.l(libinit2.o)
    0x0800013c   0x0800013c   0x00000000   Code   RO         3433    .ARM.Collect$$libinit$$00000019  c_p.l(libinit2.o)
    0x0800013c   0x0800013c   0x00000000   Code   RO         3435    .ARM.Collect$$libinit$$0000001B  c_p.l(libinit2.o)
    0x0800013c   0x0800013c   0x00000000   Code   RO         3437    .ARM.Collect$$libinit$$0000001D  c_p.l(libinit2.o)
    0x0800013c   0x0800013c   0x00000000   Code   RO         3439    .ARM.Collect$$libinit$$0000001F  c_p.l(libinit2.o)
    0x0800013c   0x0800013c   0x00000000   Code   RO         3441    .ARM.Collect$$libinit$$00000021  c_p.l(libinit2.o)
    0x0800013c   0x0800013c   0x00000000   Code   RO         3443    .ARM.Collect$$libinit$$00000023  c_p.l(libinit2.o)
    0x0800013c   0x0800013c   0x00000000   Code   RO         3445    .ARM.Collect$$libinit$$00000025  c_p.l(libinit2.o)
    0x0800013c   0x0800013c   0x00000000   Code   RO         3449    .ARM.Collect$$libinit$$0000002C  c_p.l(libinit2.o)
    0x0800013c   0x0800013c   0x00000000   Code   RO         3451    .ARM.Collect$$libinit$$0000002E  c_p.l(libinit2.o)
    0x0800013c   0x0800013c   0x00000000   Code   RO         3453    .ARM.Collect$$libinit$$00000030  c_p.l(libinit2.o)
    0x0800013c   0x0800013c   0x00000000   Code   RO         3455    .ARM.Collect$$libinit$$00000032  c_p.l(libinit2.o)
    0x0800013c   0x0800013c   0x00000002   Code   RO         3456    .ARM.Collect$$libinit$$00000033  c_p.l(libinit2.o)
    0x0800013e   0x0800013e   0x00000002   Code   RO         3484    .ARM.Collect$$libshutdown$$00000000  c_p.l(libshutdown.o)
    0x08000140   0x08000140   0x00000000   Code   RO         3511    .ARM.Collect$$libshutdown$$00000002  c_p.l(libshutdown2.o)
    0x08000140   0x08000140   0x00000000   Code   RO         3513    .ARM.Collect$$libshutdown$$00000004  c_p.l(libshutdown2.o)
    0x08000140   0x08000140   0x00000000   Code   RO         3515    .ARM.Collect$$libshutdown$$00000006  c_p.l(libshutdown2.o)
    0x08000140   0x08000140   0x00000000   Code   RO         3518    .ARM.Collect$$libshutdown$$00000009  c_p.l(libshutdown2.o)
    0x08000140   0x08000140   0x00000000   Code   RO         3521    .ARM.Collect$$libshutdown$$0000000C  c_p.l(libshutdown2.o)
    0x08000140   0x08000140   0x00000000   Code   RO         3523    .ARM.Collect$$libshutdown$$0000000E  c_p.l(libshutdown2.o)
    0x08000140   0x08000140   0x00000000   Code   RO         3526    .ARM.Collect$$libshutdown$$00000011  c_p.l(libshutdown2.o)
    0x08000140   0x08000140   0x00000002   Code   RO         3527    .ARM.Collect$$libshutdown$$00000012  c_p.l(libshutdown2.o)
    0x08000142   0x08000142   0x00000000   Code   RO         3303    .ARM.Collect$$rtentry$$00000000  c_p.l(__rtentry.o)
    0x08000142   0x08000142   0x00000000   Code   RO         3346    .ARM.Collect$$rtentry$$00000002  c_p.l(__rtentry2.o)
    0x08000142   0x08000142   0x00000006   Code   RO         3358    .ARM.Collect$$rtentry$$00000004  c_p.l(__rtentry4.o)
    0x08000148   0x08000148   0x00000000   Code   RO         3348    .ARM.Collect$$rtentry$$00000009  c_p.l(__rtentry2.o)
    0x08000148   0x08000148   0x00000004   Code   RO         3349    .ARM.Collect$$rtentry$$0000000A  c_p.l(__rtentry2.o)
    0x0800014c   0x0800014c   0x00000000   Code   RO         3351    .ARM.Collect$$rtentry$$0000000C  c_p.l(__rtentry2.o)
    0x0800014c   0x0800014c   0x00000008   Code   RO         3352    .ARM.Collect$$rtentry$$0000000D  c_p.l(__rtentry2.o)
    0x08000154   0x08000154   0x00000002   Code   RO         3404    .ARM.Collect$$rtexit$$00000000  c_p.l(rtexit.o)
    0x08000156   0x08000156   0x00000000   Code   RO         3460    .ARM.Collect$$rtexit$$00000002  c_p.l(rtexit2.o)
    0x08000156   0x08000156   0x00000004   Code   RO         3461    .ARM.Collect$$rtexit$$00000003  c_p.l(rtexit2.o)
    0x0800015a   0x0800015a   0x00000006   Code   RO         3462    .ARM.Collect$$rtexit$$00000004  c_p.l(rtexit2.o)
    0x08000160   0x08000160   0x00000038   Code   RO         3251    .emb_text           c_p.l(rt_memcpy.o)
    0x08000198   0x08000198   0x00000038   Code   RO         3148    .text               startup_air001_dev.o
    0x080001d0   0x080001d0   0x00000002   Code   RO         3195    .text               c_p.l(use_no_semi_2.o)
    0x080001d2   0x080001d2   0x00000002   PAD
    0x080001d4   0x080001d4   0x0000001c   Code   RO         3199    .text               c_p.l(noretval__2printf.o)
    0x080001f0   0x080001f0   0x0000004e   Code   RO         3203    .text               c_p.l(_printf_pad.o)
    0x0800023e   0x0800023e   0x00000002   PAD
    0x08000240   0x08000240   0x0000006c   Code   RO         3205    .text               c_p.l(_printf_dec.o)
    0x080002ac   0x080002ac   0x00000058   Code   RO         3210    .text               c_p.l(_printf_hex_int.o)
    0x08000304   0x08000304   0x00000188   Code   RO         3245    .text               c_p.l(__printf_flags_ss_wp.o)
    0x0800048c   0x0800048c   0x0000015a   Code   RO         3255    .text               c_p.l(aeabi_sdiv.o)
    0x080005e6   0x080005e6   0x00000006   Code   RO         3259    .text               c_p.l(heapauxi.o)
    0x080005ec   0x080005ec   0x0000007c   Code   RO         3263    .text               fz_ps.l(d2f.o)
    0x08000668   0x08000668   0x00000358   Code   RO         3265    .text               fz_ps.l(daddsub.o)
    0x080009c0   0x080009c0   0x00000448   Code   RO         3267    .text               fz_ps.l(ddiv.o)
    0x08000e08   0x08000e08   0x00000058   Code   RO         3270    .text               fz_ps.l(dflti.o)
    0x08000e60   0x08000e60   0x00000248   Code   RO         3272    .text               fz_ps.l(dmul.o)
    0x080010a8   0x080010a8   0x00000060   Code   RO         3274    .text               fz_ps.l(dscalbn.o)
    0x08001108   0x08001108   0x00000054   Code   RO         3276    .text               fz_ps.l(f2d.o)
    0x0800115c   0x0800115c   0x00000160   Code   RO         3284    .text               fz_ps.l(fdiv.o)
    0x080012bc   0x080012bc   0x0000004c   Code   RO         3287    .text               fz_ps.l(ffixi.o)
    0x08001308   0x08001308   0x0000005e   Code   RO         3289    .text               fz_ps.l(fflti.o)
    0x08001366   0x08001366   0x00000002   Code   RO         3301    .text               c_p.l(use_no_semi.o)
    0x08001368   0x08001368   0x00000016   Code   RO         3308    .text               c_p.l(_rserrno.o)
    0x0800137e   0x0800137e   0x000000b0   Code   RO         3310    .text               c_p.l(_printf_intcommon.o)
    0x0800142e   0x0800142e   0x00000002   PAD
    0x08001430   0x08001430   0x00000028   Code   RO         3312    .text               c_p.l(_printf_char_file.o)
    0x08001458   0x08001458   0x00000028   Code   RO         3315    .text               c_p.l(rtudiv10.o)
    0x08001480   0x08001480   0x00000008   Code   RO         3365    .text               c_p.l(rt_errno_addr_intlibspace.o)
    0x08001488   0x08001488   0x00000030   Code   RO         3367    .text               c_p.l(_printf_char_common.o)
    0x080014b8   0x080014b8   0x00000008   Code   RO         3369    .text               c_p.l(ferror.o)
    0x080014c0   0x080014c0   0x00000090   Code   RO         3373    .text               fz_ps.l(dcmpin.o)
    0x08001550   0x08001550   0x00000008   Code   RO         3379    .text               c_p.l(libspace.o)
    0x08001558   0x08001558   0x0000003e   Code   RO         3382    .text               c_p.l(sys_stackheap_outer.o)
    0x08001596   0x08001596   0x00000010   Code   RO         3387    .text               c_p.l(exit.o)
    0x080015a6   0x080015a6   0x0000002e   Code   RO         3399    .text               fz_ps.l(cmpret.o)
    0x080015d4   0x080015d4   0x00000014   Code   RO         3401    .text               fz_ps.l(dnan2.o)
    0x080015e8   0x080015e8   0x0000005e   Code   RO         3457    .text               fz_ps.l(retnan.o)
    0x08001646   0x08001646   0x0000003a   Code   RO         3530    .text               c_p.l(__dczerorl.o)
    0x08001680   0x08001680   0x00000030   Code   RO         3154    i.$Sub$$main        system_air001xx.o
    0x080016b0   0x080016b0   0x00000038   Code   RO          892    i.BMP280_GPIO_Config_IN  bmp280_i2c.o
    0x080016e8   0x080016e8   0x00000038   Code   RO          893    i.BMP280_GPIO_Config_OUT  bmp280_i2c.o
    0x08001720   0x08001720   0x00000024   Code   RO          822    i.BMP280_Get_Pressure  bmp280.o
    0x08001744   0x08001744   0x0000000a   Code   RO          823    i.BMP280_ReadID     bmp280.o
    0x0800174e   0x0800174e   0x0000003a   Code   RO          824    i.BMP280_Read_Byte  bmp280.o
    0x08001788   0x08001788   0x0000001a   Code   RO          825    i.BMP280_Set_Standby_FILTER  bmp280.o
    0x080017a2   0x080017a2   0x0000001a   Code   RO          826    i.BMP280_Set_TemOversamp  bmp280.o
    0x080017bc   0x080017bc   0x0000002e   Code   RO          827    i.BMP280_Write_Byte  bmp280.o
    0x080017ea   0x080017ea   0x00000002   PAD
    0x080017ec   0x080017ec   0x00000098   Code   RO          665    i.BSP_USART_Config  air001_core_board.o
    0x08001884   0x08001884   0x00000044   Code   RO          894    i.B_IIC_Ack         bmp280_i2c.o
    0x080018c8   0x080018c8   0x0000004c   Code   RO          895    i.B_IIC_Init        bmp280_i2c.o
    0x08001914   0x08001914   0x00000044   Code   RO          896    i.B_IIC_NAck        bmp280_i2c.o
    0x08001958   0x08001958   0x00000060   Code   RO          897    i.B_IIC_Read_Byte   bmp280_i2c.o
    0x080019b8   0x080019b8   0x0000007c   Code   RO          898    i.B_IIC_Send_Byte   bmp280_i2c.o
    0x08001a34   0x08001a34   0x00000044   Code   RO          899    i.B_IIC_Start       bmp280_i2c.o
    0x08001a78   0x08001a78   0x00000044   Code   RO          900    i.B_IIC_Stop        bmp280_i2c.o
    0x08001abc   0x08001abc   0x00000058   Code   RO          901    i.B_IIC_Wait_Ack    bmp280_i2c.o
    0x08001b14   0x08001b14   0x00000140   Code   RO          828    i.Bmp_Init          bmp280.o
    0x08001c54   0x08001c54   0x00000018   Code   RO          397    i.Delay_ms          delay.o
    0x08001c6c   0x08001c6c   0x00000020   Code   RO          399    i.Delay_us          delay.o
    0x08001c8c   0x08001c8c   0x00000002   Code   RO          761    i.Error_Handler     mpu6050_timer.o
    0x08001c8e   0x08001c8e   0x00000002   PAD
    0x08001c90   0x08001c90   0x00000064   Code   RO         2718    i.HAL_DMA_Abort_IT  air001xx_hal_dma.o
    0x08001cf4   0x08001cf4   0x00000114   Code   RO         1701    i.HAL_GPIO_Init     air001xx_hal_gpio.o
    0x08001e08   0x08001e08   0x0000000e   Code   RO         1703    i.HAL_GPIO_ReadPin  air001xx_hal_gpio.o
    0x08001e16   0x08001e16   0x0000000c   Code   RO         1705    i.HAL_GPIO_WritePin  air001xx_hal_gpio.o
    0x08001e22   0x08001e22   0x00000002   PAD
    0x08001e24   0x08001e24   0x0000000c   Code   RO          978    i.HAL_GetTick       air001xx_hal.o
    0x08001e30   0x08001e30   0x00000010   Code   RO          984    i.HAL_IncTick       air001xx_hal.o
    0x08001e40   0x08001e40   0x0000001a   Code   RO          985    i.HAL_Init          air001xx_hal.o
    0x08001e5a   0x08001e5a   0x00000002   PAD
    0x08001e5c   0x08001e5c   0x00000050   Code   RO          986    i.HAL_InitTick      air001xx_hal.o
    0x08001eac   0x08001eac   0x00000002   Code   RO          988    i.HAL_MspInit       air001xx_hal.o
    0x08001eae   0x08001eae   0x00000002   PAD
    0x08001eb0   0x08001eb0   0x00000018   Code   RO         1129    i.HAL_NVIC_EnableIRQ  air001xx_hal_cortex.o
    0x08001ec8   0x08001ec8   0x00000008   Code   RO         1133    i.HAL_NVIC_SetPriority  air001xx_hal_cortex.o
    0x08001ed0   0x08001ed0   0x0000000c   Code   RO         1364    i.HAL_RCC_GetHCLKFreq  air001xx_hal_rcc.o
    0x08001edc   0x08001edc   0x00000024   Code   RO         1366    i.HAL_RCC_GetPCLK1Freq  air001xx_hal_rcc.o
    0x08001f00   0x08001f00   0x00000030   Code   RO         1137    i.HAL_SYSTICK_Config  air001xx_hal_cortex.o
    0x08001f30   0x08001f30   0x00000002   Code   RO         2465    i.HAL_TIMEx_BreakCallback  air001xx_hal_tim_ex.o
    0x08001f32   0x08001f32   0x00000002   Code   RO         2466    i.HAL_TIMEx_CommutCallback  air001xx_hal_tim_ex.o
    0x08001f34   0x08001f34   0x00000036   Code   RO         1766    i.HAL_TIM_Base_Init  air001xx_hal_tim.o
    0x08001f6a   0x08001f6a   0x00000002   Code   RO         1768    i.HAL_TIM_Base_MspInit  air001xx_hal_tim.o
    0x08001f6c   0x08001f6c   0x00000020   Code   RO         1771    i.HAL_TIM_Base_Start_IT  air001xx_hal_tim.o
    0x08001f8c   0x08001f8c   0x00000002   Code   RO         1797    i.HAL_TIM_IC_CaptureCallback  air001xx_hal_tim.o
    0x08001f8e   0x08001f8e   0x00000002   PAD
    0x08001f90   0x08001f90   0x000001a0   Code   RO         1811    i.HAL_TIM_IRQHandler  air001xx_hal_tim.o
    0x08002130   0x08002130   0x00000034   Code   RO         1813    i.HAL_TIM_OC_DeInit  air001xx_hal_tim.o
    0x08002164   0x08002164   0x00000002   Code   RO         1814    i.HAL_TIM_OC_DelayElapsedCallback  air001xx_hal_tim.o
    0x08002166   0x08002166   0x00000036   Code   RO         1816    i.HAL_TIM_OC_Init   air001xx_hal_tim.o
    0x0800219c   0x0800219c   0x00000002   Code   RO         1817    i.HAL_TIM_OC_MspDeInit  air001xx_hal_tim.o
    0x0800219e   0x0800219e   0x00000002   Code   RO         1818    i.HAL_TIM_OC_MspInit  air001xx_hal_tim.o
    0x080021a0   0x080021a0   0x00000050   Code   RO         1819    i.HAL_TIM_OC_Start  air001xx_hal_tim.o
    0x080021f0   0x080021f0   0x000000e0   Code   RO         1835    i.HAL_TIM_PWM_ConfigChannel  air001xx_hal_tim.o
    0x080022d0   0x080022d0   0x00000036   Code   RO         1838    i.HAL_TIM_PWM_Init  air001xx_hal_tim.o
    0x08002306   0x08002306   0x00000002   Code   RO         1840    i.HAL_TIM_PWM_MspInit  air001xx_hal_tim.o
    0x08002308   0x08002308   0x00000002   Code   RO         1841    i.HAL_TIM_PWM_PulseFinishedCallback  air001xx_hal_tim.o
    0x0800230a   0x0800230a   0x00000002   PAD
    0x0800230c   0x0800230c   0x00000050   Code   RO         1843    i.HAL_TIM_PWM_Start  air001xx_hal_tim.o
    0x0800235c   0x0800235c   0x00000002   Code   RO         1849    i.HAL_TIM_PeriodElapsedCallback  air001xx_hal_tim.o
    0x0800235e   0x0800235e   0x00000002   Code   RO         1854    i.HAL_TIM_TriggerCallback  air001xx_hal_tim.o
    0x08002360   0x08002360   0x00000002   Code   RO         2836    i.HAL_UART_ErrorCallback  air001xx_hal_uart.o
    0x08002362   0x08002362   0x00000002   PAD
    0x08002364   0x08002364   0x00000110   Code   RO         2839    i.HAL_UART_IRQHandler  air001xx_hal_uart.o
    0x08002474   0x08002474   0x0000006e   Code   RO         2840    i.HAL_UART_Init     air001xx_hal_uart.o
    0x080024e2   0x080024e2   0x00000002   Code   RO         2842    i.HAL_UART_MspInit  air001xx_hal_uart.o
    0x080024e4   0x080024e4   0x00000002   Code   RO         2846    i.HAL_UART_RxCpltCallback  air001xx_hal_uart.o
    0x080024e6   0x080024e6   0x000000da   Code   RO         2849    i.HAL_UART_Transmit  air001xx_hal_uart.o
    0x080025c0   0x080025c0   0x00000002   Code   RO         2852    i.HAL_UART_TxCpltCallback  air001xx_hal_uart.o
    0x080025c2   0x080025c2   0x00000002   Code   RO          199    i.HardFault_Handler  air001xx_it.o
    0x080025c4   0x080025c4   0x00000044   Code   RO          433    i.IIC_Ack           i2c.o
    0x08002608   0x08002608   0x0000004c   Code   RO          434    i.IIC_Init          i2c.o
    0x08002654   0x08002654   0x00000044   Code   RO          435    i.IIC_NAck          i2c.o
    0x08002698   0x08002698   0x00000060   Code   RO          436    i.IIC_Read_Byte     i2c.o
    0x080026f8   0x080026f8   0x0000007c   Code   RO          437    i.IIC_Send_Byte     i2c.o
    0x08002774   0x08002774   0x00000044   Code   RO          438    i.IIC_Start         i2c.o
    0x080027b8   0x080027b8   0x00000044   Code   RO          439    i.IIC_Stop          i2c.o
    0x080027fc   0x080027fc   0x00000058   Code   RO          440    i.IIC_Wait_Ack      i2c.o
    0x08002854   0x08002854   0x00000038   Code   RO          441    i.MPU6050_GPIO_Config_IN  i2c.o
    0x0800288c   0x0800288c   0x00000038   Code   RO          442    i.MPU6050_GPIO_Config_OUT  i2c.o
    0x080028c4   0x080028c4   0x0000003e   Code   RO          512    i.MPU_Get_Accelerometer  mpu6050.o
    0x08002902   0x08002902   0x0000003e   Code   RO          513    i.MPU_Get_Gyroscope  mpu6050.o
    0x08002940   0x08002940   0x00000050   Code   RO          514    i.MPU_Get_Temperature  mpu6050.o
    0x08002990   0x08002990   0x00000068   Code   RO          515    i.MPU_Init          mpu6050.o
    0x080029f8   0x080029f8   0x0000006a   Code   RO          517    i.MPU_Read_Len      mpu6050.o
    0x08002a62   0x08002a62   0x0000004e   Code   RO          522    i.MPU_Write_Byte    mpu6050.o
    0x08002ab0   0x08002ab0   0x00000002   Code   RO          200    i.NMI_Handler       air001xx_it.o
    0x08002ab2   0x08002ab2   0x00000002   PAD
    0x08002ab4   0x08002ab4   0x000001c0   Code   RO          797    i.PWM_Init          pwm.o
    0x08002c74   0x08002c74   0x00000002   Code   RO          201    i.PendSV_Handler    air001xx_it.o
    0x08002c76   0x08002c76   0x00000002   Code   RO          202    i.SVC_Handler       air001xx_it.o
    0x08002c78   0x08002c78   0x00000008   Code   RO          203    i.SysTick_Handler   air001xx_it.o
    0x08002c80   0x08002c80   0x0000002c   Code   RO         3156    i.SystemInit        system_air001xx.o
    0x08002cac   0x08002cac   0x00000010   Code   RO          204    i.TIM3_IRQHandler   air001xx_it.o
    0x08002cbc   0x08002cbc   0x0000007c   Code   RO         1856    i.TIM_Base_SetConfig  air001xx_hal_tim.o
    0x08002d38   0x08002d38   0x0000001a   Code   RO         1857    i.TIM_CCxChannelCmd  air001xx_hal_tim.o
    0x08002d52   0x08002d52   0x00000002   PAD
    0x08002d54   0x08002d54   0x0000007c   Code   RO         1869    i.TIM_OC1_SetConfig  air001xx_hal_tim.o
    0x08002dd0   0x08002dd0   0x00000080   Code   RO         1870    i.TIM_OC2_SetConfig  air001xx_hal_tim.o
    0x08002e50   0x08002e50   0x00000080   Code   RO         1871    i.TIM_OC3_SetConfig  air001xx_hal_tim.o
    0x08002ed0   0x08002ed0   0x00000068   Code   RO         1872    i.TIM_OC4_SetConfig  air001xx_hal_tim.o
    0x08002f38   0x08002f38   0x00000068   Code   RO          762    i.Timer_init        mpu6050_timer.o
    0x08002fa0   0x08002fa0   0x00000030   Code   RO         2854    i.UART_AdvFeatureConfig  air001xx_hal_uart.o
    0x08002fd0   0x08002fd0   0x00000010   Code   RO         2855    i.UART_DMAAbortOnError  air001xx_hal_uart.o
    0x08002fe0   0x08002fe0   0x0000001e   Code   RO         2865    i.UART_EndRxTransfer  air001xx_hal_uart.o
    0x08002ffe   0x08002ffe   0x0000001a   Code   RO         2866    i.UART_EndTransmit_IT  air001xx_hal_uart.o
    0x08003018   0x08003018   0x0000007a   Code   RO         2868    i.UART_Receive_IT   air001xx_hal_uart.o
    0x08003092   0x08003092   0x00000002   PAD
    0x08003094   0x08003094   0x000000cc   Code   RO         2869    i.UART_SetConfig    air001xx_hal_uart.o
    0x08003160   0x08003160   0x00000064   Code   RO         2870    i.UART_Transmit_IT  air001xx_hal_uart.o
    0x080031c4   0x080031c4   0x00000062   Code   RO         2871    i.UART_WaitOnFlagUntilTimeout  air001xx_hal_uart.o
    0x08003226   0x08003226   0x00000002   PAD
    0x08003228   0x08003228   0x00000010   Code   RO          205    i.USART2_IRQHandler  air001xx_it.o
    0x08003238   0x08003238   0x0000002c   Code   RO         3375    i.__ARM_fpclassify  m_ps.l(fpclassify.o)
    0x08003264   0x08003264   0x00000044   Code   RO         1139    i.__NVIC_SetPriority  air001xx_hal_cortex.o
    0x080032a8   0x080032a8   0x000000ac   Code   RO         3377    i.__kernel_poly     m_ps.l(poly.o)
    0x08003354   0x08003354   0x0000000a   Code   RO         3331    i.__mathlib_dbl_infnan  m_ps.l(dunder.o)
    0x0800335e   0x0800335e   0x00000008   Code   RO         3332    i.__mathlib_dbl_infnan2  m_ps.l(dunder.o)
    0x08003366   0x08003366   0x00000002   PAD
    0x08003368   0x08003368   0x00000014   Code   RO         3336    i.__mathlib_dbl_underflow  m_ps.l(dunder.o)
    0x0800337c   0x0800337c   0x0000000e   Code   RO         3238    i._is_digit         c_p.l(__printf_wp.o)
    0x0800338a   0x0800338a   0x00000002   Code   RO          666    i._sys_exit         air001_core_board.o
    0x0800338c   0x0800338c   0x0000021c   Code   RO         3321    i.atan              m_ps.l(atan.o)
    0x080035a8   0x080035a8   0x0000019c   Code   RO         3294    i.atan2             m_ps.l(atan2.o)
    0x08003744   0x08003744   0x000000e0   Code   RO          524    i.calcGyroOffsets   mpu6050.o
    0x08003824   0x08003824   0x00000018   Code   RO          668    i.fputc             air001_core_board.o
    0x0800383c   0x0800383c   0x00000064   Code   RO            7    i.main              main.o
    0x080038a0   0x080038a0   0x000002d0   Code   RO          525    i.mpu_update        mpu6050.o
    0x08003b70   0x08003b70   0x00000064   Code   RO         3317    x$fpl$deqf          fz_ps.l(deqf.o)
    0x08003bd4   0x08003bd4   0x0000008c   Code   RO         3278    x$fpl$fadd          fz_ps.l(faddsub.o)
    0x08003c60   0x08003c60   0x000000b0   Code   RO         3291    x$fpl$fmul          fz_ps.l(fmul.o)
    0x08003d10   0x08003d10   0x000000d0   Code   RO         3280    x$fpl$fsub          fz_ps.l(faddsub.o)
    0x08003de0   0x08003de0   0x00000000   Code   RO         3319    x$fpl$usenofp       fz_ps.l(usenofp.o)
    0x08003de0   0x08003de0   0x0000003c   Data   RO          443    .constdata          i2c.o
    0x08003e1c   0x08003e1c   0x0000003c   Data   RO          902    .constdata          bmp280_i2c.o
    0x08003e58   0x08003e58   0x00000020   Data   RO         3159    .constdata          system_air001xx.o
    0x08003e78   0x08003e78   0x00000028   Data   RO         3211    .constdata          c_p.l(_printf_hex_int.o)
    0x08003ea0   0x08003ea0   0x00000011   Data   RO         3246    .constdata          c_p.l(__printf_flags_ss_wp.o)
    0x08003eb1   0x08003eb1   0x00000080   Data   RO         3268    .constdata          fz_ps.l(ddiv.o)
    0x08003f31   0x08003f31   0x00000040   Data   RO         3285    .constdata          fz_ps.l(fdiv.o)
    0x08003f71   0x08003f71   0x00000007   PAD
    0x08003f78   0x08003f78   0x00000098   Data   RO         3322    .constdata          m_ps.l(atan.o)
    0x08004010   0x08004010   0x00000008   Data   RO         3344    .constdata          m_ps.l(qnan.o)
    0x08004018   0x08004018   0x00000020   Data   RO         3528    Region$$Table       anon$$obj.o


    Execution Region RW_IRAM1 (Exec base: 0x20000000, Load base: 0x08004038, Size: 0x00000890, Max: 0x00001000, ABSOLUTE, COMPRESSED[0x00000010])

    Exec Addr    Load Addr    Size         Type   Attr      Idx    E Section Name        Object

    0x20000000   COMPRESSED   0x000000c0   Data   RW         3157    .ARM.__at_0x20000000  system_air001xx.o
    0x200000c0   COMPRESSED   0x00000002   Data   RW           10    .data               main.o
    0x200000c2   COMPRESSED   0x00000002   Data   RW           11    .data               main.o
    0x200000c4   COMPRESSED   0x00000002   Data   RW           12    .data               main.o
    0x200000c6   COMPRESSED   0x00000002   Data   RW           13    .data               main.o
    0x200000c8   COMPRESSED   0x00000002   Data   RW           14    .data               main.o
    0x200000ca   COMPRESSED   0x00000002   Data   RW           15    .data               main.o
    0x200000cc   COMPRESSED   0x00000004   Data   RW           16    .data               main.o
    0x200000d0   COMPRESSED   0x00000004   Data   RW           17    .data               main.o
    0x200000d4   COMPRESSED   0x00000004   Data   RW           18    .data               main.o
    0x200000d8   COMPRESSED   0x00000004   Data   RW           19    .data               main.o
    0x200000dc   COMPRESSED   0x00000004   Data   RW           20    .data               main.o
    0x200000e0   COMPRESSED   0x00000004   Data   RW           21    .data               main.o
    0x200000e4   COMPRESSED   0x00000004   Data   RW           22    .data               main.o
    0x200000e8   COMPRESSED   0x00000004   Data   RW           23    .data               main.o
    0x200000ec   COMPRESSED   0x00000004   Data   RW           24    .data               main.o
    0x200000f0   COMPRESSED   0x00000004   Data   RW           25    .data               main.o
    0x200000f4   COMPRESSED   0x00000004   Data   RW           26    .data               main.o
    0x200000f8   COMPRESSED   0x00000004   Data   RW           27    .data               main.o
    0x200000fc   COMPRESSED   0x00000004   Data   RW           28    .data               main.o
    0x20000100   COMPRESSED   0x00000004   Data   RW           29    .data               main.o
    0x20000104   COMPRESSED   0x00000004   Data   RW           30    .data               main.o
    0x20000108   COMPRESSED   0x00000004   Data   RW           32    .data               main.o
    0x2000010c   COMPRESSED   0x00000004   Data   RW           33    .data               main.o
    0x20000110   COMPRESSED   0x00000004   Data   RW           34    .data               main.o
    0x20000114   COMPRESSED   0x00000004   Data   RW           35    .data               main.o
    0x20000118   COMPRESSED   0x00000010   Data   RW          526    .data               mpu6050.o
    0x20000128   COMPRESSED   0x00000004   Data   RW          672    .data               air001_core_board.o
    0x2000012c   COMPRESSED   0x00000004   Data   RW          830    .data               bmp280.o
    0x20000130   COMPRESSED   0x0000000c   Data   RW          993    .data               air001xx_hal.o
    0x2000013c   COMPRESSED   0x00000004   Data   RW         3160    .data               system_air001xx.o
    0x20000140        -       0x0000004c   Zero   RW          625    .bss                usart.o
    0x2000018c        -       0x0000004c   Zero   RW          669    .bss                air001_core_board.o
    0x200001d8        -       0x00000040   Zero   RW          763    .bss                mpu6050_timer.o
    0x20000218        -       0x00000018   Zero   RW          829    .bss                bmp280.o
    0x20000230        -       0x00000060   Zero   RW         3380    .bss                c_p.l(libspace.o)
    0x20000290        -       0x00000200   Zero   RW         3146    HEAP                startup_air001_dev.o
    0x20000490        -       0x00000400   Zero   RW         3145    STACK               startup_air001_dev.o


==============================================================================

Image component sizes


      Code (inc. data)   RO Data    RW Data    ZI Data      Debug   Object Name

       178         16          0          4         76       4001   air001_core_board.o
       136         18          0         12          0       3379   air001xx_hal.o
       148         24          0          0          0      10425   air001xx_hal_cortex.o
       100          4          0          0          0       1075   air001xx_hal_dma.o
       302          8          0          0          0       2823   air001xx_hal_gpio.o
        48         14          0          0          0        949   air001xx_hal_rcc.o
      1698        108          0          0          0      15208   air001xx_hal_tim.o
         4          0          0          0          0       1453   air001xx_hal_tim_ex.o
      1252         12          0          0          0       9942   air001xx_hal_uart.o
        48         12          0          0          0       2641   air001xx_it.o
       522          6          0          4         24       6771   bmp280.o
       768         78         60          0          0       5203   bmp280_i2c.o
        56          4          0          0          0        838   delay.o
       768         78         60          0          0       5025   i2c.o
       100         38          0         88          0     218708   main.o
      1436        196          0         16          0       6909   mpu6050.o
       106         16          0          0         64       1393   mpu6050_timer.o
       448         12          0          0          0       1411   pwm.o
        56         26        192          0       1536        616   startup_air001_dev.o
        92         22         32        196          0       2007   system_air001xx.o
         0          0          0          0         76        617   usart.o

    ----------------------------------------------------------------------
      8290        692        376        320       1776     301394   Object Totals
         0          0         32          0          0          0   (incl. Generated)
        24          0          0          0          0          0   (incl. Padding)

    ----------------------------------------------------------------------

      Code (inc. data)   RO Data    RW Data    ZI Data      Debug   Library Member Name

        58          0          0          0          0          0   __dczerorl.o
         8          0          0          0          0         68   __main.o
       392          6         17          0          0         76   __printf_flags_ss_wp.o
        14          0          0          0          0         60   __printf_wp.o
         0          0          0          0          0          0   __rtentry.o
        12          0          0          0          0          0   __rtentry2.o
         6          0          0          0          0          0   __rtentry4.o
        60          8          0          0          0          0   __scatter.o
        28          0          0          0          0          0   __scatter_zi.o
        48          6          0          0          0         88   _printf_char_common.o
        40          6          0          0          0         72   _printf_char_file.o
        10          0          0          0          0          0   _printf_d.o
       108         18          0          0          0         76   _printf_dec.o
        88          4         40          0          0         72   _printf_hex_int.o
       176          0          0          0          0         84   _printf_intcommon.o
        78          0          0          0          0        100   _printf_pad.o
         2          0          0          0          0          0   _printf_percent.o
         4          0          0          0          0          0   _printf_percent_end.o
        10          0          0          0          0          0   _printf_x.o
        22          0          0          0          0         92   _rserrno.o
       346          0          0          0          0         92   aeabi_sdiv.o
        16          0          0          0          0         68   exit.o
         8          0          0          0          0         60   ferror.o
         6          0          0          0          0        136   heapauxi.o
         2          0          0          0          0          0   libinit.o
         2          0          0          0          0          0   libinit2.o
         2          0          0          0          0          0   libshutdown.o
         2          0          0          0          0          0   libshutdown2.o
         8          4          0          0         96         68   libspace.o
        28          6          0          0          0         84   noretval__2printf.o
         8          4          0          0          0         68   rt_errno_addr_intlibspace.o
        56          0          0          0          0         68   rt_memcpy.o
         2          0          0          0          0          0   rtexit.o
        10          0          0          0          0          0   rtexit2.o
        40          0          0          0          0         60   rtudiv10.o
        62          0          0          0          0         80   sys_stackheap_outer.o
         2          0          0          0          0         68   use_no_semi.o
         2          0          0          0          0         68   use_no_semi_2.o
        46          0          0          0          0         60   cmpret.o
       124          4          0          0          0         72   d2f.o
       856         20          0          0          0        208   daddsub.o
       144          4          0          0          0         76   dcmpin.o
      1096         26        128          0          0        112   ddiv.o
       100          4          0          0          0         92   deqf.o
        88          0          0          0          0         92   dflti.o
       584         26          0          0          0         84   dmul.o
        20          6          0          0          0         68   dnan2.o
        96         12          0          0          0         72   dscalbn.o
        84          4          0          0          0         60   f2d.o
       348          8          0          0          0        160   faddsub.o
       352         10         64          0          0         92   fdiv.o
        76          0          0          0          0         68   ffixi.o
        94          0          0          0          0         92   fflti.o
       176          4          0          0          0         80   fmul.o
        94          0          0          0          0         68   retnan.o
         0          0          0          0          0          0   usenofp.o
       540         68        152          0          0        112   atan.o
       412         40          0          0          0        144   atan2.o
        38          6          0          0          0        204   dunder.o
        44          4          0          0          0         60   fpclassify.o
       172          0          0          0          0         76   poly.o
         0          0          8          0          0          0   qnan.o

    ----------------------------------------------------------------------
      7358        308        416          0         96       3860   Library Totals
         8          0          7          0          0          0   (incl. Padding)

    ----------------------------------------------------------------------

      Code (inc. data)   RO Data    RW Data    ZI Data      Debug   Library Name

      1766         62         57          0         96       1708   c_p.l
      4378        128        192          0          0       1556   fz_ps.l
      1206        118        160          0          0        596   m_ps.l

    ----------------------------------------------------------------------
      7358        308        416          0         96       3860   Library Totals

    ----------------------------------------------------------------------

==============================================================================


      Code (inc. data)   RO Data    RW Data    ZI Data      Debug   

     15648       1000        792        320       1872     298722   Grand Totals
     15648       1000        792         16       1872     298722   ELF Image Totals (compressed)
     15648       1000        792         16          0          0   ROM Totals

==============================================================================

    Total RO  Size (Code + RO Data)                16440 (  16.05kB)
    Total RW  Size (RW Data + ZI Data)              2192 (   2.14kB)
    Total ROM Size (Code + RO Data + RW Data)      16456 (  16.07kB)

==============================================================================

