<!doctype html public "-//w3c//dtd html 4.0 transitional//en">
<html><head>
<title>Static Call Graph - [.\Objects\Air001.axf]</title></head>
<body><HR>
<H1>Static Call Graph for image .\Objects\Air001.axf</H1><HR>
<BR><P>#&#060CALLGRAPH&#062# ARM Linker, 5060960: Last Updated: Fri Sep 29 19:48:58 2023
<BR><P>
<H3>Maximum Stack Usage =        524 bytes + Unknown(Functions without stacksize, Cycles, Untraceable Function Pointers)</H3><H3>
Call chain for Maximum Stack Depth:</H3>
__rt_entry_main &rArr; main &rArr; $Super$$main &rArr; PWM_Init &rArr; HAL_TIM_PWM_ConfigChannel &rArr; TIM_OC3_SetConfig
<P>
<H3>
Functions with no stack information
</H3><UL>
 <LI><a href="#[5f]">__user_initial_stackheap</a>
</UL>
</UL>
<P>
<H3>
Mutually Recursive functions
</H3> <LI><a href="#[15]">ADC_COMP_IRQHandler</a>&nbsp;&nbsp;&nbsp;&rArr;&nbsp;&nbsp;&nbsp;<a href="#[15]">ADC_COMP_IRQHandler</a><BR>
 <LI><a href="#[7]">HardFault_Handler</a>&nbsp;&nbsp;&nbsp;&rArr;&nbsp;&nbsp;&nbsp;<a href="#[7]">HardFault_Handler</a><BR>
 <LI><a href="#[7f]">Error_Handler</a>&nbsp;&nbsp;&nbsp;&rArr;&nbsp;&nbsp;&nbsp;<a href="#[7f]">Error_Handler</a><BR>
</UL>
<P>
<H3>
Function Pointers
</H3><UL>
 <LI><a href="#[15]">ADC_COMP_IRQHandler</a> from startup_air001_dev.o(.text) referenced from startup_air001_dev.o(RESET)
 <LI><a href="#[13]">DMA1_Channel1_IRQHandler</a> from startup_air001_dev.o(.text) referenced from startup_air001_dev.o(RESET)
 <LI><a href="#[14]">DMA1_Channel2_3_IRQHandler</a> from startup_air001_dev.o(.text) referenced from startup_air001_dev.o(RESET)
 <LI><a href="#[10]">EXTI0_1_IRQHandler</a> from startup_air001_dev.o(.text) referenced from startup_air001_dev.o(RESET)
 <LI><a href="#[11]">EXTI2_3_IRQHandler</a> from startup_air001_dev.o(.text) referenced from startup_air001_dev.o(RESET)
 <LI><a href="#[12]">EXTI4_15_IRQHandler</a> from startup_air001_dev.o(.text) referenced from startup_air001_dev.o(RESET)
 <LI><a href="#[e]">FLASH_IRQHandler</a> from startup_air001_dev.o(.text) referenced from startup_air001_dev.o(RESET)
 <LI><a href="#[7]">HardFault_Handler</a> from air001xx_it.o(i.HardFault_Handler) referenced from startup_air001_dev.o(RESET)
 <LI><a href="#[1d]">I2C1_IRQHandler</a> from startup_air001_dev.o(.text) referenced from startup_air001_dev.o(RESET)
 <LI><a href="#[22]">LED_IRQHandler</a> from startup_air001_dev.o(.text) referenced from startup_air001_dev.o(RESET)
 <LI><a href="#[19]">LPTIM1_IRQHandler</a> from startup_air001_dev.o(.text) referenced from startup_air001_dev.o(RESET)
 <LI><a href="#[6]">NMI_Handler</a> from air001xx_it.o(i.NMI_Handler) referenced from startup_air001_dev.o(RESET)
 <LI><a href="#[c]">PVD_IRQHandler</a> from startup_air001_dev.o(.text) referenced from startup_air001_dev.o(RESET)
 <LI><a href="#[9]">PendSV_Handler</a> from air001xx_it.o(i.PendSV_Handler) referenced from startup_air001_dev.o(RESET)
 <LI><a href="#[f]">RCC_IRQHandler</a> from startup_air001_dev.o(.text) referenced from startup_air001_dev.o(RESET)
 <LI><a href="#[d]">RTC_IRQHandler</a> from startup_air001_dev.o(.text) referenced from startup_air001_dev.o(RESET)
 <LI><a href="#[5]">Reset_Handler</a> from startup_air001_dev.o(.text) referenced from startup_air001_dev.o(RESET)
 <LI><a href="#[1e]">SPI1_IRQHandler</a> from startup_air001_dev.o(.text) referenced from startup_air001_dev.o(RESET)
 <LI><a href="#[1f]">SPI2_IRQHandler</a> from startup_air001_dev.o(.text) referenced from startup_air001_dev.o(RESET)
 <LI><a href="#[8]">SVC_Handler</a> from air001xx_it.o(i.SVC_Handler) referenced from startup_air001_dev.o(RESET)
 <LI><a href="#[a]">SysTick_Handler</a> from air001xx_it.o(i.SysTick_Handler) referenced from startup_air001_dev.o(RESET)
 <LI><a href="#[23]">SystemInit</a> from system_air001xx.o(i.SystemInit) referenced from startup_air001_dev.o(.text)
 <LI><a href="#[1a]">TIM14_IRQHandler</a> from startup_air001_dev.o(.text) referenced from startup_air001_dev.o(RESET)
 <LI><a href="#[1b]">TIM16_IRQHandler</a> from startup_air001_dev.o(.text) referenced from startup_air001_dev.o(RESET)
 <LI><a href="#[1c]">TIM17_IRQHandler</a> from startup_air001_dev.o(.text) referenced from startup_air001_dev.o(RESET)
 <LI><a href="#[16]">TIM1_BRK_UP_TRG_COM_IRQHandler</a> from startup_air001_dev.o(.text) referenced from startup_air001_dev.o(RESET)
 <LI><a href="#[17]">TIM1_CC_IRQHandler</a> from startup_air001_dev.o(.text) referenced from startup_air001_dev.o(RESET)
 <LI><a href="#[18]">TIM3_IRQHandler</a> from air001xx_it.o(i.TIM3_IRQHandler) referenced from startup_air001_dev.o(RESET)
 <LI><a href="#[27]">UART_DMAAbortOnError</a> from air001xx_hal_uart.o(i.UART_DMAAbortOnError) referenced from air001xx_hal_uart.o(i.HAL_UART_IRQHandler)
 <LI><a href="#[20]">USART1_IRQHandler</a> from startup_air001_dev.o(.text) referenced from startup_air001_dev.o(RESET)
 <LI><a href="#[21]">USART2_IRQHandler</a> from air001xx_it.o(i.USART2_IRQHandler) referenced from startup_air001_dev.o(RESET)
 <LI><a href="#[b]">WWDG_IRQHandler</a> from startup_air001_dev.o(.text) referenced from startup_air001_dev.o(RESET)
 <LI><a href="#[28]">__main</a> from __main.o(!!!main) referenced from startup_air001_dev.o(.text)
 <LI><a href="#[26]">_printf_input_char</a> from _printf_char_common.o(.text) referenced from _printf_char_common.o(.text)
 <LI><a href="#[25]">fputc</a> from air001_core_board.o(i.fputc) referenced from _printf_char_file.o(.text)
</UL>
<P>
<H3>
Global Symbols
</H3>
<P><STRONG><a name="[28]"></a>__main</STRONG> (Thumb, 8 bytes, Stack size 0 bytes, __main.o(!!!main))
<BR><BR>[Calls]<UL><LI><a href="#[29]">&gt;&gt;</a>&nbsp;&nbsp;&nbsp;__scatterload
<LI><a href="#[2a]">&gt;&gt;</a>&nbsp;&nbsp;&nbsp;__rt_entry
</UL>

<P><STRONG><a name="[29]"></a>__scatterload</STRONG> (Thumb, 0 bytes, Stack size unknown bytes, __scatter.o(!!!scatter))
<BR><BR>[Called By]<UL><LI><a href="#[28]">&gt;&gt;</a>&nbsp;&nbsp;&nbsp;__main
</UL>

<P><STRONG><a name="[2b]"></a>__scatterload_rt2</STRONG> (Thumb, 52 bytes, Stack size unknown bytes, __scatter.o(!!!scatter), UNUSED)
<BR><BR>[Calls]<UL><LI><a href="#[2a]">&gt;&gt;</a>&nbsp;&nbsp;&nbsp;__rt_entry
</UL>

<P><STRONG><a name="[e0]"></a>__scatterload_rt2_thumb_only</STRONG> (Thumb, 0 bytes, Stack size unknown bytes, __scatter.o(!!!scatter), UNUSED)

<P><STRONG><a name="[e1]"></a>__scatterload_null</STRONG> (Thumb, 0 bytes, Stack size unknown bytes, __scatter.o(!!!scatter), UNUSED)

<P><STRONG><a name="[e2]"></a>__scatterload_zeroinit</STRONG> (Thumb, 28 bytes, Stack size unknown bytes, __scatter_zi.o(!!handler_zi), UNUSED)

<P><STRONG><a name="[44]"></a>_printf_percent</STRONG> (Thumb, 0 bytes, Stack size unknown bytes, _printf_percent.o(.ARM.Collect$$_printf_percent$$00000000))
<BR><BR>[Called By]<UL><LI><a href="#[42]">&gt;&gt;</a>&nbsp;&nbsp;&nbsp;__printf
</UL>

<P><STRONG><a name="[2c]"></a>_printf_d</STRONG> (Thumb, 0 bytes, Stack size unknown bytes, _printf_d.o(.ARM.Collect$$_printf_percent$$00000009))
<BR><BR>[Stack]<UL><LI>Max Depth = 88 + Unknown Stack Size
<LI>Call Chain = _printf_d &rArr; _printf_int_dec &rArr; _printf_int_common &rArr; _printf_post_padding
</UL>
<BR>[Calls]<UL><LI><a href="#[2e]">&gt;&gt;</a>&nbsp;&nbsp;&nbsp;_printf_int_dec
<LI><a href="#[2d]">&gt;&gt;</a>&nbsp;&nbsp;&nbsp;_printf_x
</UL>

<P><STRONG><a name="[2d]"></a>_printf_x</STRONG> (Thumb, 0 bytes, Stack size unknown bytes, _printf_x.o(.ARM.Collect$$_printf_percent$$0000000C))
<BR><BR>[Stack]<UL><LI>Max Depth = 72 + Unknown Stack Size
<LI>Call Chain = _printf_x &rArr; _printf_int_hex &rArr; _printf_int_common &rArr; _printf_post_padding
</UL>
<BR>[Calls]<UL><LI><a href="#[30]">&gt;&gt;</a>&nbsp;&nbsp;&nbsp;_printf_int_hex
<LI><a href="#[2f]">&gt;&gt;</a>&nbsp;&nbsp;&nbsp;_printf_percent_end
</UL>
<BR>[Called By]<UL><LI><a href="#[2c]">&gt;&gt;</a>&nbsp;&nbsp;&nbsp;_printf_d
</UL>

<P><STRONG><a name="[2f]"></a>_printf_percent_end</STRONG> (Thumb, 0 bytes, Stack size unknown bytes, _printf_percent_end.o(.ARM.Collect$$_printf_percent$$00000017))
<BR><BR>[Called By]<UL><LI><a href="#[2d]">&gt;&gt;</a>&nbsp;&nbsp;&nbsp;_printf_x
</UL>

<P><STRONG><a name="[34]"></a>__rt_lib_init</STRONG> (Thumb, 0 bytes, Stack size unknown bytes, libinit.o(.ARM.Collect$$libinit$$00000000))
<BR><BR>[Called By]<UL><LI><a href="#[33]">&gt;&gt;</a>&nbsp;&nbsp;&nbsp;__rt_entry_li
</UL>

<P><STRONG><a name="[e3]"></a>__rt_lib_init_alloca_1</STRONG> (Thumb, 0 bytes, Stack size unknown bytes, libinit2.o(.ARM.Collect$$libinit$$0000002E))

<P><STRONG><a name="[e4]"></a>__rt_lib_init_argv_1</STRONG> (Thumb, 0 bytes, Stack size unknown bytes, libinit2.o(.ARM.Collect$$libinit$$0000002C))

<P><STRONG><a name="[e5]"></a>__rt_lib_init_atexit_1</STRONG> (Thumb, 0 bytes, Stack size unknown bytes, libinit2.o(.ARM.Collect$$libinit$$0000001B))

<P><STRONG><a name="[e6]"></a>__rt_lib_init_clock_1</STRONG> (Thumb, 0 bytes, Stack size unknown bytes, libinit2.o(.ARM.Collect$$libinit$$00000021))

<P><STRONG><a name="[e7]"></a>__rt_lib_init_cpp_1</STRONG> (Thumb, 0 bytes, Stack size unknown bytes, libinit2.o(.ARM.Collect$$libinit$$00000032))

<P><STRONG><a name="[e8]"></a>__rt_lib_init_exceptions_1</STRONG> (Thumb, 0 bytes, Stack size unknown bytes, libinit2.o(.ARM.Collect$$libinit$$00000030))

<P><STRONG><a name="[e9]"></a>__rt_lib_init_fp_1</STRONG> (Thumb, 0 bytes, Stack size unknown bytes, libinit2.o(.ARM.Collect$$libinit$$00000002))

<P><STRONG><a name="[ea]"></a>__rt_lib_init_fp_trap_1</STRONG> (Thumb, 0 bytes, Stack size unknown bytes, libinit2.o(.ARM.Collect$$libinit$$0000001F))

<P><STRONG><a name="[eb]"></a>__rt_lib_init_getenv_1</STRONG> (Thumb, 0 bytes, Stack size unknown bytes, libinit2.o(.ARM.Collect$$libinit$$00000023))

<P><STRONG><a name="[ec]"></a>__rt_lib_init_heap_1</STRONG> (Thumb, 0 bytes, Stack size unknown bytes, libinit2.o(.ARM.Collect$$libinit$$0000000A))

<P><STRONG><a name="[ed]"></a>__rt_lib_init_lc_collate_1</STRONG> (Thumb, 0 bytes, Stack size unknown bytes, libinit2.o(.ARM.Collect$$libinit$$00000011))

<P><STRONG><a name="[ee]"></a>__rt_lib_init_lc_ctype_1</STRONG> (Thumb, 0 bytes, Stack size unknown bytes, libinit2.o(.ARM.Collect$$libinit$$00000013))

<P><STRONG><a name="[ef]"></a>__rt_lib_init_lc_monetary_1</STRONG> (Thumb, 0 bytes, Stack size unknown bytes, libinit2.o(.ARM.Collect$$libinit$$00000015))

<P><STRONG><a name="[f0]"></a>__rt_lib_init_lc_numeric_1</STRONG> (Thumb, 0 bytes, Stack size unknown bytes, libinit2.o(.ARM.Collect$$libinit$$00000017))

<P><STRONG><a name="[f1]"></a>__rt_lib_init_lc_time_1</STRONG> (Thumb, 0 bytes, Stack size unknown bytes, libinit2.o(.ARM.Collect$$libinit$$00000019))

<P><STRONG><a name="[f2]"></a>__rt_lib_init_preinit_1</STRONG> (Thumb, 0 bytes, Stack size unknown bytes, libinit2.o(.ARM.Collect$$libinit$$00000004))

<P><STRONG><a name="[f3]"></a>__rt_lib_init_rand_1</STRONG> (Thumb, 0 bytes, Stack size unknown bytes, libinit2.o(.ARM.Collect$$libinit$$0000000E))

<P><STRONG><a name="[f4]"></a>__rt_lib_init_return</STRONG> (Thumb, 0 bytes, Stack size unknown bytes, libinit2.o(.ARM.Collect$$libinit$$00000033))

<P><STRONG><a name="[f5]"></a>__rt_lib_init_signal_1</STRONG> (Thumb, 0 bytes, Stack size unknown bytes, libinit2.o(.ARM.Collect$$libinit$$0000001D))

<P><STRONG><a name="[f6]"></a>__rt_lib_init_stdio_1</STRONG> (Thumb, 0 bytes, Stack size unknown bytes, libinit2.o(.ARM.Collect$$libinit$$00000025))

<P><STRONG><a name="[f7]"></a>__rt_lib_init_user_alloc_1</STRONG> (Thumb, 0 bytes, Stack size unknown bytes, libinit2.o(.ARM.Collect$$libinit$$0000000C))

<P><STRONG><a name="[39]"></a>__rt_lib_shutdown</STRONG> (Thumb, 0 bytes, Stack size unknown bytes, libshutdown.o(.ARM.Collect$$libshutdown$$00000000))
<BR><BR>[Called By]<UL><LI><a href="#[38]">&gt;&gt;</a>&nbsp;&nbsp;&nbsp;__rt_exit_ls
</UL>

<P><STRONG><a name="[f8]"></a>__rt_lib_shutdown_cpp_1</STRONG> (Thumb, 0 bytes, Stack size unknown bytes, libshutdown2.o(.ARM.Collect$$libshutdown$$00000004))

<P><STRONG><a name="[f9]"></a>__rt_lib_shutdown_fini_1</STRONG> (Thumb, 0 bytes, Stack size unknown bytes, libshutdown2.o(.ARM.Collect$$libshutdown$$00000002))

<P><STRONG><a name="[fa]"></a>__rt_lib_shutdown_fp_trap_1</STRONG> (Thumb, 0 bytes, Stack size unknown bytes, libshutdown2.o(.ARM.Collect$$libshutdown$$00000009))

<P><STRONG><a name="[fb]"></a>__rt_lib_shutdown_heap_1</STRONG> (Thumb, 0 bytes, Stack size unknown bytes, libshutdown2.o(.ARM.Collect$$libshutdown$$00000011))

<P><STRONG><a name="[fc]"></a>__rt_lib_shutdown_return</STRONG> (Thumb, 0 bytes, Stack size unknown bytes, libshutdown2.o(.ARM.Collect$$libshutdown$$00000012))

<P><STRONG><a name="[fd]"></a>__rt_lib_shutdown_signal_1</STRONG> (Thumb, 0 bytes, Stack size unknown bytes, libshutdown2.o(.ARM.Collect$$libshutdown$$0000000C))

<P><STRONG><a name="[fe]"></a>__rt_lib_shutdown_stdio_1</STRONG> (Thumb, 0 bytes, Stack size unknown bytes, libshutdown2.o(.ARM.Collect$$libshutdown$$00000006))

<P><STRONG><a name="[ff]"></a>__rt_lib_shutdown_user_alloc_1</STRONG> (Thumb, 0 bytes, Stack size unknown bytes, libshutdown2.o(.ARM.Collect$$libshutdown$$0000000E))

<P><STRONG><a name="[2a]"></a>__rt_entry</STRONG> (Thumb, 0 bytes, Stack size unknown bytes, __rtentry.o(.ARM.Collect$$rtentry$$00000000))
<BR><BR>[Called By]<UL><LI><a href="#[2b]">&gt;&gt;</a>&nbsp;&nbsp;&nbsp;__scatterload_rt2
<LI><a href="#[28]">&gt;&gt;</a>&nbsp;&nbsp;&nbsp;__main
</UL>

<P><STRONG><a name="[100]"></a>__rt_entry_presh_1</STRONG> (Thumb, 0 bytes, Stack size unknown bytes, __rtentry2.o(.ARM.Collect$$rtentry$$00000002))

<P><STRONG><a name="[31]"></a>__rt_entry_sh</STRONG> (Thumb, 0 bytes, Stack size unknown bytes, __rtentry4.o(.ARM.Collect$$rtentry$$00000004))
<BR><BR>[Stack]<UL><LI>Max Depth = 8 + Unknown Stack Size
<LI>Call Chain = __rt_entry_sh &rArr; __user_setup_stackheap
</UL>
<BR>[Calls]<UL><LI><a href="#[32]">&gt;&gt;</a>&nbsp;&nbsp;&nbsp;__user_setup_stackheap
</UL>

<P><STRONG><a name="[33]"></a>__rt_entry_li</STRONG> (Thumb, 0 bytes, Stack size unknown bytes, __rtentry2.o(.ARM.Collect$$rtentry$$0000000A))
<BR><BR>[Calls]<UL><LI><a href="#[34]">&gt;&gt;</a>&nbsp;&nbsp;&nbsp;__rt_lib_init
</UL>

<P><STRONG><a name="[101]"></a>__rt_entry_postsh_1</STRONG> (Thumb, 0 bytes, Stack size unknown bytes, __rtentry2.o(.ARM.Collect$$rtentry$$00000009))

<P><STRONG><a name="[35]"></a>__rt_entry_main</STRONG> (Thumb, 0 bytes, Stack size unknown bytes, __rtentry2.o(.ARM.Collect$$rtentry$$0000000D))
<BR><BR>[Stack]<UL><LI>Max Depth = 524 + Unknown Stack Size
<LI>Call Chain = __rt_entry_main &rArr; main &rArr; $Super$$main &rArr; PWM_Init &rArr; HAL_TIM_PWM_ConfigChannel &rArr; TIM_OC3_SetConfig
</UL>
<BR>[Calls]<UL><LI><a href="#[36]">&gt;&gt;</a>&nbsp;&nbsp;&nbsp;main
<LI><a href="#[37]">&gt;&gt;</a>&nbsp;&nbsp;&nbsp;exit
</UL>

<P><STRONG><a name="[102]"></a>__rt_entry_postli_1</STRONG> (Thumb, 0 bytes, Stack size unknown bytes, __rtentry2.o(.ARM.Collect$$rtentry$$0000000C))

<P><STRONG><a name="[61]"></a>__rt_exit</STRONG> (Thumb, 0 bytes, Stack size unknown bytes, rtexit.o(.ARM.Collect$$rtexit$$00000000))
<BR><BR>[Called By]<UL><LI><a href="#[37]">&gt;&gt;</a>&nbsp;&nbsp;&nbsp;exit
</UL>

<P><STRONG><a name="[38]"></a>__rt_exit_ls</STRONG> (Thumb, 0 bytes, Stack size unknown bytes, rtexit2.o(.ARM.Collect$$rtexit$$00000003))
<BR><BR>[Calls]<UL><LI><a href="#[39]">&gt;&gt;</a>&nbsp;&nbsp;&nbsp;__rt_lib_shutdown
</UL>

<P><STRONG><a name="[103]"></a>__rt_exit_prels_1</STRONG> (Thumb, 0 bytes, Stack size unknown bytes, rtexit2.o(.ARM.Collect$$rtexit$$00000002))

<P><STRONG><a name="[3a]"></a>__rt_exit_exit</STRONG> (Thumb, 0 bytes, Stack size unknown bytes, rtexit2.o(.ARM.Collect$$rtexit$$00000004))
<BR><BR>[Calls]<UL><LI><a href="#[3b]">&gt;&gt;</a>&nbsp;&nbsp;&nbsp;_sys_exit
</UL>

<P><STRONG><a name="[65]"></a>__aeabi_memcpy4</STRONG> (Thumb, 56 bytes, Stack size 0 bytes, rt_memcpy.o(.emb_text))
<BR><BR>[Called By]<UL><LI><a href="#[af]">&gt;&gt;</a>&nbsp;&nbsp;&nbsp;MPU6050_GPIO_Config_OUT
<LI><a href="#[b3]">&gt;&gt;</a>&nbsp;&nbsp;&nbsp;MPU6050_GPIO_Config_IN
<LI><a href="#[b0]">&gt;&gt;</a>&nbsp;&nbsp;&nbsp;IIC_Init
<LI><a href="#[7a]">&gt;&gt;</a>&nbsp;&nbsp;&nbsp;B_IIC_Init
<LI><a href="#[67]">&gt;&gt;</a>&nbsp;&nbsp;&nbsp;BMP280_GPIO_Config_OUT
<LI><a href="#[64]">&gt;&gt;</a>&nbsp;&nbsp;&nbsp;BMP280_GPIO_Config_IN
</UL>

<P><STRONG><a name="[104]"></a>__aeabi_memcpy8</STRONG> (Thumb, 0 bytes, Stack size 0 bytes, rt_memcpy.o(.emb_text), UNUSED)

<P><STRONG><a name="[5]"></a>Reset_Handler</STRONG> (Thumb, 8 bytes, Stack size 0 bytes, startup_air001_dev.o(.text))
<BR>[Address Reference Count : 1]<UL><LI> startup_air001_dev.o(RESET)
</UL>
<P><STRONG><a name="[15]"></a>ADC_COMP_IRQHandler</STRONG> (Thumb, 0 bytes, Stack size 0 bytes, startup_air001_dev.o(.text))
<BR><BR>[Calls]<UL><LI><a href="#[15]">&gt;&gt;</a>&nbsp;&nbsp;&nbsp;ADC_COMP_IRQHandler
</UL>
<BR>[Called By]<UL><LI><a href="#[15]">&gt;&gt;</a>&nbsp;&nbsp;&nbsp;ADC_COMP_IRQHandler
</UL>
<BR>[Address Reference Count : 1]<UL><LI> startup_air001_dev.o(RESET)
</UL>
<P><STRONG><a name="[13]"></a>DMA1_Channel1_IRQHandler</STRONG> (Thumb, 0 bytes, Stack size 0 bytes, startup_air001_dev.o(.text))
<BR>[Address Reference Count : 1]<UL><LI> startup_air001_dev.o(RESET)
</UL>
<P><STRONG><a name="[14]"></a>DMA1_Channel2_3_IRQHandler</STRONG> (Thumb, 0 bytes, Stack size 0 bytes, startup_air001_dev.o(.text))
<BR>[Address Reference Count : 1]<UL><LI> startup_air001_dev.o(RESET)
</UL>
<P><STRONG><a name="[10]"></a>EXTI0_1_IRQHandler</STRONG> (Thumb, 0 bytes, Stack size 0 bytes, startup_air001_dev.o(.text))
<BR>[Address Reference Count : 1]<UL><LI> startup_air001_dev.o(RESET)
</UL>
<P><STRONG><a name="[11]"></a>EXTI2_3_IRQHandler</STRONG> (Thumb, 0 bytes, Stack size 0 bytes, startup_air001_dev.o(.text))
<BR>[Address Reference Count : 1]<UL><LI> startup_air001_dev.o(RESET)
</UL>
<P><STRONG><a name="[12]"></a>EXTI4_15_IRQHandler</STRONG> (Thumb, 0 bytes, Stack size 0 bytes, startup_air001_dev.o(.text))
<BR>[Address Reference Count : 1]<UL><LI> startup_air001_dev.o(RESET)
</UL>
<P><STRONG><a name="[e]"></a>FLASH_IRQHandler</STRONG> (Thumb, 0 bytes, Stack size 0 bytes, startup_air001_dev.o(.text))
<BR>[Address Reference Count : 1]<UL><LI> startup_air001_dev.o(RESET)
</UL>
<P><STRONG><a name="[1d]"></a>I2C1_IRQHandler</STRONG> (Thumb, 0 bytes, Stack size 0 bytes, startup_air001_dev.o(.text))
<BR>[Address Reference Count : 1]<UL><LI> startup_air001_dev.o(RESET)
</UL>
<P><STRONG><a name="[22]"></a>LED_IRQHandler</STRONG> (Thumb, 0 bytes, Stack size 0 bytes, startup_air001_dev.o(.text))
<BR>[Address Reference Count : 1]<UL><LI> startup_air001_dev.o(RESET)
</UL>
<P><STRONG><a name="[19]"></a>LPTIM1_IRQHandler</STRONG> (Thumb, 0 bytes, Stack size 0 bytes, startup_air001_dev.o(.text))
<BR>[Address Reference Count : 1]<UL><LI> startup_air001_dev.o(RESET)
</UL>
<P><STRONG><a name="[c]"></a>PVD_IRQHandler</STRONG> (Thumb, 0 bytes, Stack size 0 bytes, startup_air001_dev.o(.text))
<BR>[Address Reference Count : 1]<UL><LI> startup_air001_dev.o(RESET)
</UL>
<P><STRONG><a name="[f]"></a>RCC_IRQHandler</STRONG> (Thumb, 0 bytes, Stack size 0 bytes, startup_air001_dev.o(.text))
<BR>[Address Reference Count : 1]<UL><LI> startup_air001_dev.o(RESET)
</UL>
<P><STRONG><a name="[d]"></a>RTC_IRQHandler</STRONG> (Thumb, 0 bytes, Stack size 0 bytes, startup_air001_dev.o(.text))
<BR>[Address Reference Count : 1]<UL><LI> startup_air001_dev.o(RESET)
</UL>
<P><STRONG><a name="[1e]"></a>SPI1_IRQHandler</STRONG> (Thumb, 0 bytes, Stack size 0 bytes, startup_air001_dev.o(.text))
<BR>[Address Reference Count : 1]<UL><LI> startup_air001_dev.o(RESET)
</UL>
<P><STRONG><a name="[1f]"></a>SPI2_IRQHandler</STRONG> (Thumb, 0 bytes, Stack size 0 bytes, startup_air001_dev.o(.text))
<BR>[Address Reference Count : 1]<UL><LI> startup_air001_dev.o(RESET)
</UL>
<P><STRONG><a name="[1a]"></a>TIM14_IRQHandler</STRONG> (Thumb, 0 bytes, Stack size 0 bytes, startup_air001_dev.o(.text))
<BR>[Address Reference Count : 1]<UL><LI> startup_air001_dev.o(RESET)
</UL>
<P><STRONG><a name="[1b]"></a>TIM16_IRQHandler</STRONG> (Thumb, 0 bytes, Stack size 0 bytes, startup_air001_dev.o(.text))
<BR>[Address Reference Count : 1]<UL><LI> startup_air001_dev.o(RESET)
</UL>
<P><STRONG><a name="[1c]"></a>TIM17_IRQHandler</STRONG> (Thumb, 0 bytes, Stack size 0 bytes, startup_air001_dev.o(.text))
<BR>[Address Reference Count : 1]<UL><LI> startup_air001_dev.o(RESET)
</UL>
<P><STRONG><a name="[16]"></a>TIM1_BRK_UP_TRG_COM_IRQHandler</STRONG> (Thumb, 0 bytes, Stack size 0 bytes, startup_air001_dev.o(.text))
<BR>[Address Reference Count : 1]<UL><LI> startup_air001_dev.o(RESET)
</UL>
<P><STRONG><a name="[17]"></a>TIM1_CC_IRQHandler</STRONG> (Thumb, 0 bytes, Stack size 0 bytes, startup_air001_dev.o(.text))
<BR>[Address Reference Count : 1]<UL><LI> startup_air001_dev.o(RESET)
</UL>
<P><STRONG><a name="[20]"></a>USART1_IRQHandler</STRONG> (Thumb, 0 bytes, Stack size 0 bytes, startup_air001_dev.o(.text))
<BR>[Address Reference Count : 1]<UL><LI> startup_air001_dev.o(RESET)
</UL>
<P><STRONG><a name="[b]"></a>WWDG_IRQHandler</STRONG> (Thumb, 0 bytes, Stack size 0 bytes, startup_air001_dev.o(.text))
<BR>[Address Reference Count : 1]<UL><LI> startup_air001_dev.o(RESET)
</UL>
<P><STRONG><a name="[5f]"></a>__user_initial_stackheap</STRONG> (Thumb, 0 bytes, Stack size unknown bytes, startup_air001_dev.o(.text))
<BR><BR>[Called By]<UL><LI><a href="#[32]">&gt;&gt;</a>&nbsp;&nbsp;&nbsp;__user_setup_stackheap
</UL>

<P><STRONG><a name="[105]"></a>__use_no_semihosting</STRONG> (Thumb, 2 bytes, Stack size 0 bytes, use_no_semi_2.o(.text), UNUSED)

<P><STRONG><a name="[3c]"></a>__2printf</STRONG> (Thumb, 22 bytes, Stack size 24 bytes, noretval__2printf.o(.text))
<BR><BR>[Stack]<UL><LI>Max Depth = 136 + Unknown Stack Size
<LI>Call Chain = __2printf &rArr; _printf_char_file &rArr; _printf_char_common &rArr; __printf
</UL>
<BR>[Calls]<UL><LI><a href="#[3d]">&gt;&gt;</a>&nbsp;&nbsp;&nbsp;_printf_char_file
</UL>
<BR>[Called By]<UL><LI><a href="#[63]">&gt;&gt;</a>&nbsp;&nbsp;&nbsp;$Super$$main
</UL>

<P><STRONG><a name="[57]"></a>_printf_pre_padding</STRONG> (Thumb, 44 bytes, Stack size 16 bytes, _printf_pad.o(.text))
<BR><BR>[Stack]<UL><LI>Max Depth = 16<LI>Call Chain = _printf_pre_padding
</UL>
<BR>[Called By]<UL><LI><a href="#[41]">&gt;&gt;</a>&nbsp;&nbsp;&nbsp;_printf_int_common
</UL>

<P><STRONG><a name="[58]"></a>_printf_post_padding</STRONG> (Thumb, 34 bytes, Stack size 16 bytes, _printf_pad.o(.text))
<BR><BR>[Stack]<UL><LI>Max Depth = 16<LI>Call Chain = _printf_post_padding
</UL>
<BR>[Called By]<UL><LI><a href="#[41]">&gt;&gt;</a>&nbsp;&nbsp;&nbsp;_printf_int_common
</UL>

<P><STRONG><a name="[2e]"></a>_printf_int_dec</STRONG> (Thumb, 90 bytes, Stack size 32 bytes, _printf_dec.o(.text))
<BR><BR>[Stack]<UL><LI>Max Depth = 88<LI>Call Chain = _printf_int_dec &rArr; _printf_int_common &rArr; _printf_post_padding
</UL>
<BR>[Calls]<UL><LI><a href="#[3f]">&gt;&gt;</a>&nbsp;&nbsp;&nbsp;_printf_truncate_unsigned (Weak Reference)
<LI><a href="#[3e]">&gt;&gt;</a>&nbsp;&nbsp;&nbsp;_printf_truncate_signed (Weak Reference)
<LI><a href="#[40]">&gt;&gt;</a>&nbsp;&nbsp;&nbsp;__rt_udiv10
<LI><a href="#[41]">&gt;&gt;</a>&nbsp;&nbsp;&nbsp;_printf_int_common
</UL>
<BR>[Called By]<UL><LI><a href="#[2c]">&gt;&gt;</a>&nbsp;&nbsp;&nbsp;_printf_d
</UL>

<P><STRONG><a name="[30]"></a>_printf_int_hex</STRONG> (Thumb, 84 bytes, Stack size 16 bytes, _printf_hex_int.o(.text))
<BR><BR>[Stack]<UL><LI>Max Depth = 72<LI>Call Chain = _printf_int_hex &rArr; _printf_int_common &rArr; _printf_post_padding
</UL>
<BR>[Calls]<UL><LI><a href="#[3f]">&gt;&gt;</a>&nbsp;&nbsp;&nbsp;_printf_truncate_unsigned (Weak Reference)
<LI><a href="#[41]">&gt;&gt;</a>&nbsp;&nbsp;&nbsp;_printf_int_common
</UL>
<BR>[Called By]<UL><LI><a href="#[2d]">&gt;&gt;</a>&nbsp;&nbsp;&nbsp;_printf_x
</UL>

<P><STRONG><a name="[106]"></a>_printf_longlong_hex</STRONG> (Thumb, 0 bytes, Stack size 16 bytes, _printf_hex_int.o(.text), UNUSED)

<P><STRONG><a name="[42]"></a>__printf</STRONG> (Thumb, 386 bytes, Stack size 32 bytes, __printf_flags_ss_wp.o(.text))
<BR><BR>[Stack]<UL><LI>Max Depth = 32 + Unknown Stack Size
<LI>Call Chain = __printf
</UL>
<BR>[Calls]<UL><LI><a href="#[44]">&gt;&gt;</a>&nbsp;&nbsp;&nbsp;_printf_percent
<LI><a href="#[43]">&gt;&gt;</a>&nbsp;&nbsp;&nbsp;_is_digit
</UL>
<BR>[Called By]<UL><LI><a href="#[59]">&gt;&gt;</a>&nbsp;&nbsp;&nbsp;_printf_char_common
</UL>

<P><STRONG><a name="[107]"></a>__aeabi_uidiv</STRONG> (Thumb, 0 bytes, Stack size 0 bytes, aeabi_sdiv.o(.text), UNUSED)

<P><STRONG><a name="[83]"></a>__aeabi_uidivmod</STRONG> (Thumb, 20 bytes, Stack size 0 bytes, aeabi_sdiv.o(.text))
<BR><BR>[Called By]<UL><LI><a href="#[81]">&gt;&gt;</a>&nbsp;&nbsp;&nbsp;HAL_InitTick
<LI><a href="#[a9]">&gt;&gt;</a>&nbsp;&nbsp;&nbsp;UART_SetConfig
</UL>

<P><STRONG><a name="[108]"></a>__aeabi_idiv</STRONG> (Thumb, 0 bytes, Stack size 8 bytes, aeabi_sdiv.o(.text), UNUSED)

<P><STRONG><a name="[109]"></a>__aeabi_idivmod</STRONG> (Thumb, 326 bytes, Stack size 8 bytes, aeabi_sdiv.o(.text), UNUSED)

<P><STRONG><a name="[10a]"></a>__use_two_region_memory</STRONG> (Thumb, 2 bytes, Stack size 0 bytes, heapauxi.o(.text), UNUSED)

<P><STRONG><a name="[10b]"></a>__rt_heap_escrow$2region</STRONG> (Thumb, 2 bytes, Stack size 0 bytes, heapauxi.o(.text), UNUSED)

<P><STRONG><a name="[10c]"></a>__rt_heap_expand$2region</STRONG> (Thumb, 2 bytes, Stack size 0 bytes, heapauxi.o(.text), UNUSED)

<P><STRONG><a name="[be]"></a>__aeabi_d2f</STRONG> (Thumb, 0 bytes, Stack size 12 bytes, d2f.o(.text))
<BR><BR>[Stack]<UL><LI>Max Depth = 12<LI>Call Chain = __aeabi_d2f
</UL>
<BR>[Called By]<UL><LI><a href="#[c3]">&gt;&gt;</a>&nbsp;&nbsp;&nbsp;mpu_update
<LI><a href="#[bb]">&gt;&gt;</a>&nbsp;&nbsp;&nbsp;MPU_Get_Temperature
<LI><a href="#[d6]">&gt;&gt;</a>&nbsp;&nbsp;&nbsp;calcGyroOffsets
</UL>

<P><STRONG><a name="[10d]"></a>_d2f</STRONG> (Thumb, 120 bytes, Stack size 12 bytes, d2f.o(.text), UNUSED)

<P><STRONG><a name="[bd]"></a>__aeabi_dadd</STRONG> (Thumb, 0 bytes, Stack size 8 bytes, daddsub.o(.text))
<BR><BR>[Stack]<UL><LI>Max Depth = 8<LI>Call Chain = __aeabi_dadd
</UL>
<BR>[Called By]<UL><LI><a href="#[bb]">&gt;&gt;</a>&nbsp;&nbsp;&nbsp;MPU_Get_Temperature
<LI><a href="#[d6]">&gt;&gt;</a>&nbsp;&nbsp;&nbsp;calcGyroOffsets
<LI><a href="#[ca]">&gt;&gt;</a>&nbsp;&nbsp;&nbsp;__kernel_poly
<LI><a href="#[ce]">&gt;&gt;</a>&nbsp;&nbsp;&nbsp;__mathlib_dbl_infnan2
<LI><a href="#[d0]">&gt;&gt;</a>&nbsp;&nbsp;&nbsp;atan
</UL>

<P><STRONG><a name="[45]"></a>_dadd</STRONG> (Thumb, 26 bytes, Stack size 8 bytes, daddsub.o(.text), UNUSED)
<BR><BR>[Calls]<UL><LI><a href="#[46]">&gt;&gt;</a>&nbsp;&nbsp;&nbsp;_dsub1
<LI><a href="#[47]">&gt;&gt;</a>&nbsp;&nbsp;&nbsp;_dadd1
</UL>

<P><STRONG><a name="[d2]"></a>__aeabi_dsub</STRONG> (Thumb, 0 bytes, Stack size 8 bytes, daddsub.o(.text))
<BR><BR>[Stack]<UL><LI>Max Depth = 8<LI>Call Chain = __aeabi_dsub
</UL>
<BR>[Called By]<UL><LI><a href="#[d0]">&gt;&gt;</a>&nbsp;&nbsp;&nbsp;atan
<LI><a href="#[d4]">&gt;&gt;</a>&nbsp;&nbsp;&nbsp;atan2
</UL>

<P><STRONG><a name="[48]"></a>_dsub</STRONG> (Thumb, 22 bytes, Stack size 8 bytes, daddsub.o(.text), UNUSED)
<BR><BR>[Calls]<UL><LI><a href="#[46]">&gt;&gt;</a>&nbsp;&nbsp;&nbsp;_dsub1
<LI><a href="#[47]">&gt;&gt;</a>&nbsp;&nbsp;&nbsp;_dadd1
</UL>

<P><STRONG><a name="[d3]"></a>__aeabi_drsub</STRONG> (Thumb, 0 bytes, Stack size 16 bytes, daddsub.o(.text))
<BR><BR>[Stack]<UL><LI>Max Depth = 16<LI>Call Chain = __aeabi_drsub
</UL>
<BR>[Called By]<UL><LI><a href="#[d0]">&gt;&gt;</a>&nbsp;&nbsp;&nbsp;atan
<LI><a href="#[d4]">&gt;&gt;</a>&nbsp;&nbsp;&nbsp;atan2
</UL>

<P><STRONG><a name="[49]"></a>_drsb</STRONG> (Thumb, 28 bytes, Stack size 16 bytes, daddsub.o(.text), UNUSED)
<BR><BR>[Calls]<UL><LI><a href="#[46]">&gt;&gt;</a>&nbsp;&nbsp;&nbsp;_dsub1
<LI><a href="#[47]">&gt;&gt;</a>&nbsp;&nbsp;&nbsp;_dadd1
</UL>

<P><STRONG><a name="[bc]"></a>__aeabi_ddiv</STRONG> (Thumb, 0 bytes, Stack size 64 bytes, ddiv.o(.text))
<BR><BR>[Stack]<UL><LI>Max Depth = 64<LI>Call Chain = __aeabi_ddiv
</UL>
<BR>[Called By]<UL><LI><a href="#[c3]">&gt;&gt;</a>&nbsp;&nbsp;&nbsp;mpu_update
<LI><a href="#[bb]">&gt;&gt;</a>&nbsp;&nbsp;&nbsp;MPU_Get_Temperature
<LI><a href="#[d6]">&gt;&gt;</a>&nbsp;&nbsp;&nbsp;calcGyroOffsets
<LI><a href="#[d0]">&gt;&gt;</a>&nbsp;&nbsp;&nbsp;atan
<LI><a href="#[d4]">&gt;&gt;</a>&nbsp;&nbsp;&nbsp;atan2
</UL>

<P><STRONG><a name="[4b]"></a>_ddiv</STRONG> (Thumb, 1072 bytes, Stack size 64 bytes, ddiv.o(.text), UNUSED)
<BR><BR>[Called By]<UL><LI><a href="#[4a]">&gt;&gt;</a>&nbsp;&nbsp;&nbsp;_drdiv
</UL>

<P><STRONG><a name="[4a]"></a>_drdiv</STRONG> (Thumb, 20 bytes, Stack size 16 bytes, ddiv.o(.text), UNUSED)
<BR><BR>[Calls]<UL><LI><a href="#[4b]">&gt;&gt;</a>&nbsp;&nbsp;&nbsp;_ddiv
</UL>

<P><STRONG><a name="[4d]"></a>__aeabi_i2d_normalise</STRONG> (Thumb, 66 bytes, Stack size 0 bytes, dflti.o(.text))
<BR><BR>[Called By]<UL><LI><a href="#[4e]">&gt;&gt;</a>&nbsp;&nbsp;&nbsp;__aeabi_ui2d
<LI><a href="#[4c]">&gt;&gt;</a>&nbsp;&nbsp;&nbsp;__aeabi_i2d
</UL>

<P><STRONG><a name="[4c]"></a>__aeabi_i2d</STRONG> (Thumb, 16 bytes, Stack size 0 bytes, dflti.o(.text))
<BR><BR>[Calls]<UL><LI><a href="#[4d]">&gt;&gt;</a>&nbsp;&nbsp;&nbsp;__aeabi_i2d_normalise
</UL>
<BR>[Called By]<UL><LI><a href="#[c3]">&gt;&gt;</a>&nbsp;&nbsp;&nbsp;mpu_update
<LI><a href="#[bb]">&gt;&gt;</a>&nbsp;&nbsp;&nbsp;MPU_Get_Temperature
<LI><a href="#[d6]">&gt;&gt;</a>&nbsp;&nbsp;&nbsp;calcGyroOffsets
</UL>

<P><STRONG><a name="[10e]"></a>_dflt</STRONG> (Thumb, 0 bytes, Stack size 0 bytes, dflti.o(.text), UNUSED)

<P><STRONG><a name="[4e]"></a>__aeabi_ui2d</STRONG> (Thumb, 6 bytes, Stack size 0 bytes, dflti.o(.text))
<BR><BR>[Calls]<UL><LI><a href="#[4d]">&gt;&gt;</a>&nbsp;&nbsp;&nbsp;__aeabi_i2d_normalise
</UL>
<BR>[Called By]<UL><LI><a href="#[c3]">&gt;&gt;</a>&nbsp;&nbsp;&nbsp;mpu_update
</UL>

<P><STRONG><a name="[10f]"></a>_dfltu</STRONG> (Thumb, 0 bytes, Stack size 0 bytes, dflti.o(.text), UNUSED)

<P><STRONG><a name="[cb]"></a>__aeabi_dmul</STRONG> (Thumb, 0 bytes, Stack size 56 bytes, dmul.o(.text))
<BR><BR>[Stack]<UL><LI>Max Depth = 56<LI>Call Chain = __aeabi_dmul
</UL>
<BR>[Called By]<UL><LI><a href="#[c3]">&gt;&gt;</a>&nbsp;&nbsp;&nbsp;mpu_update
<LI><a href="#[ca]">&gt;&gt;</a>&nbsp;&nbsp;&nbsp;__kernel_poly
<LI><a href="#[d0]">&gt;&gt;</a>&nbsp;&nbsp;&nbsp;atan
</UL>

<P><STRONG><a name="[110]"></a>_dmul</STRONG> (Thumb, 558 bytes, Stack size 56 bytes, dmul.o(.text), UNUSED)

<P><STRONG><a name="[cd]"></a>__ARM_scalbn</STRONG> (Thumb, 84 bytes, Stack size 16 bytes, dscalbn.o(.text))
<BR><BR>[Stack]<UL><LI>Max Depth = 16<LI>Call Chain = __ARM_scalbn
</UL>
<BR>[Called By]<UL><LI><a href="#[c3]">&gt;&gt;</a>&nbsp;&nbsp;&nbsp;mpu_update
<LI><a href="#[cf]">&gt;&gt;</a>&nbsp;&nbsp;&nbsp;__mathlib_dbl_underflow
<LI><a href="#[cc]">&gt;&gt;</a>&nbsp;&nbsp;&nbsp;__mathlib_dbl_infnan
<LI><a href="#[d0]">&gt;&gt;</a>&nbsp;&nbsp;&nbsp;atan
</UL>

<P><STRONG><a name="[d7]"></a>__aeabi_f2d</STRONG> (Thumb, 0 bytes, Stack size 0 bytes, f2d.o(.text))
<BR><BR>[Called By]<UL><LI><a href="#[c3]">&gt;&gt;</a>&nbsp;&nbsp;&nbsp;mpu_update
<LI><a href="#[d6]">&gt;&gt;</a>&nbsp;&nbsp;&nbsp;calcGyroOffsets
</UL>

<P><STRONG><a name="[111]"></a>_f2d</STRONG> (Thumb, 80 bytes, Stack size 0 bytes, f2d.o(.text), UNUSED)

<P><STRONG><a name="[d8]"></a>__aeabi_fdiv</STRONG> (Thumb, 0 bytes, Stack size 20 bytes, fdiv.o(.text))
<BR><BR>[Stack]<UL><LI>Max Depth = 20<LI>Call Chain = __aeabi_fdiv
</UL>
<BR>[Called By]<UL><LI><a href="#[d6]">&gt;&gt;</a>&nbsp;&nbsp;&nbsp;calcGyroOffsets
</UL>

<P><STRONG><a name="[50]"></a>_fdiv</STRONG> (Thumb, 334 bytes, Stack size 20 bytes, fdiv.o(.text), UNUSED)
<BR><BR>[Called By]<UL><LI><a href="#[4f]">&gt;&gt;</a>&nbsp;&nbsp;&nbsp;_frdiv
</UL>

<P><STRONG><a name="[4f]"></a>_frdiv</STRONG> (Thumb, 8 bytes, Stack size 0 bytes, fdiv.o(.text), UNUSED)
<BR><BR>[Calls]<UL><LI><a href="#[50]">&gt;&gt;</a>&nbsp;&nbsp;&nbsp;_fdiv
</UL>

<P><STRONG><a name="[c0]"></a>__aeabi_f2iz</STRONG> (Thumb, 0 bytes, Stack size 8 bytes, ffixi.o(.text))
<BR><BR>[Stack]<UL><LI>Max Depth = 8<LI>Call Chain = __aeabi_f2iz
</UL>
<BR>[Called By]<UL><LI><a href="#[c3]">&gt;&gt;</a>&nbsp;&nbsp;&nbsp;mpu_update
<LI><a href="#[bb]">&gt;&gt;</a>&nbsp;&nbsp;&nbsp;MPU_Get_Temperature
</UL>

<P><STRONG><a name="[112]"></a>_ffix</STRONG> (Thumb, 76 bytes, Stack size 8 bytes, ffixi.o(.text), UNUSED)

<P><STRONG><a name="[52]"></a>__aeabi_i2f_normalise</STRONG> (Thumb, 72 bytes, Stack size 0 bytes, fflti.o(.text))
<BR><BR>[Called By]<UL><LI><a href="#[53]">&gt;&gt;</a>&nbsp;&nbsp;&nbsp;__aeabi_ui2f
<LI><a href="#[51]">&gt;&gt;</a>&nbsp;&nbsp;&nbsp;__aeabi_i2f
</UL>

<P><STRONG><a name="[51]"></a>__aeabi_i2f</STRONG> (Thumb, 16 bytes, Stack size 0 bytes, fflti.o(.text))
<BR><BR>[Calls]<UL><LI><a href="#[52]">&gt;&gt;</a>&nbsp;&nbsp;&nbsp;__aeabi_i2f_normalise
</UL>
<BR>[Called By]<UL><LI><a href="#[c3]">&gt;&gt;</a>&nbsp;&nbsp;&nbsp;mpu_update
</UL>

<P><STRONG><a name="[113]"></a>_fflt</STRONG> (Thumb, 0 bytes, Stack size 0 bytes, fflti.o(.text), UNUSED)

<P><STRONG><a name="[53]"></a>__aeabi_ui2f</STRONG> (Thumb, 6 bytes, Stack size 0 bytes, fflti.o(.text), UNUSED)
<BR><BR>[Calls]<UL><LI><a href="#[52]">&gt;&gt;</a>&nbsp;&nbsp;&nbsp;__aeabi_i2f_normalise
</UL>

<P><STRONG><a name="[114]"></a>_ffltu</STRONG> (Thumb, 0 bytes, Stack size 0 bytes, fflti.o(.text), UNUSED)

<P><STRONG><a name="[115]"></a>__I$use$semihosting</STRONG> (Thumb, 0 bytes, Stack size 0 bytes, use_no_semi.o(.text), UNUSED)

<P><STRONG><a name="[116]"></a>__use_no_semihosting_swi</STRONG> (Thumb, 2 bytes, Stack size 0 bytes, use_no_semi.o(.text), UNUSED)

<P><STRONG><a name="[54]"></a>__read_errno</STRONG> (Thumb, 10 bytes, Stack size 8 bytes, _rserrno.o(.text), UNUSED)
<BR><BR>[Calls]<UL><LI><a href="#[55]">&gt;&gt;</a>&nbsp;&nbsp;&nbsp;__aeabi_errno_addr
</UL>

<P><STRONG><a name="[56]"></a>__set_errno</STRONG> (Thumb, 12 bytes, Stack size 8 bytes, _rserrno.o(.text))
<BR><BR>[Stack]<UL><LI>Max Depth = 8<LI>Call Chain = __set_errno
</UL>
<BR>[Calls]<UL><LI><a href="#[55]">&gt;&gt;</a>&nbsp;&nbsp;&nbsp;__aeabi_errno_addr
</UL>
<BR>[Called By]<UL><LI><a href="#[d4]">&gt;&gt;</a>&nbsp;&nbsp;&nbsp;atan2
</UL>

<P><STRONG><a name="[41]"></a>_printf_int_common</STRONG> (Thumb, 176 bytes, Stack size 40 bytes, _printf_intcommon.o(.text))
<BR><BR>[Stack]<UL><LI>Max Depth = 56<LI>Call Chain = _printf_int_common &rArr; _printf_post_padding
</UL>
<BR>[Calls]<UL><LI><a href="#[58]">&gt;&gt;</a>&nbsp;&nbsp;&nbsp;_printf_post_padding
<LI><a href="#[57]">&gt;&gt;</a>&nbsp;&nbsp;&nbsp;_printf_pre_padding
</UL>
<BR>[Called By]<UL><LI><a href="#[30]">&gt;&gt;</a>&nbsp;&nbsp;&nbsp;_printf_int_hex
<LI><a href="#[2e]">&gt;&gt;</a>&nbsp;&nbsp;&nbsp;_printf_int_dec
</UL>

<P><STRONG><a name="[3d]"></a>_printf_char_file</STRONG> (Thumb, 34 bytes, Stack size 16 bytes, _printf_char_file.o(.text))
<BR><BR>[Stack]<UL><LI>Max Depth = 112 + Unknown Stack Size
<LI>Call Chain = _printf_char_file &rArr; _printf_char_common &rArr; __printf
</UL>
<BR>[Calls]<UL><LI><a href="#[5a]">&gt;&gt;</a>&nbsp;&nbsp;&nbsp;ferror
<LI><a href="#[59]">&gt;&gt;</a>&nbsp;&nbsp;&nbsp;_printf_char_common
</UL>
<BR>[Called By]<UL><LI><a href="#[3c]">&gt;&gt;</a>&nbsp;&nbsp;&nbsp;__2printf
</UL>

<P><STRONG><a name="[40]"></a>__rt_udiv10</STRONG> (Thumb, 40 bytes, Stack size 0 bytes, rtudiv10.o(.text))
<BR><BR>[Called By]<UL><LI><a href="#[2e]">&gt;&gt;</a>&nbsp;&nbsp;&nbsp;_printf_int_dec
</UL>

<P><STRONG><a name="[55]"></a>__aeabi_errno_addr</STRONG> (Thumb, 8 bytes, Stack size 0 bytes, rt_errno_addr_intlibspace.o(.text))
<BR><BR>[Called By]<UL><LI><a href="#[56]">&gt;&gt;</a>&nbsp;&nbsp;&nbsp;__set_errno
<LI><a href="#[54]">&gt;&gt;</a>&nbsp;&nbsp;&nbsp;__read_errno
</UL>

<P><STRONG><a name="[117]"></a>__errno$intlibspace</STRONG> (Thumb, 0 bytes, Stack size 0 bytes, rt_errno_addr_intlibspace.o(.text), UNUSED)

<P><STRONG><a name="[118]"></a>__rt_errno_addr$intlibspace</STRONG> (Thumb, 0 bytes, Stack size 0 bytes, rt_errno_addr_intlibspace.o(.text), UNUSED)

<P><STRONG><a name="[59]"></a>_printf_char_common</STRONG> (Thumb, 32 bytes, Stack size 64 bytes, _printf_char_common.o(.text))
<BR><BR>[Stack]<UL><LI>Max Depth = 96 + Unknown Stack Size
<LI>Call Chain = _printf_char_common &rArr; __printf
</UL>
<BR>[Calls]<UL><LI><a href="#[42]">&gt;&gt;</a>&nbsp;&nbsp;&nbsp;__printf
</UL>
<BR>[Called By]<UL><LI><a href="#[3d]">&gt;&gt;</a>&nbsp;&nbsp;&nbsp;_printf_char_file
</UL>

<P><STRONG><a name="[5a]"></a>ferror</STRONG> (Thumb, 8 bytes, Stack size 0 bytes, ferror.o(.text))
<BR><BR>[Called By]<UL><LI><a href="#[3d]">&gt;&gt;</a>&nbsp;&nbsp;&nbsp;_printf_char_file
</UL>

<P><STRONG><a name="[5b]"></a>__fpl_dcmp_InfNaN</STRONG> (Thumb, 140 bytes, Stack size 24 bytes, dcmpin.o(.text), UNUSED)
<BR><BR>[Calls]<UL><LI><a href="#[5d]">&gt;&gt;</a>&nbsp;&nbsp;&nbsp;__fpl_dcheck_NaN2
<LI><a href="#[5c]">&gt;&gt;</a>&nbsp;&nbsp;&nbsp;__fpl_cmpreturn
</UL>
<BR>[Called By]<UL><LI><a href="#[db]">&gt;&gt;</a>&nbsp;&nbsp;&nbsp;_dcmpeq
</UL>

<P><STRONG><a name="[119]"></a>__user_libspace</STRONG> (Thumb, 8 bytes, Stack size 0 bytes, libspace.o(.text), UNUSED)

<P><STRONG><a name="[5e]"></a>__user_perproc_libspace</STRONG> (Thumb, 0 bytes, Stack size 0 bytes, libspace.o(.text))
<BR><BR>[Called By]<UL><LI><a href="#[32]">&gt;&gt;</a>&nbsp;&nbsp;&nbsp;__user_setup_stackheap
</UL>

<P><STRONG><a name="[11a]"></a>__user_perthread_libspace</STRONG> (Thumb, 0 bytes, Stack size 0 bytes, libspace.o(.text), UNUSED)

<P><STRONG><a name="[32]"></a>__user_setup_stackheap</STRONG> (Thumb, 62 bytes, Stack size 8 bytes, sys_stackheap_outer.o(.text))
<BR><BR>[Stack]<UL><LI>Max Depth = 8 + Unknown Stack Size
<LI>Call Chain = __user_setup_stackheap
</UL>
<BR>[Calls]<UL><LI><a href="#[5f]">&gt;&gt;</a>&nbsp;&nbsp;&nbsp;__user_initial_stackheap
<LI><a href="#[5e]">&gt;&gt;</a>&nbsp;&nbsp;&nbsp;__user_perproc_libspace
</UL>
<BR>[Called By]<UL><LI><a href="#[31]">&gt;&gt;</a>&nbsp;&nbsp;&nbsp;__rt_entry_sh
</UL>

<P><STRONG><a name="[37]"></a>exit</STRONG> (Thumb, 16 bytes, Stack size 8 bytes, exit.o(.text))
<BR><BR>[Stack]<UL><LI>Max Depth = 8 + Unknown Stack Size
<LI>Call Chain = exit
</UL>
<BR>[Calls]<UL><LI><a href="#[61]">&gt;&gt;</a>&nbsp;&nbsp;&nbsp;__rt_exit
<LI><a href="#[60]">&gt;&gt;</a>&nbsp;&nbsp;&nbsp;_call_atexit_fns (Weak Reference)
</UL>
<BR>[Called By]<UL><LI><a href="#[35]">&gt;&gt;</a>&nbsp;&nbsp;&nbsp;__rt_entry_main
</UL>

<P><STRONG><a name="[5c]"></a>__fpl_cmpreturn</STRONG> (Thumb, 46 bytes, Stack size 0 bytes, cmpret.o(.text), UNUSED)
<BR><BR>[Called By]<UL><LI><a href="#[62]">&gt;&gt;</a>&nbsp;&nbsp;&nbsp;__fpl_return_NaN
<LI><a href="#[5b]">&gt;&gt;</a>&nbsp;&nbsp;&nbsp;__fpl_dcmp_InfNaN
</UL>

<P><STRONG><a name="[5d]"></a>__fpl_dcheck_NaN2</STRONG> (Thumb, 14 bytes, Stack size 8 bytes, dnan2.o(.text), UNUSED)
<BR><BR>[Calls]<UL><LI><a href="#[62]">&gt;&gt;</a>&nbsp;&nbsp;&nbsp;__fpl_return_NaN
</UL>
<BR>[Called By]<UL><LI><a href="#[5b]">&gt;&gt;</a>&nbsp;&nbsp;&nbsp;__fpl_dcmp_InfNaN
</UL>

<P><STRONG><a name="[62]"></a>__fpl_return_NaN</STRONG> (Thumb, 94 bytes, Stack size 8 bytes, retnan.o(.text), UNUSED)
<BR><BR>[Calls]<UL><LI><a href="#[5c]">&gt;&gt;</a>&nbsp;&nbsp;&nbsp;__fpl_cmpreturn
</UL>
<BR>[Called By]<UL><LI><a href="#[5d]">&gt;&gt;</a>&nbsp;&nbsp;&nbsp;__fpl_dcheck_NaN2
</UL>

<P><STRONG><a name="[11b]"></a>__decompress</STRONG> (Thumb, 0 bytes, Stack size unknown bytes, __dczerorl.o(.text), UNUSED)

<P><STRONG><a name="[11c]"></a>__decompress0</STRONG> (Thumb, 58 bytes, Stack size unknown bytes, __dczerorl.o(.text), UNUSED)

<P><STRONG><a name="[36]"></a>main</STRONG> (Thumb, 40 bytes, Stack size 8 bytes, system_air001xx.o(i.$Sub$$main))
<BR><BR>[Stack]<UL><LI>Max Depth = 524 + Unknown Stack Size
<LI>Call Chain = main &rArr; $Super$$main &rArr; PWM_Init &rArr; HAL_TIM_PWM_ConfigChannel &rArr; TIM_OC3_SetConfig
</UL>
<BR>[Calls]<UL><LI><a href="#[63]">&gt;&gt;</a>&nbsp;&nbsp;&nbsp;$Super$$main
</UL>
<BR>[Called By]<UL><LI><a href="#[35]">&gt;&gt;</a>&nbsp;&nbsp;&nbsp;__rt_entry_main
</UL>

<P><STRONG><a name="[64]"></a>BMP280_GPIO_Config_IN</STRONG> (Thumb, 42 bytes, Stack size 32 bytes, bmp280_i2c.o(i.BMP280_GPIO_Config_IN))
<BR><BR>[Stack]<UL><LI>Max Depth = 52<LI>Call Chain = BMP280_GPIO_Config_IN &rArr; HAL_GPIO_Init
</UL>
<BR>[Calls]<UL><LI><a href="#[66]">&gt;&gt;</a>&nbsp;&nbsp;&nbsp;HAL_GPIO_Init
<LI><a href="#[65]">&gt;&gt;</a>&nbsp;&nbsp;&nbsp;__aeabi_memcpy4
</UL>
<BR>[Called By]<UL><LI><a href="#[6d]">&gt;&gt;</a>&nbsp;&nbsp;&nbsp;B_IIC_Wait_Ack
<LI><a href="#[6e]">&gt;&gt;</a>&nbsp;&nbsp;&nbsp;B_IIC_Read_Byte
</UL>

<P><STRONG><a name="[67]"></a>BMP280_GPIO_Config_OUT</STRONG> (Thumb, 42 bytes, Stack size 32 bytes, bmp280_i2c.o(i.BMP280_GPIO_Config_OUT))
<BR><BR>[Stack]<UL><LI>Max Depth = 52<LI>Call Chain = BMP280_GPIO_Config_OUT &rArr; HAL_GPIO_Init
</UL>
<BR>[Calls]<UL><LI><a href="#[66]">&gt;&gt;</a>&nbsp;&nbsp;&nbsp;HAL_GPIO_Init
<LI><a href="#[65]">&gt;&gt;</a>&nbsp;&nbsp;&nbsp;__aeabi_memcpy4
</UL>
<BR>[Called By]<UL><LI><a href="#[7b]">&gt;&gt;</a>&nbsp;&nbsp;&nbsp;B_IIC_NAck
<LI><a href="#[77]">&gt;&gt;</a>&nbsp;&nbsp;&nbsp;B_IIC_Ack
<LI><a href="#[6f]">&gt;&gt;</a>&nbsp;&nbsp;&nbsp;B_IIC_Stop
<LI><a href="#[6b]">&gt;&gt;</a>&nbsp;&nbsp;&nbsp;B_IIC_Start
<LI><a href="#[6c]">&gt;&gt;</a>&nbsp;&nbsp;&nbsp;B_IIC_Send_Byte
</UL>

<P><STRONG><a name="[68]"></a>BMP280_Get_Pressure</STRONG> (Thumb, 36 bytes, Stack size 16 bytes, bmp280.o(i.BMP280_Get_Pressure))
<BR><BR>[Stack]<UL><LI>Max Depth = 108<LI>Call Chain = BMP280_Get_Pressure &rArr; BMP280_Read_Byte &rArr; B_IIC_Read_Byte &rArr; B_IIC_NAck &rArr; BMP280_GPIO_Config_OUT &rArr; HAL_GPIO_Init
</UL>
<BR>[Calls]<UL><LI><a href="#[69]">&gt;&gt;</a>&nbsp;&nbsp;&nbsp;BMP280_Read_Byte
</UL>
<BR>[Called By]<UL><LI><a href="#[63]">&gt;&gt;</a>&nbsp;&nbsp;&nbsp;$Super$$main
</UL>

<P><STRONG><a name="[6a]"></a>BMP280_ReadID</STRONG> (Thumb, 10 bytes, Stack size 8 bytes, bmp280.o(i.BMP280_ReadID))
<BR><BR>[Stack]<UL><LI>Max Depth = 100<LI>Call Chain = BMP280_ReadID &rArr; BMP280_Read_Byte &rArr; B_IIC_Read_Byte &rArr; B_IIC_NAck &rArr; BMP280_GPIO_Config_OUT &rArr; HAL_GPIO_Init
</UL>
<BR>[Calls]<UL><LI><a href="#[69]">&gt;&gt;</a>&nbsp;&nbsp;&nbsp;BMP280_Read_Byte
</UL>
<BR>[Called By]<UL><LI><a href="#[63]">&gt;&gt;</a>&nbsp;&nbsp;&nbsp;$Super$$main
</UL>

<P><STRONG><a name="[70]"></a>BMP280_Set_Standby_FILTER</STRONG> (Thumb, 26 bytes, Stack size 8 bytes, bmp280.o(i.BMP280_Set_Standby_FILTER))
<BR><BR>[Stack]<UL><LI>Max Depth = 92<LI>Call Chain = BMP280_Set_Standby_FILTER &rArr; BMP280_Write_Byte &rArr; B_IIC_Wait_Ack &rArr; BMP280_GPIO_Config_IN &rArr; HAL_GPIO_Init
</UL>
<BR>[Calls]<UL><LI><a href="#[71]">&gt;&gt;</a>&nbsp;&nbsp;&nbsp;BMP280_Write_Byte
</UL>
<BR>[Called By]<UL><LI><a href="#[7d]">&gt;&gt;</a>&nbsp;&nbsp;&nbsp;Bmp_Init
</UL>

<P><STRONG><a name="[72]"></a>BMP280_Set_TemOversamp</STRONG> (Thumb, 26 bytes, Stack size 8 bytes, bmp280.o(i.BMP280_Set_TemOversamp))
<BR><BR>[Stack]<UL><LI>Max Depth = 92<LI>Call Chain = BMP280_Set_TemOversamp &rArr; BMP280_Write_Byte &rArr; B_IIC_Wait_Ack &rArr; BMP280_GPIO_Config_IN &rArr; HAL_GPIO_Init
</UL>
<BR>[Calls]<UL><LI><a href="#[71]">&gt;&gt;</a>&nbsp;&nbsp;&nbsp;BMP280_Write_Byte
</UL>
<BR>[Called By]<UL><LI><a href="#[7d]">&gt;&gt;</a>&nbsp;&nbsp;&nbsp;Bmp_Init
</UL>

<P><STRONG><a name="[73]"></a>BSP_USART_Config</STRONG> (Thumb, 140 bytes, Stack size 40 bytes, air001_core_board.o(i.BSP_USART_Config))
<BR><BR>[Stack]<UL><LI>Max Depth = 84<LI>Call Chain = BSP_USART_Config &rArr; HAL_UART_Init &rArr; UART_SetConfig &rArr; HAL_RCC_GetPCLK1Freq
</UL>
<BR>[Calls]<UL><LI><a href="#[74]">&gt;&gt;</a>&nbsp;&nbsp;&nbsp;HAL_UART_Init
<LI><a href="#[75]">&gt;&gt;</a>&nbsp;&nbsp;&nbsp;HAL_NVIC_SetPriority
<LI><a href="#[76]">&gt;&gt;</a>&nbsp;&nbsp;&nbsp;HAL_NVIC_EnableIRQ
<LI><a href="#[66]">&gt;&gt;</a>&nbsp;&nbsp;&nbsp;HAL_GPIO_Init
</UL>
<BR>[Called By]<UL><LI><a href="#[63]">&gt;&gt;</a>&nbsp;&nbsp;&nbsp;$Super$$main
</UL>

<P><STRONG><a name="[77]"></a>B_IIC_Ack</STRONG> (Thumb, 62 bytes, Stack size 8 bytes, bmp280_i2c.o(i.B_IIC_Ack))
<BR><BR>[Stack]<UL><LI>Max Depth = 60<LI>Call Chain = B_IIC_Ack &rArr; BMP280_GPIO_Config_OUT &rArr; HAL_GPIO_Init
</UL>
<BR>[Calls]<UL><LI><a href="#[78]">&gt;&gt;</a>&nbsp;&nbsp;&nbsp;HAL_GPIO_WritePin
<LI><a href="#[79]">&gt;&gt;</a>&nbsp;&nbsp;&nbsp;Delay_us
<LI><a href="#[67]">&gt;&gt;</a>&nbsp;&nbsp;&nbsp;BMP280_GPIO_Config_OUT
</UL>
<BR>[Called By]<UL><LI><a href="#[6e]">&gt;&gt;</a>&nbsp;&nbsp;&nbsp;B_IIC_Read_Byte
</UL>

<P><STRONG><a name="[7a]"></a>B_IIC_Init</STRONG> (Thumb, 64 bytes, Stack size 32 bytes, bmp280_i2c.o(i.B_IIC_Init))
<BR><BR>[Stack]<UL><LI>Max Depth = 52<LI>Call Chain = B_IIC_Init &rArr; HAL_GPIO_Init
</UL>
<BR>[Calls]<UL><LI><a href="#[78]">&gt;&gt;</a>&nbsp;&nbsp;&nbsp;HAL_GPIO_WritePin
<LI><a href="#[66]">&gt;&gt;</a>&nbsp;&nbsp;&nbsp;HAL_GPIO_Init
<LI><a href="#[65]">&gt;&gt;</a>&nbsp;&nbsp;&nbsp;__aeabi_memcpy4
</UL>
<BR>[Called By]<UL><LI><a href="#[63]">&gt;&gt;</a>&nbsp;&nbsp;&nbsp;$Super$$main
</UL>

<P><STRONG><a name="[7b]"></a>B_IIC_NAck</STRONG> (Thumb, 62 bytes, Stack size 8 bytes, bmp280_i2c.o(i.B_IIC_NAck))
<BR><BR>[Stack]<UL><LI>Max Depth = 60<LI>Call Chain = B_IIC_NAck &rArr; BMP280_GPIO_Config_OUT &rArr; HAL_GPIO_Init
</UL>
<BR>[Calls]<UL><LI><a href="#[78]">&gt;&gt;</a>&nbsp;&nbsp;&nbsp;HAL_GPIO_WritePin
<LI><a href="#[79]">&gt;&gt;</a>&nbsp;&nbsp;&nbsp;Delay_us
<LI><a href="#[67]">&gt;&gt;</a>&nbsp;&nbsp;&nbsp;BMP280_GPIO_Config_OUT
</UL>
<BR>[Called By]<UL><LI><a href="#[6e]">&gt;&gt;</a>&nbsp;&nbsp;&nbsp;B_IIC_Read_Byte
</UL>

<P><STRONG><a name="[6e]"></a>B_IIC_Read_Byte</STRONG> (Thumb, 92 bytes, Stack size 24 bytes, bmp280_i2c.o(i.B_IIC_Read_Byte))
<BR><BR>[Stack]<UL><LI>Max Depth = 84<LI>Call Chain = B_IIC_Read_Byte &rArr; B_IIC_NAck &rArr; BMP280_GPIO_Config_OUT &rArr; HAL_GPIO_Init
</UL>
<BR>[Calls]<UL><LI><a href="#[78]">&gt;&gt;</a>&nbsp;&nbsp;&nbsp;HAL_GPIO_WritePin
<LI><a href="#[7c]">&gt;&gt;</a>&nbsp;&nbsp;&nbsp;HAL_GPIO_ReadPin
<LI><a href="#[79]">&gt;&gt;</a>&nbsp;&nbsp;&nbsp;Delay_us
<LI><a href="#[7b]">&gt;&gt;</a>&nbsp;&nbsp;&nbsp;B_IIC_NAck
<LI><a href="#[77]">&gt;&gt;</a>&nbsp;&nbsp;&nbsp;B_IIC_Ack
<LI><a href="#[64]">&gt;&gt;</a>&nbsp;&nbsp;&nbsp;BMP280_GPIO_Config_IN
</UL>
<BR>[Called By]<UL><LI><a href="#[69]">&gt;&gt;</a>&nbsp;&nbsp;&nbsp;BMP280_Read_Byte
</UL>

<P><STRONG><a name="[6c]"></a>B_IIC_Send_Byte</STRONG> (Thumb, 118 bytes, Stack size 16 bytes, bmp280_i2c.o(i.B_IIC_Send_Byte))
<BR><BR>[Stack]<UL><LI>Max Depth = 68<LI>Call Chain = B_IIC_Send_Byte &rArr; BMP280_GPIO_Config_OUT &rArr; HAL_GPIO_Init
</UL>
<BR>[Calls]<UL><LI><a href="#[78]">&gt;&gt;</a>&nbsp;&nbsp;&nbsp;HAL_GPIO_WritePin
<LI><a href="#[79]">&gt;&gt;</a>&nbsp;&nbsp;&nbsp;Delay_us
<LI><a href="#[67]">&gt;&gt;</a>&nbsp;&nbsp;&nbsp;BMP280_GPIO_Config_OUT
</UL>
<BR>[Called By]<UL><LI><a href="#[71]">&gt;&gt;</a>&nbsp;&nbsp;&nbsp;BMP280_Write_Byte
<LI><a href="#[69]">&gt;&gt;</a>&nbsp;&nbsp;&nbsp;BMP280_Read_Byte
</UL>

<P><STRONG><a name="[6b]"></a>B_IIC_Start</STRONG> (Thumb, 62 bytes, Stack size 8 bytes, bmp280_i2c.o(i.B_IIC_Start))
<BR><BR>[Stack]<UL><LI>Max Depth = 60<LI>Call Chain = B_IIC_Start &rArr; BMP280_GPIO_Config_OUT &rArr; HAL_GPIO_Init
</UL>
<BR>[Calls]<UL><LI><a href="#[78]">&gt;&gt;</a>&nbsp;&nbsp;&nbsp;HAL_GPIO_WritePin
<LI><a href="#[79]">&gt;&gt;</a>&nbsp;&nbsp;&nbsp;Delay_us
<LI><a href="#[67]">&gt;&gt;</a>&nbsp;&nbsp;&nbsp;BMP280_GPIO_Config_OUT
</UL>
<BR>[Called By]<UL><LI><a href="#[71]">&gt;&gt;</a>&nbsp;&nbsp;&nbsp;BMP280_Write_Byte
<LI><a href="#[69]">&gt;&gt;</a>&nbsp;&nbsp;&nbsp;BMP280_Read_Byte
</UL>

<P><STRONG><a name="[6f]"></a>B_IIC_Stop</STRONG> (Thumb, 62 bytes, Stack size 8 bytes, bmp280_i2c.o(i.B_IIC_Stop))
<BR><BR>[Stack]<UL><LI>Max Depth = 60<LI>Call Chain = B_IIC_Stop &rArr; BMP280_GPIO_Config_OUT &rArr; HAL_GPIO_Init
</UL>
<BR>[Calls]<UL><LI><a href="#[78]">&gt;&gt;</a>&nbsp;&nbsp;&nbsp;HAL_GPIO_WritePin
<LI><a href="#[79]">&gt;&gt;</a>&nbsp;&nbsp;&nbsp;Delay_us
<LI><a href="#[67]">&gt;&gt;</a>&nbsp;&nbsp;&nbsp;BMP280_GPIO_Config_OUT
</UL>
<BR>[Called By]<UL><LI><a href="#[71]">&gt;&gt;</a>&nbsp;&nbsp;&nbsp;BMP280_Write_Byte
<LI><a href="#[69]">&gt;&gt;</a>&nbsp;&nbsp;&nbsp;BMP280_Read_Byte
</UL>

<P><STRONG><a name="[6d]"></a>B_IIC_Wait_Ack</STRONG> (Thumb, 84 bytes, Stack size 16 bytes, bmp280_i2c.o(i.B_IIC_Wait_Ack))
<BR><BR>[Stack]<UL><LI>Max Depth = 68<LI>Call Chain = B_IIC_Wait_Ack &rArr; BMP280_GPIO_Config_IN &rArr; HAL_GPIO_Init
</UL>
<BR>[Calls]<UL><LI><a href="#[78]">&gt;&gt;</a>&nbsp;&nbsp;&nbsp;HAL_GPIO_WritePin
<LI><a href="#[7c]">&gt;&gt;</a>&nbsp;&nbsp;&nbsp;HAL_GPIO_ReadPin
<LI><a href="#[79]">&gt;&gt;</a>&nbsp;&nbsp;&nbsp;Delay_us
<LI><a href="#[64]">&gt;&gt;</a>&nbsp;&nbsp;&nbsp;BMP280_GPIO_Config_IN
</UL>
<BR>[Called By]<UL><LI><a href="#[71]">&gt;&gt;</a>&nbsp;&nbsp;&nbsp;BMP280_Write_Byte
<LI><a href="#[69]">&gt;&gt;</a>&nbsp;&nbsp;&nbsp;BMP280_Read_Byte
</UL>

<P><STRONG><a name="[7d]"></a>Bmp_Init</STRONG> (Thumb, 314 bytes, Stack size 24 bytes, bmp280.o(i.Bmp_Init))
<BR><BR>[Stack]<UL><LI>Max Depth = 116<LI>Call Chain = Bmp_Init &rArr; BMP280_Set_TemOversamp &rArr; BMP280_Write_Byte &rArr; B_IIC_Wait_Ack &rArr; BMP280_GPIO_Config_IN &rArr; HAL_GPIO_Init
</UL>
<BR>[Calls]<UL><LI><a href="#[72]">&gt;&gt;</a>&nbsp;&nbsp;&nbsp;BMP280_Set_TemOversamp
<LI><a href="#[70]">&gt;&gt;</a>&nbsp;&nbsp;&nbsp;BMP280_Set_Standby_FILTER
<LI><a href="#[71]">&gt;&gt;</a>&nbsp;&nbsp;&nbsp;BMP280_Write_Byte
<LI><a href="#[69]">&gt;&gt;</a>&nbsp;&nbsp;&nbsp;BMP280_Read_Byte
</UL>
<BR>[Called By]<UL><LI><a href="#[63]">&gt;&gt;</a>&nbsp;&nbsp;&nbsp;$Super$$main
</UL>

<P><STRONG><a name="[7e]"></a>Delay_ms</STRONG> (Thumb, 24 bytes, Stack size 4 bytes, delay.o(i.Delay_ms))
<BR><BR>[Stack]<UL><LI>Max Depth = 4<LI>Call Chain = Delay_ms
</UL>
<BR>[Calls]<UL><LI><a href="#[79]">&gt;&gt;</a>&nbsp;&nbsp;&nbsp;Delay_us
</UL>
<BR>[Called By]<UL><LI><a href="#[c2]">&gt;&gt;</a>&nbsp;&nbsp;&nbsp;MPU_Write_Byte
</UL>

<P><STRONG><a name="[79]"></a>Delay_us</STRONG> (Thumb, 28 bytes, Stack size 0 bytes, delay.o(i.Delay_us))
<BR><BR>[Called By]<UL><LI><a href="#[b7]">&gt;&gt;</a>&nbsp;&nbsp;&nbsp;IIC_Wait_Ack
<LI><a href="#[b6]">&gt;&gt;</a>&nbsp;&nbsp;&nbsp;IIC_Stop
<LI><a href="#[b5]">&gt;&gt;</a>&nbsp;&nbsp;&nbsp;IIC_Start
<LI><a href="#[b4]">&gt;&gt;</a>&nbsp;&nbsp;&nbsp;IIC_Send_Byte
<LI><a href="#[b2]">&gt;&gt;</a>&nbsp;&nbsp;&nbsp;IIC_Read_Byte
<LI><a href="#[b1]">&gt;&gt;</a>&nbsp;&nbsp;&nbsp;IIC_NAck
<LI><a href="#[ae]">&gt;&gt;</a>&nbsp;&nbsp;&nbsp;IIC_Ack
<LI><a href="#[7e]">&gt;&gt;</a>&nbsp;&nbsp;&nbsp;Delay_ms
<LI><a href="#[7b]">&gt;&gt;</a>&nbsp;&nbsp;&nbsp;B_IIC_NAck
<LI><a href="#[77]">&gt;&gt;</a>&nbsp;&nbsp;&nbsp;B_IIC_Ack
<LI><a href="#[6d]">&gt;&gt;</a>&nbsp;&nbsp;&nbsp;B_IIC_Wait_Ack
<LI><a href="#[6f]">&gt;&gt;</a>&nbsp;&nbsp;&nbsp;B_IIC_Stop
<LI><a href="#[6b]">&gt;&gt;</a>&nbsp;&nbsp;&nbsp;B_IIC_Start
<LI><a href="#[6c]">&gt;&gt;</a>&nbsp;&nbsp;&nbsp;B_IIC_Send_Byte
<LI><a href="#[6e]">&gt;&gt;</a>&nbsp;&nbsp;&nbsp;B_IIC_Read_Byte
</UL>

<P><STRONG><a name="[7f]"></a>Error_Handler</STRONG> (Thumb, 2 bytes, Stack size 0 bytes, mpu6050_timer.o(i.Error_Handler))
<BR><BR>[Calls]<UL><LI><a href="#[7f]">&gt;&gt;</a>&nbsp;&nbsp;&nbsp;Error_Handler
</UL>
<BR>[Called By]<UL><LI><a href="#[c6]">&gt;&gt;</a>&nbsp;&nbsp;&nbsp;Timer_init
<LI><a href="#[7f]">&gt;&gt;</a>&nbsp;&nbsp;&nbsp;Error_Handler
</UL>

<P><STRONG><a name="[a4]"></a>HAL_DMA_Abort_IT</STRONG> (Thumb, 96 bytes, Stack size 16 bytes, air001xx_hal_dma.o(i.HAL_DMA_Abort_IT))
<BR><BR>[Stack]<UL><LI>Max Depth = 16<LI>Call Chain = HAL_DMA_Abort_IT
</UL>
<BR>[Called By]<UL><LI><a href="#[a1]">&gt;&gt;</a>&nbsp;&nbsp;&nbsp;HAL_UART_IRQHandler
</UL>

<P><STRONG><a name="[66]"></a>HAL_GPIO_Init</STRONG> (Thumb, 268 bytes, Stack size 20 bytes, air001xx_hal_gpio.o(i.HAL_GPIO_Init))
<BR><BR>[Stack]<UL><LI>Max Depth = 20<LI>Call Chain = HAL_GPIO_Init
</UL>
<BR>[Called By]<UL><LI><a href="#[af]">&gt;&gt;</a>&nbsp;&nbsp;&nbsp;MPU6050_GPIO_Config_OUT
<LI><a href="#[b3]">&gt;&gt;</a>&nbsp;&nbsp;&nbsp;MPU6050_GPIO_Config_IN
<LI><a href="#[c4]">&gt;&gt;</a>&nbsp;&nbsp;&nbsp;PWM_Init
<LI><a href="#[b0]">&gt;&gt;</a>&nbsp;&nbsp;&nbsp;IIC_Init
<LI><a href="#[7a]">&gt;&gt;</a>&nbsp;&nbsp;&nbsp;B_IIC_Init
<LI><a href="#[73]">&gt;&gt;</a>&nbsp;&nbsp;&nbsp;BSP_USART_Config
<LI><a href="#[67]">&gt;&gt;</a>&nbsp;&nbsp;&nbsp;BMP280_GPIO_Config_OUT
<LI><a href="#[64]">&gt;&gt;</a>&nbsp;&nbsp;&nbsp;BMP280_GPIO_Config_IN
</UL>

<P><STRONG><a name="[7c]"></a>HAL_GPIO_ReadPin</STRONG> (Thumb, 14 bytes, Stack size 0 bytes, air001xx_hal_gpio.o(i.HAL_GPIO_ReadPin))
<BR><BR>[Called By]<UL><LI><a href="#[b7]">&gt;&gt;</a>&nbsp;&nbsp;&nbsp;IIC_Wait_Ack
<LI><a href="#[b2]">&gt;&gt;</a>&nbsp;&nbsp;&nbsp;IIC_Read_Byte
<LI><a href="#[6d]">&gt;&gt;</a>&nbsp;&nbsp;&nbsp;B_IIC_Wait_Ack
<LI><a href="#[6e]">&gt;&gt;</a>&nbsp;&nbsp;&nbsp;B_IIC_Read_Byte
</UL>

<P><STRONG><a name="[78]"></a>HAL_GPIO_WritePin</STRONG> (Thumb, 12 bytes, Stack size 0 bytes, air001xx_hal_gpio.o(i.HAL_GPIO_WritePin))
<BR><BR>[Called By]<UL><LI><a href="#[b7]">&gt;&gt;</a>&nbsp;&nbsp;&nbsp;IIC_Wait_Ack
<LI><a href="#[b6]">&gt;&gt;</a>&nbsp;&nbsp;&nbsp;IIC_Stop
<LI><a href="#[b5]">&gt;&gt;</a>&nbsp;&nbsp;&nbsp;IIC_Start
<LI><a href="#[b4]">&gt;&gt;</a>&nbsp;&nbsp;&nbsp;IIC_Send_Byte
<LI><a href="#[b2]">&gt;&gt;</a>&nbsp;&nbsp;&nbsp;IIC_Read_Byte
<LI><a href="#[b1]">&gt;&gt;</a>&nbsp;&nbsp;&nbsp;IIC_NAck
<LI><a href="#[ae]">&gt;&gt;</a>&nbsp;&nbsp;&nbsp;IIC_Ack
<LI><a href="#[b0]">&gt;&gt;</a>&nbsp;&nbsp;&nbsp;IIC_Init
<LI><a href="#[7a]">&gt;&gt;</a>&nbsp;&nbsp;&nbsp;B_IIC_Init
<LI><a href="#[7b]">&gt;&gt;</a>&nbsp;&nbsp;&nbsp;B_IIC_NAck
<LI><a href="#[77]">&gt;&gt;</a>&nbsp;&nbsp;&nbsp;B_IIC_Ack
<LI><a href="#[6d]">&gt;&gt;</a>&nbsp;&nbsp;&nbsp;B_IIC_Wait_Ack
<LI><a href="#[6f]">&gt;&gt;</a>&nbsp;&nbsp;&nbsp;B_IIC_Stop
<LI><a href="#[6b]">&gt;&gt;</a>&nbsp;&nbsp;&nbsp;B_IIC_Start
<LI><a href="#[6c]">&gt;&gt;</a>&nbsp;&nbsp;&nbsp;B_IIC_Send_Byte
<LI><a href="#[6e]">&gt;&gt;</a>&nbsp;&nbsp;&nbsp;B_IIC_Read_Byte
</UL>

<P><STRONG><a name="[ac]"></a>HAL_GetTick</STRONG> (Thumb, 6 bytes, Stack size 0 bytes, air001xx_hal.o(i.HAL_GetTick))
<BR><BR>[Called By]<UL><LI><a href="#[ab]">&gt;&gt;</a>&nbsp;&nbsp;&nbsp;HAL_UART_Transmit
<LI><a href="#[ad]">&gt;&gt;</a>&nbsp;&nbsp;&nbsp;UART_WaitOnFlagUntilTimeout
</UL>

<P><STRONG><a name="[c5]"></a>HAL_IncTick</STRONG> (Thumb, 12 bytes, Stack size 0 bytes, air001xx_hal.o(i.HAL_IncTick))
<BR><BR>[Called By]<UL><LI><a href="#[a]">&gt;&gt;</a>&nbsp;&nbsp;&nbsp;SysTick_Handler
</UL>

<P><STRONG><a name="[80]"></a>HAL_Init</STRONG> (Thumb, 26 bytes, Stack size 8 bytes, air001xx_hal.o(i.HAL_Init))
<BR><BR>[Stack]<UL><LI>Max Depth = 32<LI>Call Chain = HAL_Init &rArr; HAL_InitTick &rArr; HAL_NVIC_SetPriority
</UL>
<BR>[Calls]<UL><LI><a href="#[82]">&gt;&gt;</a>&nbsp;&nbsp;&nbsp;HAL_MspInit
<LI><a href="#[81]">&gt;&gt;</a>&nbsp;&nbsp;&nbsp;HAL_InitTick
</UL>
<BR>[Called By]<UL><LI><a href="#[63]">&gt;&gt;</a>&nbsp;&nbsp;&nbsp;$Super$$main
</UL>

<P><STRONG><a name="[81]"></a>HAL_InitTick</STRONG> (Thumb, 72 bytes, Stack size 16 bytes, air001xx_hal.o(i.HAL_InitTick))
<BR><BR>[Stack]<UL><LI>Max Depth = 24<LI>Call Chain = HAL_InitTick &rArr; HAL_NVIC_SetPriority
</UL>
<BR>[Calls]<UL><LI><a href="#[75]">&gt;&gt;</a>&nbsp;&nbsp;&nbsp;HAL_NVIC_SetPriority
<LI><a href="#[84]">&gt;&gt;</a>&nbsp;&nbsp;&nbsp;HAL_SYSTICK_Config
<LI><a href="#[83]">&gt;&gt;</a>&nbsp;&nbsp;&nbsp;__aeabi_uidivmod
</UL>
<BR>[Called By]<UL><LI><a href="#[80]">&gt;&gt;</a>&nbsp;&nbsp;&nbsp;HAL_Init
</UL>

<P><STRONG><a name="[82]"></a>HAL_MspInit</STRONG> (Thumb, 2 bytes, Stack size 0 bytes, air001xx_hal.o(i.HAL_MspInit))
<BR><BR>[Called By]<UL><LI><a href="#[80]">&gt;&gt;</a>&nbsp;&nbsp;&nbsp;HAL_Init
</UL>

<P><STRONG><a name="[76]"></a>HAL_NVIC_EnableIRQ</STRONG> (Thumb, 18 bytes, Stack size 0 bytes, air001xx_hal_cortex.o(i.HAL_NVIC_EnableIRQ))
<BR><BR>[Called By]<UL><LI><a href="#[c6]">&gt;&gt;</a>&nbsp;&nbsp;&nbsp;Timer_init
<LI><a href="#[73]">&gt;&gt;</a>&nbsp;&nbsp;&nbsp;BSP_USART_Config
</UL>

<P><STRONG><a name="[75]"></a>HAL_NVIC_SetPriority</STRONG> (Thumb, 8 bytes, Stack size 8 bytes, air001xx_hal_cortex.o(i.HAL_NVIC_SetPriority))
<BR><BR>[Stack]<UL><LI>Max Depth = 8<LI>Call Chain = HAL_NVIC_SetPriority
</UL>
<BR>[Calls]<UL><LI><a href="#[85]">&gt;&gt;</a>&nbsp;&nbsp;&nbsp;__NVIC_SetPriority
</UL>
<BR>[Called By]<UL><LI><a href="#[c6]">&gt;&gt;</a>&nbsp;&nbsp;&nbsp;Timer_init
<LI><a href="#[73]">&gt;&gt;</a>&nbsp;&nbsp;&nbsp;BSP_USART_Config
<LI><a href="#[81]">&gt;&gt;</a>&nbsp;&nbsp;&nbsp;HAL_InitTick
</UL>

<P><STRONG><a name="[87]"></a>HAL_RCC_GetHCLKFreq</STRONG> (Thumb, 6 bytes, Stack size 0 bytes, air001xx_hal_rcc.o(i.HAL_RCC_GetHCLKFreq))
<BR><BR>[Called By]<UL><LI><a href="#[86]">&gt;&gt;</a>&nbsp;&nbsp;&nbsp;HAL_RCC_GetPCLK1Freq
</UL>

<P><STRONG><a name="[86]"></a>HAL_RCC_GetPCLK1Freq</STRONG> (Thumb, 28 bytes, Stack size 4 bytes, air001xx_hal_rcc.o(i.HAL_RCC_GetPCLK1Freq))
<BR><BR>[Stack]<UL><LI>Max Depth = 4<LI>Call Chain = HAL_RCC_GetPCLK1Freq
</UL>
<BR>[Calls]<UL><LI><a href="#[87]">&gt;&gt;</a>&nbsp;&nbsp;&nbsp;HAL_RCC_GetHCLKFreq
</UL>
<BR>[Called By]<UL><LI><a href="#[a9]">&gt;&gt;</a>&nbsp;&nbsp;&nbsp;UART_SetConfig
</UL>

<P><STRONG><a name="[84]"></a>HAL_SYSTICK_Config</STRONG> (Thumb, 38 bytes, Stack size 8 bytes, air001xx_hal_cortex.o(i.HAL_SYSTICK_Config))
<BR><BR>[Stack]<UL><LI>Max Depth = 8<LI>Call Chain = HAL_SYSTICK_Config
</UL>
<BR>[Calls]<UL><LI><a href="#[85]">&gt;&gt;</a>&nbsp;&nbsp;&nbsp;__NVIC_SetPriority
</UL>
<BR>[Called By]<UL><LI><a href="#[81]">&gt;&gt;</a>&nbsp;&nbsp;&nbsp;HAL_InitTick
</UL>

<P><STRONG><a name="[90]"></a>HAL_TIMEx_BreakCallback</STRONG> (Thumb, 2 bytes, Stack size 0 bytes, air001xx_hal_tim_ex.o(i.HAL_TIMEx_BreakCallback))
<BR><BR>[Called By]<UL><LI><a href="#[8b]">&gt;&gt;</a>&nbsp;&nbsp;&nbsp;HAL_TIM_IRQHandler
</UL>

<P><STRONG><a name="[92]"></a>HAL_TIMEx_CommutCallback</STRONG> (Thumb, 2 bytes, Stack size 0 bytes, air001xx_hal_tim_ex.o(i.HAL_TIMEx_CommutCallback))
<BR><BR>[Called By]<UL><LI><a href="#[8b]">&gt;&gt;</a>&nbsp;&nbsp;&nbsp;HAL_TIM_IRQHandler
</UL>

<P><STRONG><a name="[88]"></a>HAL_TIM_Base_Init</STRONG> (Thumb, 54 bytes, Stack size 16 bytes, air001xx_hal_tim.o(i.HAL_TIM_Base_Init))
<BR><BR>[Stack]<UL><LI>Max Depth = 32<LI>Call Chain = HAL_TIM_Base_Init &rArr; TIM_Base_SetConfig
</UL>
<BR>[Calls]<UL><LI><a href="#[89]">&gt;&gt;</a>&nbsp;&nbsp;&nbsp;HAL_TIM_Base_MspInit
<LI><a href="#[8a]">&gt;&gt;</a>&nbsp;&nbsp;&nbsp;TIM_Base_SetConfig
</UL>
<BR>[Called By]<UL><LI><a href="#[c6]">&gt;&gt;</a>&nbsp;&nbsp;&nbsp;Timer_init
<LI><a href="#[c4]">&gt;&gt;</a>&nbsp;&nbsp;&nbsp;PWM_Init
</UL>

<P><STRONG><a name="[89]"></a>HAL_TIM_Base_MspInit</STRONG> (Thumb, 2 bytes, Stack size 0 bytes, air001xx_hal_tim.o(i.HAL_TIM_Base_MspInit))
<BR><BR>[Called By]<UL><LI><a href="#[88]">&gt;&gt;</a>&nbsp;&nbsp;&nbsp;HAL_TIM_Base_Init
</UL>

<P><STRONG><a name="[c7]"></a>HAL_TIM_Base_Start_IT</STRONG> (Thumb, 32 bytes, Stack size 0 bytes, air001xx_hal_tim.o(i.HAL_TIM_Base_Start_IT))
<BR><BR>[Called By]<UL><LI><a href="#[c6]">&gt;&gt;</a>&nbsp;&nbsp;&nbsp;Timer_init
</UL>

<P><STRONG><a name="[8c]"></a>HAL_TIM_IC_CaptureCallback</STRONG> (Thumb, 2 bytes, Stack size 0 bytes, air001xx_hal_tim.o(i.HAL_TIM_IC_CaptureCallback))
<BR><BR>[Called By]<UL><LI><a href="#[8b]">&gt;&gt;</a>&nbsp;&nbsp;&nbsp;HAL_TIM_IRQHandler
</UL>

<P><STRONG><a name="[8b]"></a>HAL_TIM_IRQHandler</STRONG> (Thumb, 412 bytes, Stack size 16 bytes, air001xx_hal_tim.o(i.HAL_TIM_IRQHandler))
<BR><BR>[Stack]<UL><LI>Max Depth = 16<LI>Call Chain = HAL_TIM_IRQHandler
</UL>
<BR>[Calls]<UL><LI><a href="#[91]">&gt;&gt;</a>&nbsp;&nbsp;&nbsp;HAL_TIM_TriggerCallback
<LI><a href="#[8f]">&gt;&gt;</a>&nbsp;&nbsp;&nbsp;HAL_TIM_PeriodElapsedCallback
<LI><a href="#[8e]">&gt;&gt;</a>&nbsp;&nbsp;&nbsp;HAL_TIM_PWM_PulseFinishedCallback
<LI><a href="#[8d]">&gt;&gt;</a>&nbsp;&nbsp;&nbsp;HAL_TIM_OC_DelayElapsedCallback
<LI><a href="#[8c]">&gt;&gt;</a>&nbsp;&nbsp;&nbsp;HAL_TIM_IC_CaptureCallback
<LI><a href="#[92]">&gt;&gt;</a>&nbsp;&nbsp;&nbsp;HAL_TIMEx_CommutCallback
<LI><a href="#[90]">&gt;&gt;</a>&nbsp;&nbsp;&nbsp;HAL_TIMEx_BreakCallback
</UL>
<BR>[Called By]<UL><LI><a href="#[18]">&gt;&gt;</a>&nbsp;&nbsp;&nbsp;TIM3_IRQHandler
</UL>

<P><STRONG><a name="[93]"></a>HAL_TIM_OC_DeInit</STRONG> (Thumb, 48 bytes, Stack size 8 bytes, air001xx_hal_tim.o(i.HAL_TIM_OC_DeInit))
<BR><BR>[Stack]<UL><LI>Max Depth = 8<LI>Call Chain = HAL_TIM_OC_DeInit
</UL>
<BR>[Calls]<UL><LI><a href="#[94]">&gt;&gt;</a>&nbsp;&nbsp;&nbsp;HAL_TIM_OC_MspDeInit
</UL>
<BR>[Called By]<UL><LI><a href="#[c4]">&gt;&gt;</a>&nbsp;&nbsp;&nbsp;PWM_Init
</UL>

<P><STRONG><a name="[8d]"></a>HAL_TIM_OC_DelayElapsedCallback</STRONG> (Thumb, 2 bytes, Stack size 0 bytes, air001xx_hal_tim.o(i.HAL_TIM_OC_DelayElapsedCallback))
<BR><BR>[Called By]<UL><LI><a href="#[8b]">&gt;&gt;</a>&nbsp;&nbsp;&nbsp;HAL_TIM_IRQHandler
</UL>

<P><STRONG><a name="[95]"></a>HAL_TIM_OC_Init</STRONG> (Thumb, 54 bytes, Stack size 16 bytes, air001xx_hal_tim.o(i.HAL_TIM_OC_Init))
<BR><BR>[Stack]<UL><LI>Max Depth = 32<LI>Call Chain = HAL_TIM_OC_Init &rArr; TIM_Base_SetConfig
</UL>
<BR>[Calls]<UL><LI><a href="#[96]">&gt;&gt;</a>&nbsp;&nbsp;&nbsp;HAL_TIM_OC_MspInit
<LI><a href="#[8a]">&gt;&gt;</a>&nbsp;&nbsp;&nbsp;TIM_Base_SetConfig
</UL>
<BR>[Called By]<UL><LI><a href="#[c4]">&gt;&gt;</a>&nbsp;&nbsp;&nbsp;PWM_Init
</UL>

<P><STRONG><a name="[94]"></a>HAL_TIM_OC_MspDeInit</STRONG> (Thumb, 2 bytes, Stack size 0 bytes, air001xx_hal_tim.o(i.HAL_TIM_OC_MspDeInit))
<BR><BR>[Called By]<UL><LI><a href="#[93]">&gt;&gt;</a>&nbsp;&nbsp;&nbsp;HAL_TIM_OC_DeInit
</UL>

<P><STRONG><a name="[96]"></a>HAL_TIM_OC_MspInit</STRONG> (Thumb, 2 bytes, Stack size 0 bytes, air001xx_hal_tim.o(i.HAL_TIM_OC_MspInit))
<BR><BR>[Called By]<UL><LI><a href="#[95]">&gt;&gt;</a>&nbsp;&nbsp;&nbsp;HAL_TIM_OC_Init
</UL>

<P><STRONG><a name="[97]"></a>HAL_TIM_OC_Start</STRONG> (Thumb, 66 bytes, Stack size 8 bytes, air001xx_hal_tim.o(i.HAL_TIM_OC_Start))
<BR><BR>[Stack]<UL><LI>Max Depth = 16<LI>Call Chain = HAL_TIM_OC_Start &rArr; TIM_CCxChannelCmd
</UL>
<BR>[Calls]<UL><LI><a href="#[98]">&gt;&gt;</a>&nbsp;&nbsp;&nbsp;TIM_CCxChannelCmd
</UL>
<BR>[Called By]<UL><LI><a href="#[c4]">&gt;&gt;</a>&nbsp;&nbsp;&nbsp;PWM_Init
</UL>

<P><STRONG><a name="[99]"></a>HAL_TIM_PWM_ConfigChannel</STRONG> (Thumb, 224 bytes, Stack size 24 bytes, air001xx_hal_tim.o(i.HAL_TIM_PWM_ConfigChannel))
<BR><BR>[Stack]<UL><LI>Max Depth = 44<LI>Call Chain = HAL_TIM_PWM_ConfigChannel &rArr; TIM_OC3_SetConfig
</UL>
<BR>[Calls]<UL><LI><a href="#[9d]">&gt;&gt;</a>&nbsp;&nbsp;&nbsp;TIM_OC4_SetConfig
<LI><a href="#[9c]">&gt;&gt;</a>&nbsp;&nbsp;&nbsp;TIM_OC3_SetConfig
<LI><a href="#[9a]">&gt;&gt;</a>&nbsp;&nbsp;&nbsp;TIM_OC1_SetConfig
<LI><a href="#[9b]">&gt;&gt;</a>&nbsp;&nbsp;&nbsp;TIM_OC2_SetConfig
</UL>
<BR>[Called By]<UL><LI><a href="#[c4]">&gt;&gt;</a>&nbsp;&nbsp;&nbsp;PWM_Init
</UL>

<P><STRONG><a name="[9e]"></a>HAL_TIM_PWM_Init</STRONG> (Thumb, 54 bytes, Stack size 16 bytes, air001xx_hal_tim.o(i.HAL_TIM_PWM_Init))
<BR><BR>[Stack]<UL><LI>Max Depth = 32<LI>Call Chain = HAL_TIM_PWM_Init &rArr; TIM_Base_SetConfig
</UL>
<BR>[Calls]<UL><LI><a href="#[9f]">&gt;&gt;</a>&nbsp;&nbsp;&nbsp;HAL_TIM_PWM_MspInit
<LI><a href="#[8a]">&gt;&gt;</a>&nbsp;&nbsp;&nbsp;TIM_Base_SetConfig
</UL>
<BR>[Called By]<UL><LI><a href="#[c4]">&gt;&gt;</a>&nbsp;&nbsp;&nbsp;PWM_Init
</UL>

<P><STRONG><a name="[9f]"></a>HAL_TIM_PWM_MspInit</STRONG> (Thumb, 2 bytes, Stack size 0 bytes, air001xx_hal_tim.o(i.HAL_TIM_PWM_MspInit))
<BR><BR>[Called By]<UL><LI><a href="#[9e]">&gt;&gt;</a>&nbsp;&nbsp;&nbsp;HAL_TIM_PWM_Init
</UL>

<P><STRONG><a name="[8e]"></a>HAL_TIM_PWM_PulseFinishedCallback</STRONG> (Thumb, 2 bytes, Stack size 0 bytes, air001xx_hal_tim.o(i.HAL_TIM_PWM_PulseFinishedCallback))
<BR><BR>[Called By]<UL><LI><a href="#[8b]">&gt;&gt;</a>&nbsp;&nbsp;&nbsp;HAL_TIM_IRQHandler
</UL>

<P><STRONG><a name="[a0]"></a>HAL_TIM_PWM_Start</STRONG> (Thumb, 66 bytes, Stack size 8 bytes, air001xx_hal_tim.o(i.HAL_TIM_PWM_Start))
<BR><BR>[Stack]<UL><LI>Max Depth = 16<LI>Call Chain = HAL_TIM_PWM_Start &rArr; TIM_CCxChannelCmd
</UL>
<BR>[Calls]<UL><LI><a href="#[98]">&gt;&gt;</a>&nbsp;&nbsp;&nbsp;TIM_CCxChannelCmd
</UL>
<BR>[Called By]<UL><LI><a href="#[c4]">&gt;&gt;</a>&nbsp;&nbsp;&nbsp;PWM_Init
</UL>

<P><STRONG><a name="[8f]"></a>HAL_TIM_PeriodElapsedCallback</STRONG> (Thumb, 2 bytes, Stack size 0 bytes, air001xx_hal_tim.o(i.HAL_TIM_PeriodElapsedCallback))
<BR><BR>[Called By]<UL><LI><a href="#[8b]">&gt;&gt;</a>&nbsp;&nbsp;&nbsp;HAL_TIM_IRQHandler
</UL>

<P><STRONG><a name="[91]"></a>HAL_TIM_TriggerCallback</STRONG> (Thumb, 2 bytes, Stack size 0 bytes, air001xx_hal_tim.o(i.HAL_TIM_TriggerCallback))
<BR><BR>[Called By]<UL><LI><a href="#[8b]">&gt;&gt;</a>&nbsp;&nbsp;&nbsp;HAL_TIM_IRQHandler
</UL>

<P><STRONG><a name="[a5]"></a>HAL_UART_ErrorCallback</STRONG> (Thumb, 2 bytes, Stack size 0 bytes, air001xx_hal_uart.o(i.HAL_UART_ErrorCallback))
<BR><BR>[Called By]<UL><LI><a href="#[a1]">&gt;&gt;</a>&nbsp;&nbsp;&nbsp;HAL_UART_IRQHandler
<LI><a href="#[27]">&gt;&gt;</a>&nbsp;&nbsp;&nbsp;UART_DMAAbortOnError
</UL>

<P><STRONG><a name="[a1]"></a>HAL_UART_IRQHandler</STRONG> (Thumb, 266 bytes, Stack size 16 bytes, air001xx_hal_uart.o(i.HAL_UART_IRQHandler))
<BR><BR>[Stack]<UL><LI>Max Depth = 32<LI>Call Chain = HAL_UART_IRQHandler &rArr; UART_Receive_IT
</UL>
<BR>[Calls]<UL><LI><a href="#[a5]">&gt;&gt;</a>&nbsp;&nbsp;&nbsp;HAL_UART_ErrorCallback
<LI><a href="#[a6]">&gt;&gt;</a>&nbsp;&nbsp;&nbsp;UART_Transmit_IT
<LI><a href="#[a2]">&gt;&gt;</a>&nbsp;&nbsp;&nbsp;UART_Receive_IT
<LI><a href="#[a7]">&gt;&gt;</a>&nbsp;&nbsp;&nbsp;UART_EndTransmit_IT
<LI><a href="#[a3]">&gt;&gt;</a>&nbsp;&nbsp;&nbsp;UART_EndRxTransfer
<LI><a href="#[a4]">&gt;&gt;</a>&nbsp;&nbsp;&nbsp;HAL_DMA_Abort_IT
</UL>
<BR>[Called By]<UL><LI><a href="#[21]">&gt;&gt;</a>&nbsp;&nbsp;&nbsp;USART2_IRQHandler
</UL>

<P><STRONG><a name="[74]"></a>HAL_UART_Init</STRONG> (Thumb, 110 bytes, Stack size 24 bytes, air001xx_hal_uart.o(i.HAL_UART_Init))
<BR><BR>[Stack]<UL><LI>Max Depth = 44<LI>Call Chain = HAL_UART_Init &rArr; UART_SetConfig &rArr; HAL_RCC_GetPCLK1Freq
</UL>
<BR>[Calls]<UL><LI><a href="#[a8]">&gt;&gt;</a>&nbsp;&nbsp;&nbsp;HAL_UART_MspInit
<LI><a href="#[a9]">&gt;&gt;</a>&nbsp;&nbsp;&nbsp;UART_SetConfig
<LI><a href="#[aa]">&gt;&gt;</a>&nbsp;&nbsp;&nbsp;UART_AdvFeatureConfig
</UL>
<BR>[Called By]<UL><LI><a href="#[73]">&gt;&gt;</a>&nbsp;&nbsp;&nbsp;BSP_USART_Config
</UL>

<P><STRONG><a name="[a8]"></a>HAL_UART_MspInit</STRONG> (Thumb, 2 bytes, Stack size 0 bytes, air001xx_hal_uart.o(i.HAL_UART_MspInit))
<BR><BR>[Called By]<UL><LI><a href="#[74]">&gt;&gt;</a>&nbsp;&nbsp;&nbsp;HAL_UART_Init
</UL>

<P><STRONG><a name="[c9]"></a>HAL_UART_RxCpltCallback</STRONG> (Thumb, 2 bytes, Stack size 0 bytes, air001xx_hal_uart.o(i.HAL_UART_RxCpltCallback))
<BR><BR>[Called By]<UL><LI><a href="#[a2]">&gt;&gt;</a>&nbsp;&nbsp;&nbsp;UART_Receive_IT
</UL>

<P><STRONG><a name="[ab]"></a>HAL_UART_Transmit</STRONG> (Thumb, 218 bytes, Stack size 48 bytes, air001xx_hal_uart.o(i.HAL_UART_Transmit))
<BR><BR>[Stack]<UL><LI>Max Depth = 88<LI>Call Chain = HAL_UART_Transmit &rArr; UART_WaitOnFlagUntilTimeout
</UL>
<BR>[Calls]<UL><LI><a href="#[ac]">&gt;&gt;</a>&nbsp;&nbsp;&nbsp;HAL_GetTick
<LI><a href="#[ad]">&gt;&gt;</a>&nbsp;&nbsp;&nbsp;UART_WaitOnFlagUntilTimeout
</UL>
<BR>[Called By]<UL><LI><a href="#[25]">&gt;&gt;</a>&nbsp;&nbsp;&nbsp;fputc
</UL>

<P><STRONG><a name="[c8]"></a>HAL_UART_TxCpltCallback</STRONG> (Thumb, 2 bytes, Stack size 0 bytes, air001xx_hal_uart.o(i.HAL_UART_TxCpltCallback))
<BR><BR>[Called By]<UL><LI><a href="#[a7]">&gt;&gt;</a>&nbsp;&nbsp;&nbsp;UART_EndTransmit_IT
</UL>

<P><STRONG><a name="[7]"></a>HardFault_Handler</STRONG> (Thumb, 2 bytes, Stack size 0 bytes, air001xx_it.o(i.HardFault_Handler))
<BR><BR>[Calls]<UL><LI><a href="#[7]">&gt;&gt;</a>&nbsp;&nbsp;&nbsp;HardFault_Handler
</UL>
<BR>[Called By]<UL><LI><a href="#[7]">&gt;&gt;</a>&nbsp;&nbsp;&nbsp;HardFault_Handler
</UL>
<BR>[Address Reference Count : 1]<UL><LI> startup_air001_dev.o(RESET)
</UL>
<P><STRONG><a name="[ae]"></a>IIC_Ack</STRONG> (Thumb, 62 bytes, Stack size 8 bytes, i2c.o(i.IIC_Ack))
<BR><BR>[Stack]<UL><LI>Max Depth = 60<LI>Call Chain = IIC_Ack &rArr; MPU6050_GPIO_Config_OUT &rArr; HAL_GPIO_Init
</UL>
<BR>[Calls]<UL><LI><a href="#[af]">&gt;&gt;</a>&nbsp;&nbsp;&nbsp;MPU6050_GPIO_Config_OUT
<LI><a href="#[78]">&gt;&gt;</a>&nbsp;&nbsp;&nbsp;HAL_GPIO_WritePin
<LI><a href="#[79]">&gt;&gt;</a>&nbsp;&nbsp;&nbsp;Delay_us
</UL>
<BR>[Called By]<UL><LI><a href="#[b2]">&gt;&gt;</a>&nbsp;&nbsp;&nbsp;IIC_Read_Byte
</UL>

<P><STRONG><a name="[b0]"></a>IIC_Init</STRONG> (Thumb, 64 bytes, Stack size 32 bytes, i2c.o(i.IIC_Init))
<BR><BR>[Stack]<UL><LI>Max Depth = 52<LI>Call Chain = IIC_Init &rArr; HAL_GPIO_Init
</UL>
<BR>[Calls]<UL><LI><a href="#[78]">&gt;&gt;</a>&nbsp;&nbsp;&nbsp;HAL_GPIO_WritePin
<LI><a href="#[66]">&gt;&gt;</a>&nbsp;&nbsp;&nbsp;HAL_GPIO_Init
<LI><a href="#[65]">&gt;&gt;</a>&nbsp;&nbsp;&nbsp;__aeabi_memcpy4
</UL>
<BR>[Called By]<UL><LI><a href="#[c1]">&gt;&gt;</a>&nbsp;&nbsp;&nbsp;MPU_Init
<LI><a href="#[63]">&gt;&gt;</a>&nbsp;&nbsp;&nbsp;$Super$$main
</UL>

<P><STRONG><a name="[b1]"></a>IIC_NAck</STRONG> (Thumb, 62 bytes, Stack size 8 bytes, i2c.o(i.IIC_NAck))
<BR><BR>[Stack]<UL><LI>Max Depth = 60<LI>Call Chain = IIC_NAck &rArr; MPU6050_GPIO_Config_OUT &rArr; HAL_GPIO_Init
</UL>
<BR>[Calls]<UL><LI><a href="#[af]">&gt;&gt;</a>&nbsp;&nbsp;&nbsp;MPU6050_GPIO_Config_OUT
<LI><a href="#[78]">&gt;&gt;</a>&nbsp;&nbsp;&nbsp;HAL_GPIO_WritePin
<LI><a href="#[79]">&gt;&gt;</a>&nbsp;&nbsp;&nbsp;Delay_us
</UL>
<BR>[Called By]<UL><LI><a href="#[b2]">&gt;&gt;</a>&nbsp;&nbsp;&nbsp;IIC_Read_Byte
</UL>

<P><STRONG><a name="[b2]"></a>IIC_Read_Byte</STRONG> (Thumb, 92 bytes, Stack size 24 bytes, i2c.o(i.IIC_Read_Byte))
<BR><BR>[Stack]<UL><LI>Max Depth = 84<LI>Call Chain = IIC_Read_Byte &rArr; IIC_NAck &rArr; MPU6050_GPIO_Config_OUT &rArr; HAL_GPIO_Init
</UL>
<BR>[Calls]<UL><LI><a href="#[b3]">&gt;&gt;</a>&nbsp;&nbsp;&nbsp;MPU6050_GPIO_Config_IN
<LI><a href="#[b1]">&gt;&gt;</a>&nbsp;&nbsp;&nbsp;IIC_NAck
<LI><a href="#[ae]">&gt;&gt;</a>&nbsp;&nbsp;&nbsp;IIC_Ack
<LI><a href="#[78]">&gt;&gt;</a>&nbsp;&nbsp;&nbsp;HAL_GPIO_WritePin
<LI><a href="#[7c]">&gt;&gt;</a>&nbsp;&nbsp;&nbsp;HAL_GPIO_ReadPin
<LI><a href="#[79]">&gt;&gt;</a>&nbsp;&nbsp;&nbsp;Delay_us
</UL>
<BR>[Called By]<UL><LI><a href="#[b9]">&gt;&gt;</a>&nbsp;&nbsp;&nbsp;MPU_Read_Len
</UL>

<P><STRONG><a name="[b4]"></a>IIC_Send_Byte</STRONG> (Thumb, 118 bytes, Stack size 16 bytes, i2c.o(i.IIC_Send_Byte))
<BR><BR>[Stack]<UL><LI>Max Depth = 68<LI>Call Chain = IIC_Send_Byte &rArr; MPU6050_GPIO_Config_OUT &rArr; HAL_GPIO_Init
</UL>
<BR>[Calls]<UL><LI><a href="#[af]">&gt;&gt;</a>&nbsp;&nbsp;&nbsp;MPU6050_GPIO_Config_OUT
<LI><a href="#[78]">&gt;&gt;</a>&nbsp;&nbsp;&nbsp;HAL_GPIO_WritePin
<LI><a href="#[79]">&gt;&gt;</a>&nbsp;&nbsp;&nbsp;Delay_us
</UL>
<BR>[Called By]<UL><LI><a href="#[c2]">&gt;&gt;</a>&nbsp;&nbsp;&nbsp;MPU_Write_Byte
<LI><a href="#[b9]">&gt;&gt;</a>&nbsp;&nbsp;&nbsp;MPU_Read_Len
</UL>

<P><STRONG><a name="[b5]"></a>IIC_Start</STRONG> (Thumb, 62 bytes, Stack size 8 bytes, i2c.o(i.IIC_Start))
<BR><BR>[Stack]<UL><LI>Max Depth = 60<LI>Call Chain = IIC_Start &rArr; MPU6050_GPIO_Config_OUT &rArr; HAL_GPIO_Init
</UL>
<BR>[Calls]<UL><LI><a href="#[af]">&gt;&gt;</a>&nbsp;&nbsp;&nbsp;MPU6050_GPIO_Config_OUT
<LI><a href="#[78]">&gt;&gt;</a>&nbsp;&nbsp;&nbsp;HAL_GPIO_WritePin
<LI><a href="#[79]">&gt;&gt;</a>&nbsp;&nbsp;&nbsp;Delay_us
</UL>
<BR>[Called By]<UL><LI><a href="#[c2]">&gt;&gt;</a>&nbsp;&nbsp;&nbsp;MPU_Write_Byte
<LI><a href="#[b9]">&gt;&gt;</a>&nbsp;&nbsp;&nbsp;MPU_Read_Len
</UL>

<P><STRONG><a name="[b6]"></a>IIC_Stop</STRONG> (Thumb, 62 bytes, Stack size 8 bytes, i2c.o(i.IIC_Stop))
<BR><BR>[Stack]<UL><LI>Max Depth = 60<LI>Call Chain = IIC_Stop &rArr; MPU6050_GPIO_Config_OUT &rArr; HAL_GPIO_Init
</UL>
<BR>[Calls]<UL><LI><a href="#[af]">&gt;&gt;</a>&nbsp;&nbsp;&nbsp;MPU6050_GPIO_Config_OUT
<LI><a href="#[78]">&gt;&gt;</a>&nbsp;&nbsp;&nbsp;HAL_GPIO_WritePin
<LI><a href="#[79]">&gt;&gt;</a>&nbsp;&nbsp;&nbsp;Delay_us
</UL>
<BR>[Called By]<UL><LI><a href="#[c2]">&gt;&gt;</a>&nbsp;&nbsp;&nbsp;MPU_Write_Byte
<LI><a href="#[b9]">&gt;&gt;</a>&nbsp;&nbsp;&nbsp;MPU_Read_Len
</UL>

<P><STRONG><a name="[b7]"></a>IIC_Wait_Ack</STRONG> (Thumb, 84 bytes, Stack size 16 bytes, i2c.o(i.IIC_Wait_Ack))
<BR><BR>[Stack]<UL><LI>Max Depth = 68<LI>Call Chain = IIC_Wait_Ack &rArr; MPU6050_GPIO_Config_IN &rArr; HAL_GPIO_Init
</UL>
<BR>[Calls]<UL><LI><a href="#[b3]">&gt;&gt;</a>&nbsp;&nbsp;&nbsp;MPU6050_GPIO_Config_IN
<LI><a href="#[78]">&gt;&gt;</a>&nbsp;&nbsp;&nbsp;HAL_GPIO_WritePin
<LI><a href="#[7c]">&gt;&gt;</a>&nbsp;&nbsp;&nbsp;HAL_GPIO_ReadPin
<LI><a href="#[79]">&gt;&gt;</a>&nbsp;&nbsp;&nbsp;Delay_us
</UL>
<BR>[Called By]<UL><LI><a href="#[c2]">&gt;&gt;</a>&nbsp;&nbsp;&nbsp;MPU_Write_Byte
<LI><a href="#[b9]">&gt;&gt;</a>&nbsp;&nbsp;&nbsp;MPU_Read_Len
</UL>

<P><STRONG><a name="[b3]"></a>MPU6050_GPIO_Config_IN</STRONG> (Thumb, 42 bytes, Stack size 32 bytes, i2c.o(i.MPU6050_GPIO_Config_IN))
<BR><BR>[Stack]<UL><LI>Max Depth = 52<LI>Call Chain = MPU6050_GPIO_Config_IN &rArr; HAL_GPIO_Init
</UL>
<BR>[Calls]<UL><LI><a href="#[66]">&gt;&gt;</a>&nbsp;&nbsp;&nbsp;HAL_GPIO_Init
<LI><a href="#[65]">&gt;&gt;</a>&nbsp;&nbsp;&nbsp;__aeabi_memcpy4
</UL>
<BR>[Called By]<UL><LI><a href="#[b7]">&gt;&gt;</a>&nbsp;&nbsp;&nbsp;IIC_Wait_Ack
<LI><a href="#[b2]">&gt;&gt;</a>&nbsp;&nbsp;&nbsp;IIC_Read_Byte
</UL>

<P><STRONG><a name="[af]"></a>MPU6050_GPIO_Config_OUT</STRONG> (Thumb, 42 bytes, Stack size 32 bytes, i2c.o(i.MPU6050_GPIO_Config_OUT))
<BR><BR>[Stack]<UL><LI>Max Depth = 52<LI>Call Chain = MPU6050_GPIO_Config_OUT &rArr; HAL_GPIO_Init
</UL>
<BR>[Calls]<UL><LI><a href="#[66]">&gt;&gt;</a>&nbsp;&nbsp;&nbsp;HAL_GPIO_Init
<LI><a href="#[65]">&gt;&gt;</a>&nbsp;&nbsp;&nbsp;__aeabi_memcpy4
</UL>
<BR>[Called By]<UL><LI><a href="#[b6]">&gt;&gt;</a>&nbsp;&nbsp;&nbsp;IIC_Stop
<LI><a href="#[b5]">&gt;&gt;</a>&nbsp;&nbsp;&nbsp;IIC_Start
<LI><a href="#[b4]">&gt;&gt;</a>&nbsp;&nbsp;&nbsp;IIC_Send_Byte
<LI><a href="#[b1]">&gt;&gt;</a>&nbsp;&nbsp;&nbsp;IIC_NAck
<LI><a href="#[ae]">&gt;&gt;</a>&nbsp;&nbsp;&nbsp;IIC_Ack
</UL>

<P><STRONG><a name="[b8]"></a>MPU_Get_Accelerometer</STRONG> (Thumb, 62 bytes, Stack size 24 bytes, mpu6050.o(i.MPU_Get_Accelerometer))
<BR><BR>[Stack]<UL><LI>Max Depth = 132<LI>Call Chain = MPU_Get_Accelerometer &rArr; MPU_Read_Len &rArr; IIC_Read_Byte &rArr; IIC_NAck &rArr; MPU6050_GPIO_Config_OUT &rArr; HAL_GPIO_Init
</UL>
<BR>[Calls]<UL><LI><a href="#[b9]">&gt;&gt;</a>&nbsp;&nbsp;&nbsp;MPU_Read_Len
</UL>
<BR>[Called By]<UL><LI><a href="#[c3]">&gt;&gt;</a>&nbsp;&nbsp;&nbsp;mpu_update
</UL>

<P><STRONG><a name="[ba]"></a>MPU_Get_Gyroscope</STRONG> (Thumb, 62 bytes, Stack size 24 bytes, mpu6050.o(i.MPU_Get_Gyroscope))
<BR><BR>[Stack]<UL><LI>Max Depth = 132<LI>Call Chain = MPU_Get_Gyroscope &rArr; MPU_Read_Len &rArr; IIC_Read_Byte &rArr; IIC_NAck &rArr; MPU6050_GPIO_Config_OUT &rArr; HAL_GPIO_Init
</UL>
<BR>[Calls]<UL><LI><a href="#[b9]">&gt;&gt;</a>&nbsp;&nbsp;&nbsp;MPU_Read_Len
</UL>
<BR>[Called By]<UL><LI><a href="#[c3]">&gt;&gt;</a>&nbsp;&nbsp;&nbsp;mpu_update
<LI><a href="#[d6]">&gt;&gt;</a>&nbsp;&nbsp;&nbsp;calcGyroOffsets
</UL>

<P><STRONG><a name="[bb]"></a>MPU_Get_Temperature</STRONG> (Thumb, 64 bytes, Stack size 8 bytes, mpu6050.o(i.MPU_Get_Temperature))
<BR><BR>[Stack]<UL><LI>Max Depth = 116<LI>Call Chain = MPU_Get_Temperature &rArr; MPU_Read_Len &rArr; IIC_Read_Byte &rArr; IIC_NAck &rArr; MPU6050_GPIO_Config_OUT &rArr; HAL_GPIO_Init
</UL>
<BR>[Calls]<UL><LI><a href="#[b9]">&gt;&gt;</a>&nbsp;&nbsp;&nbsp;MPU_Read_Len
<LI><a href="#[bf]">&gt;&gt;</a>&nbsp;&nbsp;&nbsp;__aeabi_fmul
<LI><a href="#[c0]">&gt;&gt;</a>&nbsp;&nbsp;&nbsp;__aeabi_f2iz
<LI><a href="#[4c]">&gt;&gt;</a>&nbsp;&nbsp;&nbsp;__aeabi_i2d
<LI><a href="#[bc]">&gt;&gt;</a>&nbsp;&nbsp;&nbsp;__aeabi_ddiv
<LI><a href="#[bd]">&gt;&gt;</a>&nbsp;&nbsp;&nbsp;__aeabi_dadd
<LI><a href="#[be]">&gt;&gt;</a>&nbsp;&nbsp;&nbsp;__aeabi_d2f
</UL>
<BR>[Called By]<UL><LI><a href="#[c3]">&gt;&gt;</a>&nbsp;&nbsp;&nbsp;mpu_update
</UL>

<P><STRONG><a name="[c1]"></a>MPU_Init</STRONG> (Thumb, 80 bytes, Stack size 8 bytes, mpu6050.o(i.MPU_Init))
<BR><BR>[Stack]<UL><LI>Max Depth = 240<LI>Call Chain = MPU_Init &rArr; mpu_update &rArr; atan2 &rArr; atan &rArr; __kernel_poly &rArr; __aeabi_dmul
</UL>
<BR>[Calls]<UL><LI><a href="#[c3]">&gt;&gt;</a>&nbsp;&nbsp;&nbsp;mpu_update
<LI><a href="#[c2]">&gt;&gt;</a>&nbsp;&nbsp;&nbsp;MPU_Write_Byte
<LI><a href="#[b0]">&gt;&gt;</a>&nbsp;&nbsp;&nbsp;IIC_Init
</UL>
<BR>[Called By]<UL><LI><a href="#[63]">&gt;&gt;</a>&nbsp;&nbsp;&nbsp;$Super$$main
</UL>

<P><STRONG><a name="[b9]"></a>MPU_Read_Len</STRONG> (Thumb, 106 bytes, Stack size 24 bytes, mpu6050.o(i.MPU_Read_Len))
<BR><BR>[Stack]<UL><LI>Max Depth = 108<LI>Call Chain = MPU_Read_Len &rArr; IIC_Read_Byte &rArr; IIC_NAck &rArr; MPU6050_GPIO_Config_OUT &rArr; HAL_GPIO_Init
</UL>
<BR>[Calls]<UL><LI><a href="#[b7]">&gt;&gt;</a>&nbsp;&nbsp;&nbsp;IIC_Wait_Ack
<LI><a href="#[b6]">&gt;&gt;</a>&nbsp;&nbsp;&nbsp;IIC_Stop
<LI><a href="#[b5]">&gt;&gt;</a>&nbsp;&nbsp;&nbsp;IIC_Start
<LI><a href="#[b4]">&gt;&gt;</a>&nbsp;&nbsp;&nbsp;IIC_Send_Byte
<LI><a href="#[b2]">&gt;&gt;</a>&nbsp;&nbsp;&nbsp;IIC_Read_Byte
</UL>
<BR>[Called By]<UL><LI><a href="#[bb]">&gt;&gt;</a>&nbsp;&nbsp;&nbsp;MPU_Get_Temperature
<LI><a href="#[ba]">&gt;&gt;</a>&nbsp;&nbsp;&nbsp;MPU_Get_Gyroscope
<LI><a href="#[b8]">&gt;&gt;</a>&nbsp;&nbsp;&nbsp;MPU_Get_Accelerometer
</UL>

<P><STRONG><a name="[c2]"></a>MPU_Write_Byte</STRONG> (Thumb, 78 bytes, Stack size 16 bytes, mpu6050.o(i.MPU_Write_Byte))
<BR><BR>[Stack]<UL><LI>Max Depth = 84<LI>Call Chain = MPU_Write_Byte &rArr; IIC_Wait_Ack &rArr; MPU6050_GPIO_Config_IN &rArr; HAL_GPIO_Init
</UL>
<BR>[Calls]<UL><LI><a href="#[b7]">&gt;&gt;</a>&nbsp;&nbsp;&nbsp;IIC_Wait_Ack
<LI><a href="#[b6]">&gt;&gt;</a>&nbsp;&nbsp;&nbsp;IIC_Stop
<LI><a href="#[b5]">&gt;&gt;</a>&nbsp;&nbsp;&nbsp;IIC_Start
<LI><a href="#[b4]">&gt;&gt;</a>&nbsp;&nbsp;&nbsp;IIC_Send_Byte
<LI><a href="#[7e]">&gt;&gt;</a>&nbsp;&nbsp;&nbsp;Delay_ms
</UL>
<BR>[Called By]<UL><LI><a href="#[c1]">&gt;&gt;</a>&nbsp;&nbsp;&nbsp;MPU_Init
</UL>

<P><STRONG><a name="[6]"></a>NMI_Handler</STRONG> (Thumb, 2 bytes, Stack size 0 bytes, air001xx_it.o(i.NMI_Handler))
<BR>[Address Reference Count : 1]<UL><LI> startup_air001_dev.o(RESET)
</UL>
<P><STRONG><a name="[c4]"></a>PWM_Init</STRONG> (Thumb, 436 bytes, Stack size 472 bytes, pwm.o(i.PWM_Init))
<BR><BR>[Stack]<UL><LI>Max Depth = 516<LI>Call Chain = PWM_Init &rArr; HAL_TIM_PWM_ConfigChannel &rArr; TIM_OC3_SetConfig
</UL>
<BR>[Calls]<UL><LI><a href="#[66]">&gt;&gt;</a>&nbsp;&nbsp;&nbsp;HAL_GPIO_Init
<LI><a href="#[a0]">&gt;&gt;</a>&nbsp;&nbsp;&nbsp;HAL_TIM_PWM_Start
<LI><a href="#[9e]">&gt;&gt;</a>&nbsp;&nbsp;&nbsp;HAL_TIM_PWM_Init
<LI><a href="#[99]">&gt;&gt;</a>&nbsp;&nbsp;&nbsp;HAL_TIM_PWM_ConfigChannel
<LI><a href="#[97]">&gt;&gt;</a>&nbsp;&nbsp;&nbsp;HAL_TIM_OC_Start
<LI><a href="#[95]">&gt;&gt;</a>&nbsp;&nbsp;&nbsp;HAL_TIM_OC_Init
<LI><a href="#[93]">&gt;&gt;</a>&nbsp;&nbsp;&nbsp;HAL_TIM_OC_DeInit
<LI><a href="#[88]">&gt;&gt;</a>&nbsp;&nbsp;&nbsp;HAL_TIM_Base_Init
</UL>
<BR>[Called By]<UL><LI><a href="#[63]">&gt;&gt;</a>&nbsp;&nbsp;&nbsp;$Super$$main
</UL>

<P><STRONG><a name="[9]"></a>PendSV_Handler</STRONG> (Thumb, 2 bytes, Stack size 0 bytes, air001xx_it.o(i.PendSV_Handler))
<BR>[Address Reference Count : 1]<UL><LI> startup_air001_dev.o(RESET)
</UL>
<P><STRONG><a name="[8]"></a>SVC_Handler</STRONG> (Thumb, 2 bytes, Stack size 0 bytes, air001xx_it.o(i.SVC_Handler))
<BR>[Address Reference Count : 1]<UL><LI> startup_air001_dev.o(RESET)
</UL>
<P><STRONG><a name="[a]"></a>SysTick_Handler</STRONG> (Thumb, 8 bytes, Stack size 8 bytes, air001xx_it.o(i.SysTick_Handler))
<BR><BR>[Stack]<UL><LI>Max Depth = 8<LI>Call Chain = SysTick_Handler
</UL>
<BR>[Calls]<UL><LI><a href="#[c5]">&gt;&gt;</a>&nbsp;&nbsp;&nbsp;HAL_IncTick
</UL>
[...]
</UL>
<BR>[Calls]<UL><LI><a href="#[8b]">&gt;&gt;</a>&nbsp;&nbsp;&nbsp;HAL_TIM_IRQHandler
</UL>
<BR>[Address Reference Count : 1]<UL><LI> startup_air001_dev.o(RESET)
</UL>
<P><STRONG><a name="[8a]"></a>TIM_Base_SetConfig</STRONG> (Thumb, 102 bytes, Stack size 16 bytes, air001xx_hal_tim.o(i.TIM_Base_SetConfig))
<BR><BR>[Stack]<UL><LI>Max Depth = 16<LI>Call Chain = TIM_Base_SetConfig
</UL>
<BR>[Called By]<UL><LI><a href="#[9e]">&gt;&gt;</a>&nbsp;&nbsp;&nbsp;HAL_TIM_PWM_Init
<LI><a href="#[95]">&gt;&gt;</a>&nbsp;&nbsp;&nbsp;HAL_TIM_OC_Init
<LI><a href="#[88]">&gt;&gt;</a>&nbsp;&nbsp;&nbsp;HAL_TIM_Base_Init
</UL>

<P><STRONG><a name="[98]"></a>TIM_CCxChannelCmd</STRONG> (Thumb, 26 bytes, Stack size 8 bytes, air001xx_hal_tim.o(i.TIM_CCxChannelCmd))
<BR><BR>[Stack]<UL><LI>Max Depth = 8<LI>Call Chain = TIM_CCxChannelCmd
</UL>
<BR>[Called By]<UL><LI><a href="#[a0]">&gt;&gt;</a>&nbsp;&nbsp;&nbsp;HAL_TIM_PWM_Start
<LI><a href="#[97]">&gt;&gt;</a>&nbsp;&nbsp;&nbsp;HAL_TIM_OC_Start
</UL>

<P><STRONG><a name="[9b]"></a>TIM_OC2_SetConfig</STRONG> (Thumb, 116 bytes, Stack size 20 bytes, air001xx_hal_tim.o(i.TIM_OC2_SetConfig))
<BR><BR>[Stack]<UL><LI>Max Depth = 20<LI>Call Chain = TIM_OC2_SetConfig
</UL>
<BR>[Called By]<UL><LI><a href="#[99]">&gt;&gt;</a>&nbsp;&nbsp;&nbsp;HAL_TIM_PWM_ConfigChannel
</UL>

<P><STRONG><a name="[c6]"></a>Timer_init</STRONG> (Thumb, 88 bytes, Stack size 8 bytes, mpu6050_timer.o(i.Timer_init))
<BR><BR>[Stack]<UL><LI>Max Depth = 40<LI>Call Chain = Timer_init &rArr; HAL_TIM_Base_Init &rArr; TIM_Base_SetConfig
</UL>
<BR>[Calls]<UL><LI><a href="#[75]">&gt;&gt;</a>&nbsp;&nbsp;&nbsp;HAL_NVIC_SetPriority
<LI><a href="#[76]">&gt;&gt;</a>&nbsp;&nbsp;&nbsp;HAL_NVIC_EnableIRQ
<LI><a href="#[c7]">&gt;&gt;</a>&nbsp;&nbsp;&nbsp;HAL_TIM_Base_Start_IT
<LI><a href="#[88]">&gt;&gt;</a>&nbsp;&nbsp;&nbsp;HAL_TIM_Base_Init
<LI><a href="#[7f]">&gt;&gt;</a>&nbsp;&nbsp;&nbsp;Error_Handler
</UL>
<BR>[Called By]<UL><LI><a href="#[63]">&gt;&gt;</a>&nbsp;&nbsp;&nbsp;$Super$$main
</UL>

<P><STRONG><a name="[21]"></a>USART2_IRQHandler</STRONG> (Thumb, 10 bytes, Stack size 8 bytes, air001xx_it.o(i.USART2_IRQHandler))
<BR><BR>[Stack]<UL><LI>Max Depth = 40<LI>Call Chain = USART2_IRQHandler &rArr; HAL_UART_IRQHandler &rArr; UART_Receive_IT
</UL>
<BR>[Calls]<UL><LI><a href="#[a1]">&gt;&gt;</a>&nbsp;&nbsp;&nbsp;HAL_UART_IRQHandler
</UL>
<BR>[Address Reference Count : 1]<UL><LI> startup_air001_dev.o(RESET)
</UL>
<P><STRONG><a name="[d1]"></a>__ARM_fpclassify</STRONG> (Thumb, 40 bytes, Stack size 0 bytes, fpclassify.o(i.__ARM_fpclassify))
<BR><BR>[Called By]<UL><LI><a href="#[d0]">&gt;&gt;</a>&nbsp;&nbsp;&nbsp;atan
</UL>

<P><STRONG><a name="[ca]"></a>__kernel_poly</STRONG> (Thumb, 172 bytes, Stack size 24 bytes, poly.o(i.__kernel_poly))
<BR><BR>[Stack]<UL><LI>Max Depth = 80<LI>Call Chain = __kernel_poly &rArr; __aeabi_dmul
</UL>
<BR>[Calls]<UL><LI><a href="#[cb]">&gt;&gt;</a>&nbsp;&nbsp;&nbsp;__aeabi_dmul
<LI><a href="#[bd]">&gt;&gt;</a>&nbsp;&nbsp;&nbsp;__aeabi_dadd
</UL>
<BR>[Called By]<UL><LI><a href="#[d0]">&gt;&gt;</a>&nbsp;&nbsp;&nbsp;atan
</UL>

<P><STRONG><a name="[cc]"></a>__mathlib_dbl_infnan</STRONG> (Thumb, 10 bytes, Stack size 8 bytes, dunder.o(i.__mathlib_dbl_infnan))
<BR><BR>[Stack]<UL><LI>Max Depth = 24<LI>Call Chain = __mathlib_dbl_infnan &rArr; __ARM_scalbn
</UL>
<BR>[Calls]<UL><LI><a href="#[cd]">&gt;&gt;</a>&nbsp;&nbsp;&nbsp;__ARM_scalbn
</UL>
<BR>[Called By]<UL><LI><a href="#[d0]">&gt;&gt;</a>&nbsp;&nbsp;&nbsp;atan
</UL>

<P><STRONG><a name="[ce]"></a>__mathlib_dbl_infnan2</STRONG> (Thumb, 8 bytes, Stack size 8 bytes, dunder.o(i.__mathlib_dbl_infnan2))
<BR><BR>[Stack]<UL><LI>Max Depth = 16<LI>Call Chain = __mathlib_dbl_infnan2 &rArr; __aeabi_dadd
</UL>
<BR>[Calls]<UL><LI><a href="#[bd]">&gt;&gt;</a>&nbsp;&nbsp;&nbsp;__aeabi_dadd
</UL>
<BR>[Called By]<UL><LI><a href="#[d4]">&gt;&gt;</a>&nbsp;&nbsp;&nbsp;atan2
</UL>

<P><STRONG><a name="[cf]"></a>__mathlib_dbl_underflow</STRONG> (Thumb, 14 bytes, Stack size 8 bytes, dunder.o(i.__mathlib_dbl_underflow))
<BR><BR>[Stack]<UL><LI>Max Depth = 24<LI>Call Chain = __mathlib_dbl_underflow &rArr; __ARM_scalbn
</UL>
<BR>[Calls]<UL><LI><a href="#[cd]">&gt;&gt;</a>&nbsp;&nbsp;&nbsp;__ARM_scalbn
</UL>
<BR>[Called By]<UL><LI><a href="#[d0]">&gt;&gt;</a>&nbsp;&nbsp;&nbsp;atan
</UL>

<P><STRONG><a name="[43]"></a>_is_digit</STRONG> (Thumb, 14 bytes, Stack size 0 bytes, __printf_wp.o(i._is_digit))
<BR><BR>[Called By]<UL><LI><a href="#[42]">&gt;&gt;</a>&nbsp;&nbsp;&nbsp;__printf
</UL>

<P><STRONG><a name="[3b]"></a>_sys_exit</STRONG> (Thumb, 2 bytes, Stack size 0 bytes, air001_core_board.o(i._sys_exit))
<BR><BR>[Called By]<UL><LI><a href="#[3a]">&gt;&gt;</a>&nbsp;&nbsp;&nbsp;__rt_exit_exit
</UL>

<P><STRONG><a name="[d0]"></a>atan</STRONG> (Thumb, 472 bytes, Stack size 56 bytes, atan.o(i.atan))
<BR><BR>[Stack]<UL><LI>Max Depth = 136<LI>Call Chain = atan &rArr; __kernel_poly &rArr; __aeabi_dmul
</UL>
<BR>[Calls]<UL><LI><a href="#[ca]">&gt;&gt;</a>&nbsp;&nbsp;&nbsp;__kernel_poly
<LI><a href="#[d1]">&gt;&gt;</a>&nbsp;&nbsp;&nbsp;__ARM_fpclassify
<LI><a href="#[cf]">&gt;&gt;</a>&nbsp;&nbsp;&nbsp;__mathlib_dbl_underflow
<LI><a href="#[cc]">&gt;&gt;</a>&nbsp;&nbsp;&nbsp;__mathlib_dbl_infnan
<LI><a href="#[cd]">&gt;&gt;</a>&nbsp;&nbsp;&nbsp;__ARM_scalbn
<LI><a href="#[cb]">&gt;&gt;</a>&nbsp;&nbsp;&nbsp;__aeabi_dmul
<LI><a href="#[bc]">&gt;&gt;</a>&nbsp;&nbsp;&nbsp;__aeabi_ddiv
<LI><a href="#[d3]">&gt;&gt;</a>&nbsp;&nbsp;&nbsp;__aeabi_drsub
<LI><a href="#[d2]">&gt;&gt;</a>&nbsp;&nbsp;&nbsp;__aeabi_dsub
<LI><a href="#[bd]">&gt;&gt;</a>&nbsp;&nbsp;&nbsp;__aeabi_dadd
</UL>
<BR>[Called By]<UL><LI><a href="#[d4]">&gt;&gt;</a>&nbsp;&nbsp;&nbsp;atan2
</UL>

<P><STRONG><a name="[d4]"></a>atan2</STRONG> (Thumb, 372 bytes, Stack size 40 bytes, atan2.o(i.atan2))
<BR><BR>[Stack]<UL><LI>Max Depth = 176<LI>Call Chain = atan2 &rArr; atan &rArr; __kernel_poly &rArr; __aeabi_dmul
</UL>
<BR>[Calls]<UL><LI><a href="#[ce]">&gt;&gt;</a>&nbsp;&nbsp;&nbsp;__mathlib_dbl_infnan2
<LI><a href="#[d0]">&gt;&gt;</a>&nbsp;&nbsp;&nbsp;atan
<LI><a href="#[d5]">&gt;&gt;</a>&nbsp;&nbsp;&nbsp;__aeabi_cdcmpeq
<LI><a href="#[56]">&gt;&gt;</a>&nbsp;&nbsp;&nbsp;__set_errno
<LI><a href="#[bc]">&gt;&gt;</a>&nbsp;&nbsp;&nbsp;__aeabi_ddiv
<LI><a href="#[d3]">&gt;&gt;</a>&nbsp;&nbsp;&nbsp;__aeabi_drsub
<LI><a href="#[d2]">&gt;&gt;</a>&nbsp;&nbsp;&nbsp;__aeabi_dsub
</UL>
<BR>[Called By]<UL><LI><a href="#[c3]">&gt;&gt;</a>&nbsp;&nbsp;&nbsp;mpu_update
</UL>

<P><STRONG><a name="[d6]"></a>calcGyroOffsets</STRONG> (Thumb, 202 bytes, Stack size 40 bytes, mpu6050.o(i.calcGyroOffsets))
<BR><BR>[Stack]<UL><LI>Max Depth = 172<LI>Call Chain = calcGyroOffsets &rArr; MPU_Get_Gyroscope &rArr; MPU_Read_Len &rArr; IIC_Read_Byte &rArr; IIC_NAck &rArr; MPU6050_GPIO_Config_OUT &rArr; HAL_GPIO_Init
</UL>
<BR>[Calls]<UL><LI><a href="#[ba]">&gt;&gt;</a>&nbsp;&nbsp;&nbsp;MPU_Get_Gyroscope
<LI><a href="#[d8]">&gt;&gt;</a>&nbsp;&nbsp;&nbsp;__aeabi_fdiv
<LI><a href="#[d7]">&gt;&gt;</a>&nbsp;&nbsp;&nbsp;__aeabi_f2d
<LI><a href="#[4c]">&gt;&gt;</a>&nbsp;&nbsp;&nbsp;__aeabi_i2d
<LI><a href="#[bc]">&gt;&gt;</a>&nbsp;&nbsp;&nbsp;__aeabi_ddiv
<LI><a href="#[bd]">&gt;&gt;</a>&nbsp;&nbsp;&nbsp;__aeabi_dadd
<LI><a href="#[be]">&gt;&gt;</a>&nbsp;&nbsp;&nbsp;__aeabi_d2f
</UL>
<BR>[Called By]<UL><LI><a href="#[63]">&gt;&gt;</a>&nbsp;&nbsp;&nbsp;$Super$$main
</UL>

<P><STRONG><a name="[25]"></a>fputc</STRONG> (Thumb, 20 bytes, Stack size 16 bytes, air001_core_board.o(i.fputc))
<BR><BR>[Stack]<UL><LI>Max Depth = 104<LI>Call Chain = fputc &rArr; HAL_UART_Transmit &rArr; UART_WaitOnFlagUntilTimeout
</UL>
<BR>[Calls]<UL><LI><a href="#[ab]">&gt;&gt;</a>&nbsp;&nbsp;&nbsp;HAL_UART_Transmit
</UL>
<BR>[Address Reference Count : 1]<UL><LI> _printf_char_file.o(.text)
</UL>
<P><STRONG><a name="[63]"></a>$Super$$main</STRONG> (Thumb, 62 bytes, Stack size 0 bytes, main.o(i.main))
<BR><BR>[Stack]<UL><LI>Max Depth = 516 + Unknown Stack Size
<LI>Call Chain = $Super$$main &rArr; PWM_Init &rArr; HAL_TIM_PWM_ConfigChannel &rArr; TIM_OC3_SetConfig
</UL>
<BR>[Calls]<UL><LI><a href="#[d6]">&gt;&gt;</a>&nbsp;&nbsp;&nbsp;calcGyroOffsets
<LI><a href="#[c6]">&gt;&gt;</a>&nbsp;&nbsp;&nbsp;Timer_init
<LI><a href="#[c4]">&gt;&gt;</a>&nbsp;&nbsp;&nbsp;PWM_Init
<LI><a href="#[c1]">&gt;&gt;</a>&nbsp;&nbsp;&nbsp;MPU_Init
<LI><a href="#[b0]">&gt;&gt;</a>&nbsp;&nbsp;&nbsp;IIC_Init
<LI><a href="#[80]">&gt;&gt;</a>&nbsp;&nbsp;&nbsp;HAL_Init
<LI><a href="#[7d]">&gt;&gt;</a>&nbsp;&nbsp;&nbsp;Bmp_Init
<LI><a href="#[7a]">&gt;&gt;</a>&nbsp;&nbsp;&nbsp;B_IIC_Init
<LI><a href="#[73]">&gt;&gt;</a>&nbsp;&nbsp;&nbsp;BSP_USART_Config
<LI><a href="#[6a]">&gt;&gt;</a>&nbsp;&nbsp;&nbsp;BMP280_ReadID
<LI><a href="#[68]">&gt;&gt;</a>&nbsp;&nbsp;&nbsp;BMP280_Get_Pressure
<LI><a href="#[3c]">&gt;&gt;</a>&nbsp;&nbsp;&nbsp;__2printf
</UL>
<BR>[Called By]<UL><LI><a href="#[36]">&gt;&gt;</a>&nbsp;&nbsp;&nbsp;main
</UL>

<P><STRONG><a name="[c3]"></a>mpu_update</STRONG> (Thumb, 586 bytes, Stack size 56 bytes, mpu6050.o(i.mpu_update))
<BR><BR>[Stack]<UL><LI>Max Depth = 232<LI>Call Chain = mpu_update &rArr; atan2 &rArr; atan &rArr; __kernel_poly &rArr; __aeabi_dmul
</UL>
<BR>[Calls]<UL><LI><a href="#[bb]">&gt;&gt;</a>&nbsp;&nbsp;&nbsp;MPU_Get_Temperature
<LI><a href="#[ba]">&gt;&gt;</a>&nbsp;&nbsp;&nbsp;MPU_Get_Gyroscope
<LI><a href="#[b8]">&gt;&gt;</a>&nbsp;&nbsp;&nbsp;MPU_Get_Accelerometer
<LI><a href="#[d4]">&gt;&gt;</a>&nbsp;&nbsp;&nbsp;atan2
<LI><a href="#[bf]">&gt;&gt;</a>&nbsp;&nbsp;&nbsp;__aeabi_fmul
<LI><a href="#[51]">&gt;&gt;</a>&nbsp;&nbsp;&nbsp;__aeabi_i2f
<LI><a href="#[c0]">&gt;&gt;</a>&nbsp;&nbsp;&nbsp;__aeabi_f2iz
<LI><a href="#[da]">&gt;&gt;</a>&nbsp;&nbsp;&nbsp;__aeabi_fsub
<LI><a href="#[d9]">&gt;&gt;</a>&nbsp;&nbsp;&nbsp;__aeabi_fadd
<LI><a href="#[d7]">&gt;&gt;</a>&nbsp;&nbsp;&nbsp;__aeabi_f2d
<LI><a href="#[cd]">&gt;&gt;</a>&nbsp;&nbsp;&nbsp;__ARM_scalbn
<LI><a href="#[cb]">&gt;&gt;</a>&nbsp;&nbsp;&nbsp;__aeabi_dmul
<LI><a href="#[4e]">&gt;&gt;</a>&nbsp;&nbsp;&nbsp;__aeabi_ui2d
<LI><a href="#[4c]">&gt;&gt;</a>&nbsp;&nbsp;&nbsp;__aeabi_i2d
<LI><a href="#[bc]">&gt;&gt;</a>&nbsp;&nbsp;&nbsp;__aeabi_ddiv
<LI><a href="#[be]">&gt;&gt;</a>&nbsp;&nbsp;&nbsp;__aeabi_d2f
</UL>
<BR>[Called By]<UL><LI><a href="#[c1]">&gt;&gt;</a>&nbsp;&nbsp;&nbsp;MPU_Init
</UL>

<P><STRONG><a name="[d5]"></a>__aeabi_cdcmpeq</STRONG> (Thumb, 0 bytes, Stack size 24 bytes, deqf.o(x$fpl$deqf))
<BR><BR>[Stack]<UL><LI>Max Depth = 24<LI>Call Chain = __aeabi_cdcmpeq
</UL>
<BR>[Called By]<UL><LI><a href="#[d4]">&gt;&gt;</a>&nbsp;&nbsp;&nbsp;atan2
</UL>

<P><STRONG><a name="[db]"></a>_dcmpeq</STRONG> (Thumb, 94 bytes, Stack size 24 bytes, deqf.o(x$fpl$deqf), UNUSED)
<BR><BR>[Calls]<UL><LI><a href="#[5b]">&gt;&gt;</a>&nbsp;&nbsp;&nbsp;__fpl_dcmp_InfNaN
</UL>

<P><STRONG><a name="[d9]"></a>__aeabi_fadd</STRONG> (Thumb, 0 bytes, Stack size 16 bytes, faddsub.o(x$fpl$fadd))
<BR><BR>[Stack]<UL><LI>Max Depth = 16<LI>Call Chain = __aeabi_fadd
</UL>
<BR>[Called By]<UL><LI><a href="#[c3]">&gt;&gt;</a>&nbsp;&nbsp;&nbsp;mpu_update
</UL>

<P><STRONG><a name="[dc]"></a>_fadd</STRONG> (Thumb, 134 bytes, Stack size 16 bytes, faddsub.o(x$fpl$fadd), UNUSED)
<BR><BR>[Calls]<UL><LI><a href="#[dd]">&gt;&gt;</a>&nbsp;&nbsp;&nbsp;_fsub1
</UL>

<P><STRONG><a name="[bf]"></a>__aeabi_fmul</STRONG> (Thumb, 0 bytes, Stack size 16 bytes, fmul.o(x$fpl$fmul))
<BR><BR>[Stack]<UL><LI>Max Depth = 16<LI>Call Chain = __aeabi_fmul
</UL>
<BR>[Called By]<UL><LI><a href="#[c3]">&gt;&gt;</a>&nbsp;&nbsp;&nbsp;mpu_update
<LI><a href="#[bb]">&gt;&gt;</a>&nbsp;&nbsp;&nbsp;MPU_Get_Temperature
</UL>

<P><STRONG><a name="[11d]"></a>_fmul</STRONG> (Thumb, 172 bytes, Stack size 16 bytes, fmul.o(x$fpl$fmul), UNUSED)

<P><STRONG><a name="[da]"></a>__aeabi_fsub</STRONG> (Thumb, 0 bytes, Stack size 16 bytes, faddsub.o(x$fpl$fsub))
<BR><BR>[Stack]<UL><LI>Max Depth = 16<LI>Call Chain = __aeabi_fsub
</UL>
<BR>[Called By]<UL><LI><a href="#[c3]">&gt;&gt;</a>&nbsp;&nbsp;&nbsp;mpu_update
</UL>

<P><STRONG><a name="[de]"></a>_fsub</STRONG> (Thumb, 204 bytes, Stack size 16 bytes, faddsub.o(x$fpl$fsub), UNUSED)
<BR><BR>[Calls]<UL><LI><a href="#[df]">&gt;&gt;</a>&nbsp;&nbsp;&nbsp;_fadd1
</UL>
<P>
<H3>
Local Symbols
</H3>
<P><STRONG><a name="[69]"></a>BMP280_Read_Byte</STRONG> (Thumb, 58 bytes, Stack size 8 bytes, bmp280.o(i.BMP280_Read_Byte))
<BR><BR>[Stack]<UL><LI>Max Depth = 92<LI>Call Chain = BMP280_Read_Byte &rArr; B_IIC_Read_Byte &rArr; B_IIC_NAck &rArr; BMP280_GPIO_Config_OUT &rArr; HAL_GPIO_Init
</UL>
<BR>[Calls]<UL><LI><a href="#[6d]">&gt;&gt;</a>&nbsp;&nbsp;&nbsp;B_IIC_Wait_Ack
<LI><a href="#[6f]">&gt;&gt;</a>&nbsp;&nbsp;&nbsp;B_IIC_Stop
<LI><a href="#[6b]">&gt;&gt;</a>&nbsp;&nbsp;&nbsp;B_IIC_Start
<LI><a href="#[6c]">&gt;&gt;</a>&nbsp;&nbsp;&nbsp;B_IIC_Send_Byte
<LI><a href="#[6e]">&gt;&gt;</a>&nbsp;&nbsp;&nbsp;B_IIC_Read_Byte
</UL>
<BR>[Called By]<UL><LI><a href="#[7d]">&gt;&gt;</a>&nbsp;&nbsp;&nbsp;Bmp_Init
<LI><a href="#[6a]">&gt;&gt;</a>&nbsp;&nbsp;&nbsp;BMP280_ReadID
<LI><a href="#[68]">&gt;&gt;</a>&nbsp;&nbsp;&nbsp;BMP280_Get_Pressure
</UL>

<P><STRONG><a name="[71]"></a>BMP280_Write_Byte</STRONG> (Thumb, 46 bytes, Stack size 16 bytes, bmp280.o(i.BMP280_Write_Byte))
<BR><BR>[Stack]<UL><LI>Max Depth = 84<LI>Call Chain = BMP280_Write_Byte &rArr; B_IIC_Wait_Ack &rArr; BMP280_GPIO_Config_IN &rArr; HAL_GPIO_Init
</UL>
<BR>[Calls]<UL><LI><a href="#[6d]">&gt;&gt;</a>&nbsp;&nbsp;&nbsp;B_IIC_Wait_Ack
<LI><a href="#[6f]">&gt;&gt;</a>&nbsp;&nbsp;&nbsp;B_IIC_Stop
<LI><a href="#[6b]">&gt;&gt;</a>&nbsp;&nbsp;&nbsp;B_IIC_Start
<LI><a href="#[6c]">&gt;&gt;</a>&nbsp;&nbsp;&nbsp;B_IIC_Send_Byte
</UL>
<BR>[Called By]<UL><LI><a href="#[7d]">&gt;&gt;</a>&nbsp;&nbsp;&nbsp;Bmp_Init
<LI><a href="#[72]">&gt;&gt;</a>&nbsp;&nbsp;&nbsp;BMP280_Set_TemOversamp
<LI><a href="#[70]">&gt;&gt;</a>&nbsp;&nbsp;&nbsp;BMP280_Set_Standby_FILTER
</UL>

<P><STRONG><a name="[85]"></a>__NVIC_SetPriority</STRONG> (Thumb, 60 bytes, Stack size 0 bytes, air001xx_hal_cortex.o(i.__NVIC_SetPriority))
<BR><BR>[Called By]<UL><LI><a href="#[75]">&gt;&gt;</a>&nbsp;&nbsp;&nbsp;HAL_NVIC_SetPriority
<LI><a href="#[84]">&gt;&gt;</a>&nbsp;&nbsp;&nbsp;HAL_SYSTICK_Config
</UL>

<P><STRONG><a name="[9a]"></a>TIM_OC1_SetConfig</STRONG> (Thumb, 112 bytes, Stack size 20 bytes, air001xx_hal_tim.o(i.TIM_OC1_SetConfig))
<BR><BR>[Stack]<UL><LI>Max Depth = 20<LI>Call Chain = TIM_OC1_SetConfig
</UL>
<BR>[Called By]<UL><LI><a href="#[99]">&gt;&gt;</a>&nbsp;&nbsp;&nbsp;HAL_TIM_PWM_ConfigChannel
</UL>

<P><STRONG><a name="[9c]"></a>TIM_OC3_SetConfig</STRONG> (Thumb, 114 bytes, Stack size 20 bytes, air001xx_hal_tim.o(i.TIM_OC3_SetConfig))
<BR><BR>[Stack]<UL><LI>Max Depth = 20<LI>Call Chain = TIM_OC3_SetConfig
</UL>
<BR>[Called By]<UL><LI><a href="#[99]">&gt;&gt;</a>&nbsp;&nbsp;&nbsp;HAL_TIM_PWM_ConfigChannel
</UL>

<P><STRONG><a name="[9d]"></a>TIM_OC4_SetConfig</STRONG> (Thumb, 92 bytes, Stack size 16 bytes, air001xx_hal_tim.o(i.TIM_OC4_SetConfig))
<BR><BR>[Stack]<UL><LI>Max Depth = 16<LI>Call Chain = TIM_OC4_SetConfig
</UL>
<BR>[Called By]<UL><LI><a href="#[99]">&gt;&gt;</a>&nbsp;&nbsp;&nbsp;HAL_TIM_PWM_ConfigChannel
</UL>

<P><STRONG><a name="[aa]"></a>UART_AdvFeatureConfig</STRONG> (Thumb, 48 bytes, Stack size 8 bytes, air001xx_hal_uart.o(i.UART_AdvFeatureConfig))
<BR><BR>[Stack]<UL><LI>Max Depth = 8<LI>Call Chain = UART_AdvFeatureConfig
</UL>
<BR>[Called By]<UL><LI><a href="#[74]">&gt;&gt;</a>&nbsp;&nbsp;&nbsp;HAL_UART_Init
</UL>

<P><STRONG><a name="[27]"></a>UART_DMAAbortOnError</STRONG> (Thumb, 16 bytes, Stack size 8 bytes, air001xx_hal_uart.o(i.UART_DMAAbortOnError))
<BR><BR>[Stack]<UL><LI>Max Depth = 8<LI>Call Chain = UART_DMAAbortOnError
</UL>
<BR>[Calls]<UL><LI><a href="#[a5]">&gt;&gt;</a>&nbsp;&nbsp;&nbsp;HAL_UART_ErrorCallback
</UL>
<BR>[Address Reference Count : 1]<UL><LI> air001xx_hal_uart.o(i.HAL_UART_IRQHandler)
</UL>
<P><STRONG><a name="[a3]"></a>UART_EndRxTransfer</STRONG> (Thumb, 30 bytes, Stack size 0 bytes, air001xx_hal_uart.o(i.UART_EndRxTransfer))
<BR><BR>[Called By]<UL><LI><a href="#[a1]">&gt;&gt;</a>&nbsp;&nbsp;&nbsp;HAL_UART_IRQHandler
</UL>

<P><STRONG><a name="[a7]"></a>UART_EndTransmit_IT</STRONG> (Thumb, 26 bytes, Stack size 8 bytes, air001xx_hal_uart.o(i.UART_EndTransmit_IT))
<BR><BR>[Stack]<UL><LI>Max Depth = 8<LI>Call Chain = UART_EndTransmit_IT
</UL>
<BR>[Calls]<UL><LI><a href="#[c8]">&gt;&gt;</a>&nbsp;&nbsp;&nbsp;HAL_UART_TxCpltCallback
</UL>
<BR>[Called By]<UL><LI><a href="#[a1]">&gt;&gt;</a>&nbsp;&nbsp;&nbsp;HAL_UART_IRQHandler
</UL>

<P><STRONG><a name="[a2]"></a>UART_Receive_IT</STRONG> (Thumb, 122 bytes, Stack size 16 bytes, air001xx_hal_uart.o(i.UART_Receive_IT))
<BR><BR>[Stack]<UL><LI>Max Depth = 16<LI>Call Chain = UART_Receive_IT
</UL>
<BR>[Calls]<UL><LI><a href="#[c9]">&gt;&gt;</a>&nbsp;&nbsp;&nbsp;HAL_UART_RxCpltCallback
</UL>
<BR>[Called By]<UL><LI><a href="#[a1]">&gt;&gt;</a>&nbsp;&nbsp;&nbsp;HAL_UART_IRQHandler
</UL>

<P><STRONG><a name="[a9]"></a>UART_SetConfig</STRONG> (Thumb, 198 bytes, Stack size 16 bytes, air001xx_hal_uart.o(i.UART_SetConfig))
<BR><BR>[Stack]<UL><LI>Max Depth = 20<LI>Call Chain = UART_SetConfig &rArr; HAL_RCC_GetPCLK1Freq
</UL>
<BR>[Calls]<UL><LI><a href="#[86]">&gt;&gt;</a>&nbsp;&nbsp;&nbsp;HAL_RCC_GetPCLK1Freq
<LI><a href="#[83]">&gt;&gt;</a>&nbsp;&nbsp;&nbsp;__aeabi_uidivmod
</UL>
<BR>[Called By]<UL><LI><a href="#[74]">&gt;&gt;</a>&nbsp;&nbsp;&nbsp;HAL_UART_Init
</UL>

<P><STRONG><a name="[a6]"></a>UART_Transmit_IT</STRONG> (Thumb, 100 bytes, Stack size 0 bytes, air001xx_hal_uart.o(i.UART_Transmit_IT))
<BR><BR>[Called By]<UL><LI><a href="#[a1]">&gt;&gt;</a>&nbsp;&nbsp;&nbsp;HAL_UART_IRQHandler
</UL>

<P><STRONG><a name="[ad]"></a>UART_WaitOnFlagUntilTimeout</STRONG> (Thumb, 98 bytes, Stack size 40 bytes, air001xx_hal_uart.o(i.UART_WaitOnFlagUntilTimeout))
<BR><BR>[Stack]<UL><LI>Max Depth = 40<LI>Call Chain = UART_WaitOnFlagUntilTimeout
</UL>
<BR>[Calls]<UL><LI><a href="#[ac]">&gt;&gt;</a>&nbsp;&nbsp;&nbsp;HAL_GetTick
</UL>
<BR>[Called By]<UL><LI><a href="#[ab]">&gt;&gt;</a>&nbsp;&nbsp;&nbsp;HAL_UART_Transmit
</UL>

<P><STRONG><a name="[47]"></a>_dadd1</STRONG> (Thumb, 290 bytes, Stack size 20 bytes, daddsub.o(.text), UNUSED)
<BR><BR>[Called By]<UL><LI><a href="#[49]">&gt;&gt;</a>&nbsp;&nbsp;&nbsp;_drsb
<LI><a href="#[48]">&gt;&gt;</a>&nbsp;&nbsp;&nbsp;_dsub
<LI><a href="#[45]">&gt;&gt;</a>&nbsp;&nbsp;&nbsp;_dadd
</UL>

<P><STRONG><a name="[46]"></a>_dsub1</STRONG> (Thumb, 470 bytes, Stack size 40 bytes, daddsub.o(.text), UNUSED)
<BR><BR>[Called By]<UL><LI><a href="#[49]">&gt;&gt;</a>&nbsp;&nbsp;&nbsp;_drsb
<LI><a href="#[48]">&gt;&gt;</a>&nbsp;&nbsp;&nbsp;_dsub
<LI><a href="#[45]">&gt;&gt;</a>&nbsp;&nbsp;&nbsp;_dadd
</UL>

<P><STRONG><a name="[df]"></a>_fadd1</STRONG> (Thumb, 0 bytes, Stack size unknown bytes, faddsub.o(x$fpl$fadd), UNUSED)
<BR><BR>[Called By]<UL><LI><a href="#[de]">&gt;&gt;</a>&nbsp;&nbsp;&nbsp;_fsub
</UL>

<P><STRONG><a name="[dd]"></a>_fsub1</STRONG> (Thumb, 0 bytes, Stack size unknown bytes, faddsub.o(x$fpl$fsub), UNUSED)
<BR><BR>[Called By]<UL><LI><a href="#[dc]">&gt;&gt;</a>&nbsp;&nbsp;&nbsp;_fadd
</UL>

<P><STRONG><a name="[26]"></a>_printf_input_char</STRONG> (Thumb, 10 bytes, Stack size 0 bytes, _printf_char_common.o(.text))
<BR>[Address Reference Count : 1]<UL><LI> _printf_char_common.o(.text)
</UL><P>
<H3>
Undefined Global Symbols
</H3>
<P><STRONG><a name="[60]"></a>_call_atexit_fns</STRONG> (ARM, 0 bytes, Stack size 0 bytes, UNDEFINED)
<BR><BR>[Called By]<UL><LI><a href="#[37]">&gt;&gt;</a>&nbsp;&nbsp;&nbsp;exit
</UL>

<P><STRONG><a name="[3e]"></a>_printf_truncate_signed</STRONG> (ARM, 0 bytes, Stack size 0 bytes, UNDEFINED)
<BR><BR>[Called By]<UL><LI><a href="#[2e]">&gt;&gt;</a>&nbsp;&nbsp;&nbsp;_printf_int_dec
</UL>

<P><STRONG><a name="[3f]"></a>_printf_truncate_unsigned</STRONG> (ARM, 0 bytes, Stack size 0 bytes, UNDEFINED)
<BR><BR>[Called By]<UL><LI><a href="#[30]">&gt;&gt;</a>&nbsp;&nbsp;&nbsp;_printf_int_hex
<LI><a href="#[2e]">&gt;&gt;</a>&nbsp;&nbsp;&nbsp;_printf_int_dec
</UL>
<HR></body></html>
