<html>
<body>
<pre>
<h1>µVision Build Log</h1>
<h2>Tool Versions:</h2>
IDE-Version: ¦ÌVision V5.38.0.0
Copyright (C) 2022 ARM Ltd and ARM Germany GmbH. All rights reserved.
License Information: lenovo,  , LIC=MPPLD-8N996-LQA0Q-NWR7A-PS143-5PYM2
 
Tool Versions:
Toolchain:       MDK-ARM Plus  Version: 5.38.0.0
Toolchain Path:  D:\ruanjian\keil\Core\ARM\ARMCC\Bin
C Compiler:      Armcc.exe V5.06 update 7 (build 960)
Assembler:       Armasm.exe V5.06 update 7 (build 960)
Linker/Locator:  ArmLink.exe V5.06 update 7 (build 960)
Library Manager: ArmAr.exe V5.06 update 7 (build 960)
Hex Converter:   FromElf.exe V5.06 update 7 (build 960)
CPU DLL:         SARMCM3.DLL V5.38.0.0
Dialog DLL:      DARMCM1.DLL V1.19.6.0
Target DLL:      CMSIS_AGDI.dll V1.33.15.0
Dialog DLL:      TARMCM1.DLL V1.14.6.0
 
<h2>Project:</h2>
C:\Users\lenovo\Desktop\Project\Air001.uvprojx
Project File Date:  09/29/2023

<h2>Output:</h2>
*** Using Compiler 'V5.06 update 7 (build 960)', folder: 'D:\ruanjian\keil\Core\ARM\ARMCC\Bin'
Rebuild target 'Target 1'
compiling I2C.c...
compiling usart.c...
compiling NRF24L01.c...
compiling air001xx_it.c...
compiling main.c...
compiling MPU6050_TIMER.c...
compiling MPU6050.c...
compiling BMP280.c...
compiling PWM.c...
compiling Delay.c...
compiling air001_Core_Board.c...
compiling air001xx_hal_pwr_ex.c...
compiling air001xx_hal_gpio.c...
compiling air001xx_hal_pwr.c...
compiling air001xx_hal_rcc_ex.c...
compiling air001xx_hal.c...
compiling air001xx_hal_rcc.c...
compiling air001xx_hal_flash.c...
compiling BMP280_I2C.c...
compiling air001xx_hal_tim_ex.c...
compiling air001xx_hal_tim.c...
assembling startup_air001_dev.s...
compiling air001xx_hal_cortex.c...
compiling system_air001xx.c...
compiling air001xx_hal_dma.c...
compiling air001xx_hal_uart.c...
linking...
Program Size: Code=15648 RO-data=792 RW-data=320 ZI-data=1872  
FromELF: creating hex file...
".\Objects\Air001.axf" - 0 Error(s), 0 Warning(s).

<h2>Software Packages used:</h2>

Package Vendor: ARM
                http://www.keil.com/pack/ARM.CMSIS.5.9.0.pack
                ARM.CMSIS.5.9.0
                CMSIS (Common Microcontroller Software Interface Standard)
   * Component: CORE Version: 5.6.0

Package Vendor: Keil
                https://luatos.com/t/air001/Keil.AIR001_DFP.1.1.0.pack
                Keil.AIR001_DFP.1.1.0
                AirM2M AIR001 Series Device Support, Drivers
   * Component: Startup Version: 0.0.1

<h2>Collection of Component include folders:</h2>
  ./RTE/_Target_1
  D:/ruanjian/keil/Pack/ARM/CMSIS/5.9.0/CMSIS/Core/Include
  D:/ruanjian/keil/Pack/Keil/AIR001_DFP/1.1.0/Device/Include

<h2>Collection of Component Files used:</h2>

   * Component: ARM::CMSIS:CORE:5.6.0

   * Component: Keil::Device:Startup:0.0.1
      Include file:  Device/Include/air001xx.h
      Source file:   Device/Source/ARM/startup_air001_dev.s
      Source file:   Device/Source/system_air001xx.c
Build Time Elapsed:  00:00:02
</pre>
</body>
</html>
